Archive member included to satisfy reference by file (symbol)

c:/progra~2/gnuarm~1/102020~1/bin/../lib/gcc/arm-none-eabi/10.2.1/thumb/v6-m/nofp\libgcc.a(_dvmd_tls.o)
                              CMakeFiles\pwmpio.dir\D_\RPI\pico-sdk\src\rp2_common\pico_divider\divider.S.obj (__aeabi_idiv0)
c:/progra~2/gnuarm~1/102020~1/bin/../lib/gcc/arm-none-eabi/10.2.1/../../../../arm-none-eabi/lib/thumb/v6-m/nofp\libg.a(lib_a-calloc.o)
                              CMakeFiles\pwmpio.dir\D_\RPI\pico-sdk\src\rp2_common\pico_malloc\pico_malloc.c.obj (calloc)
c:/progra~2/gnuarm~1/102020~1/bin/../lib/gcc/arm-none-eabi/10.2.1/../../../../arm-none-eabi/lib/thumb/v6-m/nofp\libg.a(lib_a-callocr.o)
                              c:/progra~2/gnuarm~1/102020~1/bin/../lib/gcc/arm-none-eabi/10.2.1/../../../../arm-none-eabi/lib/thumb/v6-m/nofp\libg.a(lib_a-calloc.o) (_calloc_r)
c:/progra~2/gnuarm~1/102020~1/bin/../lib/gcc/arm-none-eabi/10.2.1/../../../../arm-none-eabi/lib/thumb/v6-m/nofp\libg.a(lib_a-impure.o)
                              c:/progra~2/gnuarm~1/102020~1/bin/../lib/gcc/arm-none-eabi/10.2.1/../../../../arm-none-eabi/lib/thumb/v6-m/nofp\libg.a(lib_a-calloc.o) (_impure_ptr)
c:/progra~2/gnuarm~1/102020~1/bin/../lib/gcc/arm-none-eabi/10.2.1/../../../../arm-none-eabi/lib/thumb/v6-m/nofp\libg.a(lib_a-init.o)
                              c:/progra~2/gnuarm~1/102020~1/bin/../lib/gcc/arm-none-eabi/10.2.1/../../../../arm-none-eabi/lib/thumb/v6-m/nofp/crt0.o (__libc_init_array)
c:/progra~2/gnuarm~1/102020~1/bin/../lib/gcc/arm-none-eabi/10.2.1/../../../../arm-none-eabi/lib/thumb/v6-m/nofp\libg.a(lib_a-malloc.o)
                              CMakeFiles\pwmpio.dir\D_\RPI\pico-sdk\src\rp2_common\pico_malloc\pico_malloc.c.obj (malloc)
c:/progra~2/gnuarm~1/102020~1/bin/../lib/gcc/arm-none-eabi/10.2.1/../../../../arm-none-eabi/lib/thumb/v6-m/nofp\libg.a(lib_a-mallocr.o)
                              c:/progra~2/gnuarm~1/102020~1/bin/../lib/gcc/arm-none-eabi/10.2.1/../../../../arm-none-eabi/lib/thumb/v6-m/nofp\libg.a(lib_a-callocr.o) (_malloc_r)
c:/progra~2/gnuarm~1/102020~1/bin/../lib/gcc/arm-none-eabi/10.2.1/../../../../arm-none-eabi/lib/thumb/v6-m/nofp\libg.a(lib_a-mlock.o)
                              c:/progra~2/gnuarm~1/102020~1/bin/../lib/gcc/arm-none-eabi/10.2.1/../../../../arm-none-eabi/lib/thumb/v6-m/nofp\libg.a(lib_a-mallocr.o) (__malloc_lock)
c:/progra~2/gnuarm~1/102020~1/bin/../lib/gcc/arm-none-eabi/10.2.1/../../../../arm-none-eabi/lib/thumb/v6-m/nofp\libg.a(lib_a-sbrkr.o)
                              c:/progra~2/gnuarm~1/102020~1/bin/../lib/gcc/arm-none-eabi/10.2.1/../../../../arm-none-eabi/lib/thumb/v6-m/nofp\libg.a(lib_a-mallocr.o) (_sbrk_r)
c:/progra~2/gnuarm~1/102020~1/bin/../lib/gcc/arm-none-eabi/10.2.1/../../../../arm-none-eabi/lib/thumb/v6-m/nofp\libg.a(lib_a-strlen-stub.o)
                              CMakeFiles\pwmpio.dir\D_\RPI\pico-sdk\src\rp2_common\pico_stdio\stdio.c.obj (strlen)
c:/progra~2/gnuarm~1/102020~1/bin/../lib/gcc/arm-none-eabi/10.2.1/../../../../arm-none-eabi/lib/thumb/v6-m/nofp\libg.a(lib_a-freer.o)
                              c:/progra~2/gnuarm~1/102020~1/bin/../lib/gcc/arm-none-eabi/10.2.1/../../../../arm-none-eabi/lib/thumb/v6-m/nofp\libg.a(lib_a-malloc.o) (_free_r)
c:/progra~2/gnuarm~1/102020~1/bin/../lib/gcc/arm-none-eabi/10.2.1/../../../../arm-none-eabi/lib/thumb/v6-m/nofp\libg.a(lib_a-lock.o)
                              c:/progra~2/gnuarm~1/102020~1/bin/../lib/gcc/arm-none-eabi/10.2.1/../../../../arm-none-eabi/lib/thumb/v6-m/nofp\libg.a(lib_a-mlock.o) (__retarget_lock_acquire_recursive)
c:/progra~2/gnuarm~1/102020~1/bin/../lib/gcc/arm-none-eabi/10.2.1/../../../../arm-none-eabi/lib/thumb/v6-m/nofp\libg.a(lib_a-reent.o)
                              c:/progra~2/gnuarm~1/102020~1/bin/../lib/gcc/arm-none-eabi/10.2.1/../../../../arm-none-eabi/lib/thumb/v6-m/nofp\libg.a(lib_a-sbrkr.o) (errno)

Discarded input sections

 .text          0x00000000        0x0 c:/progra~2/gnuarm~1/102020~1/bin/../lib/gcc/arm-none-eabi/10.2.1/thumb/v6-m/nofp/crti.o
 .data          0x00000000        0x0 c:/progra~2/gnuarm~1/102020~1/bin/../lib/gcc/arm-none-eabi/10.2.1/thumb/v6-m/nofp/crti.o
 .bss           0x00000000        0x0 c:/progra~2/gnuarm~1/102020~1/bin/../lib/gcc/arm-none-eabi/10.2.1/thumb/v6-m/nofp/crti.o
 .data          0x00000000        0x4 c:/progra~2/gnuarm~1/102020~1/bin/../lib/gcc/arm-none-eabi/10.2.1/thumb/v6-m/nofp/crtbegin.o
 .rodata        0x00000000       0x24 c:/progra~2/gnuarm~1/102020~1/bin/../lib/gcc/arm-none-eabi/10.2.1/thumb/v6-m/nofp/crtbegin.o
 .fini_array    0x00000000        0x4 c:/progra~2/gnuarm~1/102020~1/bin/../lib/gcc/arm-none-eabi/10.2.1/thumb/v6-m/nofp/crtbegin.o
 .text          0x00000000       0x80 c:/progra~2/gnuarm~1/102020~1/bin/../lib/gcc/arm-none-eabi/10.2.1/../../../../arm-none-eabi/lib/thumb/v6-m/nofp/crt0.o
[...]
Memory Configuration

Name             Origin             Length             Attributes
FLASH            0x10000000         0x00200000         xr
RAM              0x20000000         0x00040000         xrw
SCRATCH_X        0x20040000         0x00001000         xrw
SCRATCH_Y        0x20041000         0x00001000         xrw
*default*        0x00000000         0xffffffff

Linker script and memory map

LOAD c:/progra~2/gnuarm~1/102020~1/bin/../lib/gcc/arm-none-eabi/10.2.1/thumb/v6-m/nofp/crti.o
LOAD c:/progra~2/gnuarm~1/102020~1/bin/../lib/gcc/arm-none-eabi/10.2.1/thumb/v6-m/nofp/crtbegin.o
LOAD c:/progra~2/gnuarm~1/102020~1/bin/../lib/gcc/arm-none-eabi/10.2.1/../../../../arm-none-eabi/lib/thumb/v6-m/nofp/crt0.o

.flash_begin    0x10000000        0x0
                0x10000000                __flash_binary_start = .

.boot2          0x10000000      0x100
                0x10000000                __boot2_start__ = .
 *(.boot2)
 .boot2         0x10000000      0x100 C:\Users\Ben\AppData\Local\Temp\cc0mpAgn.o
                0x10000100                __boot2_end__ = .
                0x00000001                ASSERT (((__boot2_end__ - __boot2_start__) == 0x100), ERROR: Pico second stage bootloader must be 256 bytes in size)

.text           0x10000100     0x4cf0
                0x10000100                __reset_start = .
 *(.reset)
 .reset         0x10000100       0xc4 CMakeFiles\pwmpio.dir\D_\RPI\pico-sdk\src\rp2_common\pico_standard_link\crt0.S.obj
                0x10000104                _entry_point
                0x10000196                __get_current_exception
 .reset         0x100001c4       0x30 CMakeFiles\pwmpio.dir\D_\RPI\pico-sdk\src\rp2_common\pico_standard_link\binary_info.c.obj
                0x10000200                . = ALIGN (0x100)
 *fill*         0x100001f4        0xc 
                0x10000200                __reset_end = .
                0x00000001                ASSERT (((__reset_end - __reset_start) == 0x100), ERROR: reset section should only be 256 bytes)
 *(.vectors)
 .vectors       0x10000200       0xd4 CMakeFiles\pwmpio.dir\D_\RPI\pico-sdk\src\rp2_common\pico_standard_link\crt0.S.obj
                0x10000200                __vectors
                0x100002c0                isr_invalid
                0x100002c2                isr_nmi
                0x100002c4                isr_hardfault
                0x100002c6                isr_svcall
                0x100002c8                isr_pendsv
                0x100002ca                isr_systick
                0x100002cc                isr_irq11
                0x100002cc                isr_irq5
                0x100002cc                isr_irq23
                0x100002cc                isr_irq18
                0x100002cc                isr_irq31
                0x100002cc                isr_irq28
                0x100002cc                isr_irq19
                0x100002cc                isr_irq0
                0x100002cc                isr_irq6
                0x100002cc                isr_irq27
                0x100002cc                isr_irq12
                0x100002cc                isr_irq22
                0x100002cc                isr_irq13
                0x100002cc                isr_irq17
                0x100002cc                isr_irq14
                0x100002cc                isr_irq2
                0x100002cc                isr_irq10
                0x100002cc                isr_irq8
                0x100002cc                isr_irq24
                0x100002cc                isr_irq1
                0x100002cc                isr_irq7
                0x100002cc                isr_irq21
                0x100002cc                isr_irq20
                0x100002cc                isr_irq15
                0x100002cc                isr_irq25
                0x100002cc                __unhandled_user_irq
                0x100002cc                isr_irq4
                0x100002cc                isr_irq16
                0x100002cc                isr_irq29
                0x100002cc                isr_irq26
                0x100002cc                isr_irq3
                0x100002cc                isr_irq30
                0x100002cc                isr_irq9
                0x100002d2                unhandled_user_irq_num_in_r0
 *(.init)
 .init          0x100002d4        0x4 c:/progra~2/gnuarm~1/102020~1/bin/../lib/gcc/arm-none-eabi/10.2.1/thumb/v6-m/nofp/crti.o
                0x100002d4                _init
 *(EXCLUDE_FILE(*libm.a: *libc.a:*lib_a-mem*.o *libgcc.a:) .text*)
 .text          0x100002d8       0x48 c:/progra~2/gnuarm~1/102020~1/bin/../lib/gcc/arm-none-eabi/10.2.1/thumb/v6-m/nofp/crtbegin.o
 .text.main     0x10000320      0x140 CMakeFiles\pwmpio.dir\pwmpio.c.obj
                0x10000320                main
 .text.gpio_set_function
                0x10000460       0x30 CMakeFiles\pwmpio.dir\D_\RPI\pico-sdk\src\rp2_common\hardware_gpio\gpio.c.obj
                0x10000460                gpio_set_function
 .text.hw_claim_lock
                0x10000490       0x18 CMakeFiles\pwmpio.dir\D_\RPI\pico-sdk\src\rp2_common\hardware_claim\claim.c.obj
                0x10000490                hw_claim_lock
 .text.hw_claim_unlock
                0x100004a8       0x14 CMakeFiles\pwmpio.dir\D_\RPI\pico-sdk\src\rp2_common\hardware_claim\claim.c.obj
                0x100004a8                hw_claim_unlock
 .text.hw_claim_or_assert
                0x100004bc       0x34 CMakeFiles\pwmpio.dir\D_\RPI\pico-sdk\src\rp2_common\hardware_claim\claim.c.obj
                0x100004bc                hw_claim_or_assert
 .text.hw_claim_unused_from_range
                0x100004f0       0x56 CMakeFiles\pwmpio.dir\D_\RPI\pico-sdk\src\rp2_common\hardware_claim\claim.c.obj
                0x100004f0                hw_claim_unused_from_range
 *fill*         0x10000546        0x2 
 .text.spin_locks_reset
                0x10000548       0x20 CMakeFiles\pwmpio.dir\D_\RPI\pico-sdk\src\rp2_common\hardware_sync\sync.c.obj
                0x10000548                spin_locks_reset
 .text.next_striped_spin_lock_num
                0x10000568       0x1c CMakeFiles\pwmpio.dir\D_\RPI\pico-sdk\src\rp2_common\hardware_sync\sync.c.obj
                0x10000568                next_striped_spin_lock_num
 .text.running_on_fpga
                0x10000584       0x14 CMakeFiles\pwmpio.dir\D_\RPI\pico-sdk\src\rp2_common\pico_platform\platform.c.obj
                0x10000584                running_on_fpga
 .text.sev_callback
                0x10000598        0x8 CMakeFiles\pwmpio.dir\D_\RPI\pico-sdk\src\common\pico_time\time.c.obj
 .text.timer_pool_entry_comparator
                0x100005a0       0x7c CMakeFiles\pwmpio.dir\D_\RPI\pico-sdk\src\common\pico_time\time.c.obj
                0x100005a0                timer_pool_entry_comparator
 .text.ph_add_child_node
                0x1000061c       0xa4 CMakeFiles\pwmpio.dir\D_\RPI\pico-sdk\src\common\pico_time\time.c.obj
 .text.ph_merge_nodes
                0x100006c0       0x3e CMakeFiles\pwmpio.dir\D_\RPI\pico-sdk\src\common\pico_time\time.c.obj
 *fill*         0x100006fe        0x2 
 .text.add_alarm_under_lock
                0x10000700      0x184 CMakeFiles\pwmpio.dir\D_\RPI\pico-sdk\src\common\pico_time\time.c.obj
 .text.alarm_pool_alarm_callback
                0x10000884      0x2f4 CMakeFiles\pwmpio.dir\D_\RPI\pico-sdk\src\common\pico_time\time.c.obj
 .text.alarm_pool_get_default
                0x10000b78       0x28 CMakeFiles\pwmpio.dir\D_\RPI\pico-sdk\src\common\pico_time\time.c.obj
                0x10000b78                alarm_pool_get_default
 .text.alarm_pool_create
                0x10000ba0       0x6c CMakeFiles\pwmpio.dir\D_\RPI\pico-sdk\src\common\pico_time\time.c.obj
                0x10000ba0                alarm_pool_create
 .text.alarm_pool_init_default
                0x10000c0c       0x20 CMakeFiles\pwmpio.dir\D_\RPI\pico-sdk\src\common\pico_time\time.c.obj
                0x10000c0c                alarm_pool_init_default
 .text.alarm_pool_add_alarm_at
                0x10000c2c      0x128 CMakeFiles\pwmpio.dir\D_\RPI\pico-sdk\src\common\pico_time\time.c.obj
                0x10000c2c                alarm_pool_add_alarm_at
 .text.sleep_until
                0x10000d54       0x94 CMakeFiles\pwmpio.dir\D_\RPI\pico-sdk\src\common\pico_time\time.c.obj
                0x10000d54                sleep_until
 .text.sleep_us
                0x10000de8       0x2c CMakeFiles\pwmpio.dir\D_\RPI\pico-sdk\src\common\pico_time\time.c.obj
                0x10000de8                sleep_us
 .text.sleep_ms
                0x10000e14       0x14 CMakeFiles\pwmpio.dir\D_\RPI\pico-sdk\src\common\pico_time\time.c.obj
                0x10000e14                sleep_ms
 .text.hardware_alarm_irq_handler
                0x10000e28       0x8c CMakeFiles\pwmpio.dir\D_\RPI\pico-sdk\src\rp2_common\hardware_timer\timer.c.obj
 .text.hardware_alarm_claim
                0x10000eb4       0x18 CMakeFiles\pwmpio.dir\D_\RPI\pico-sdk\src\rp2_common\hardware_timer\timer.c.obj
                0x10000eb4                hardware_alarm_claim
 .text.time_us_64
                0x10000ecc       0x18 CMakeFiles\pwmpio.dir\D_\RPI\pico-sdk\src\rp2_common\hardware_timer\timer.c.obj
                0x10000ecc                time_us_64
 .text.busy_wait_until
                0x10000ee4       0x28 CMakeFiles\pwmpio.dir\D_\RPI\pico-sdk\src\rp2_common\hardware_timer\timer.c.obj
                0x10000ee4                busy_wait_until
 .text.hardware_alarm_set_callback
                0x10000f0c       0x90 CMakeFiles\pwmpio.dir\D_\RPI\pico-sdk\src\rp2_common\hardware_timer\timer.c.obj
                0x10000f0c                hardware_alarm_set_callback
 .text.hardware_alarm_set_target
                0x10000f9c       0xd0 CMakeFiles\pwmpio.dir\D_\RPI\pico-sdk\src\rp2_common\hardware_timer\timer.c.obj
                0x10000f9c                hardware_alarm_set_target
 .text.hardware_alarm_cancel
                0x1000106c       0x40 CMakeFiles\pwmpio.dir\D_\RPI\pico-sdk\src\rp2_common\hardware_timer\timer.c.obj
                0x1000106c                hardware_alarm_cancel
 .text.lock_init
                0x100010ac       0x30 CMakeFiles\pwmpio.dir\D_\RPI\pico-sdk\src\common\pico_sync\lock_core.c.obj
                0x100010ac                lock_init
 .text.mutex_init
                0x100010dc       0x16 CMakeFiles\pwmpio.dir\D_\RPI\pico-sdk\src\common\pico_sync\mutex.c.obj
                0x100010dc                mutex_init
 *fill*         0x100010f2        0x2 
 .text.ph_add_child_node
                0x100010f4       0xa4 CMakeFiles\pwmpio.dir\D_\RPI\pico-sdk\src\common\pico_util\pheap.c.obj
 .text.ph_merge_nodes
                0x10001198       0x3e CMakeFiles\pwmpio.dir\D_\RPI\pico-sdk\src\common\pico_util\pheap.c.obj
 *fill*         0x100011d6        0x2 
 .text.ph_clear
                0x100011d8       0x74 CMakeFiles\pwmpio.dir\D_\RPI\pico-sdk\src\common\pico_util\pheap.c.obj
                0x100011d8                ph_clear
 .text.ph_create
                0x1000124c       0x2c CMakeFiles\pwmpio.dir\D_\RPI\pico-sdk\src\common\pico_util\pheap.c.obj
                0x1000124c                ph_create
 .text.ph_merge_two_pass
                0x10001278       0xa8 CMakeFiles\pwmpio.dir\D_\RPI\pico-sdk\src\common\pico_util\pheap.c.obj
                0x10001278                ph_merge_two_pass
 .text.ph_remove_any_head
                0x10001320      0x108 CMakeFiles\pwmpio.dir\D_\RPI\pico-sdk\src\common\pico_util\pheap.c.obj
 .text.ph_remove_head_reserve
                0x10001428       0x14 CMakeFiles\pwmpio.dir\D_\RPI\pico-sdk\src\common\pico_util\pheap.c.obj
                0x10001428                ph_remove_head_reserve
 .text.ph_delete
                0x1000143c       0xf8 CMakeFiles\pwmpio.dir\D_\RPI\pico-sdk\src\common\pico_util\pheap.c.obj
                0x1000143c                ph_delete
 .text.runtime_init
                0x10001534       0xcc CMakeFiles\pwmpio.dir\D_\RPI\pico-sdk\src\rp2_common\pico_runtime\runtime.c.obj
                0x10001534                runtime_init
 .text._exit    0x10001600        0x4 CMakeFiles\pwmpio.dir\D_\RPI\pico-sdk\src\rp2_common\pico_runtime\runtime.c.obj
                0x10001600                _exit
 .text._sbrk    0x10001604       0x38 CMakeFiles\pwmpio.dir\D_\RPI\pico-sdk\src\rp2_common\pico_runtime\runtime.c.obj
                0x10001604                _sbrk
 .text.exit     0x1000163c        0x6 CMakeFiles\pwmpio.dir\D_\RPI\pico-sdk\src\rp2_common\pico_runtime\runtime.c.obj
                0x1000163c                exit
 *fill*         0x10001642        0x2 
 .text.__assert_func
                0x10001644       0x3c CMakeFiles\pwmpio.dir\D_\RPI\pico-sdk\src\rp2_common\pico_runtime\runtime.c.obj
                0x10001644                __assert_func
 .text.panic    0x10001680       0x30 CMakeFiles\pwmpio.dir\D_\RPI\pico-sdk\src\rp2_common\pico_runtime\runtime.c.obj
                0x10001680                panic
 .text.clock_configure
                0x100016b0       0xe8 CMakeFiles\pwmpio.dir\D_\RPI\pico-sdk\src\rp2_common\hardware_clocks\clocks.c.obj
                0x100016b0                clock_configure
 .text.clocks_init
                0x10001798      0x124 CMakeFiles\pwmpio.dir\D_\RPI\pico-sdk\src\rp2_common\hardware_clocks\clocks.c.obj
                0x10001798                clocks_init
 .text.watchdog_start_tick
                0x100018bc       0x10 CMakeFiles\pwmpio.dir\D_\RPI\pico-sdk\src\rp2_common\hardware_watchdog\watchdog.c.obj
                0x100018bc                watchdog_start_tick
 .text.xosc_init
                0x100018cc       0x28 CMakeFiles\pwmpio.dir\D_\RPI\pico-sdk\src\rp2_common\hardware_xosc\xosc.c.obj
                0x100018cc                xosc_init
 .text.pll_init
                0x100018f4       0xd4 CMakeFiles\pwmpio.dir\D_\RPI\pico-sdk\src\rp2_common\hardware_pll\pll.c.obj
                0x100018f4                pll_init
 .text.set_raw_irq_handler_and_unlock
                0x100019c8       0x28 CMakeFiles\pwmpio.dir\D_\RPI\pico-sdk\src\rp2_common\hardware_irq\irq.c.obj
 .text.make_branch
                0x100019f0       0x34 CMakeFiles\pwmpio.dir\D_\RPI\pico-sdk\src\rp2_common\hardware_irq\irq.c.obj
 .text.insert_branch_and_link
                0x10001a24       0x40 CMakeFiles\pwmpio.dir\D_\RPI\pico-sdk\src\rp2_common\hardware_irq\irq.c.obj
 .text.irq_is_enabled
                0x10001a64       0x18 CMakeFiles\pwmpio.dir\D_\RPI\pico-sdk\src\rp2_common\hardware_irq\irq.c.obj
                0x10001a64                irq_is_enabled
 .text.irq_set_mask_enabled
                0x10001a7c       0x20 CMakeFiles\pwmpio.dir\D_\RPI\pico-sdk\src\rp2_common\hardware_irq\irq.c.obj
                0x10001a7c                irq_set_mask_enabled
 .text.irq_set_enabled
                0x10001a9c        0xe CMakeFiles\pwmpio.dir\D_\RPI\pico-sdk\src\rp2_common\hardware_irq\irq.c.obj
                0x10001a9c                irq_set_enabled
 *fill*         0x10001aaa        0x2 
 .text.irq_get_vtable_handler
                0x10001aac       0x10 CMakeFiles\pwmpio.dir\D_\RPI\pico-sdk\src\rp2_common\hardware_irq\irq.c.obj
                0x10001aac                irq_get_vtable_handler
 .text.irq_set_exclusive_handler
                0x10001abc       0x54 CMakeFiles\pwmpio.dir\D_\RPI\pico-sdk\src\rp2_common\hardware_irq\irq.c.obj
                0x10001abc                irq_set_exclusive_handler
 .text.irq_remove_handler
                0x10001b10      0x1b4 CMakeFiles\pwmpio.dir\D_\RPI\pico-sdk\src\rp2_common\hardware_irq\irq.c.obj
                0x10001b10                irq_remove_handler
 .text.irq_set_priority
                0x10001cc4       0x28 CMakeFiles\pwmpio.dir\D_\RPI\pico-sdk\src\rp2_common\hardware_irq\irq.c.obj
                0x10001cc4                irq_set_priority
 .text.irq_add_tail_to_free_list
                0x10001cec       0xf8 CMakeFiles\pwmpio.dir\D_\RPI\pico-sdk\src\rp2_common\hardware_irq\irq.c.obj
                0x10001cec                irq_add_tail_to_free_list
 .text.irq_init_priorities
                0x10001de4       0x16 CMakeFiles\pwmpio.dir\D_\RPI\pico-sdk\src\rp2_common\hardware_irq\irq.c.obj
                0x10001de4                irq_init_priorities
 .text._out_null
                0x10001dfa        0x2 CMakeFiles\pwmpio.dir\D_\RPI\pico-sdk\src\rp2_common\pico_printf\printf.c.obj
 .text._out_fct
                0x10001dfc        0xe CMakeFiles\pwmpio.dir\D_\RPI\pico-sdk\src\rp2_common\pico_printf\printf.c.obj
 .text._atoi    0x10001e0a       0x24 CMakeFiles\pwmpio.dir\D_\RPI\pico-sdk\src\rp2_common\pico_printf\printf.c.obj
 .text._out_rev
                0x10001e2e       0xae CMakeFiles\pwmpio.dir\D_\RPI\pico-sdk\src\rp2_common\pico_printf\printf.c.obj
 .text._ntoa_format
                0x10001edc      0x112 CMakeFiles\pwmpio.dir\D_\RPI\pico-sdk\src\rp2_common\pico_printf\printf.c.obj
 .text._ntoa_long
                0x10001fee       0xbc CMakeFiles\pwmpio.dir\D_\RPI\pico-sdk\src\rp2_common\pico_printf\printf.c.obj
 .text._ntoa_long_long
                0x100020aa       0xe2 CMakeFiles\pwmpio.dir\D_\RPI\pico-sdk\src\rp2_common\pico_printf\printf.c.obj
 .text._etoa    0x1000218c      0x404 CMakeFiles\pwmpio.dir\D_\RPI\pico-sdk\src\rp2_common\pico_printf\printf.c.obj
 .text._ftoa    0x10002590      0x354 CMakeFiles\pwmpio.dir\D_\RPI\pico-sdk\src\rp2_common\pico_printf\printf.c.obj
 .text._vsnprintf
                0x100028e4      0x624 CMakeFiles\pwmpio.dir\D_\RPI\pico-sdk\src\rp2_common\pico_printf\printf.c.obj
 .text.vfctprintf
                0x10002f08       0x20 CMakeFiles\pwmpio.dir\D_\RPI\pico-sdk\src\rp2_common\pico_printf\printf.c.obj
                0x10002f08                vfctprintf
 .text          0x10002f28       0x10 CMakeFiles\pwmpio.dir\D_\RPI\pico-sdk\src\rp2_common\pico_bit_ops\bit_ops_aeabi.S.obj
 .text.rom_func_lookup
                0x10002f38       0x10 CMakeFiles\pwmpio.dir\D_\RPI\pico-sdk\src\rp2_common\pico_bootrom\bootrom.c.obj
                0x10002f38                rom_func_lookup
 .text.rom_data_lookup
                0x10002f48       0x10 CMakeFiles\pwmpio.dir\D_\RPI\pico-sdk\src\rp2_common\pico_bootrom\bootrom.c.obj
                0x10002f48                rom_data_lookup
 .text.rom_funcs_lookup
                0x10002f58       0x36 CMakeFiles\pwmpio.dir\D_\RPI\pico-sdk\src\rp2_common\pico_bootrom\bootrom.c.obj
                0x10002f58                rom_funcs_lookup
 *fill*         0x10002f8e        0x2 
 .text.__wrap___aeabi_idiv
                0x10002f90       0x58 CMakeFiles\pwmpio.dir\D_\RPI\pico-sdk\src\rp2_common\pico_divider\divider.S.obj
                0x10002f90                __wrap___aeabi_idivmod
                0x10002f90                divmod_s32s32
                0x10002f90                div_s32s32
                0x10002f90                __wrap___aeabi_idiv
                0x10002f98                divmod_s32s32_unsafe
                0x10002fc4                divmod_s32s32_savestate
 .text.__wrap___aeabi_uidiv
                0x10002fe8       0x54 CMakeFiles\pwmpio.dir\D_\RPI\pico-sdk\src\rp2_common\pico_divider\divider.S.obj
                0x10002fe8                __wrap___aeabi_uidiv
                0x10002fe8                __wrap___aeabi_uidivmod
                0x10002fe8                div_u32u32
                0x10002fe8                divmod_u32u32
                0x10002ff0                divmod_u32u32_unsafe
                0x10003018                divmod_u32u32_savestate
 .text.__wrap___aeabi_ldiv
                0x1000303c      0x430 CMakeFiles\pwmpio.dir\D_\RPI\pico-sdk\src\rp2_common\pico_divider\divider.S.obj
                0x1000303c                div_s64s64
                0x1000303c                divmod_s64s64
                0x1000303c                __wrap___aeabi_ldivmod
                0x10003074                divmod_u64u64
                0x10003074                div_u64u64
                0x10003074                __wrap___aeabi_uldivmod
                0x10003084                divmod_u64u64_savestate
                0x100030ac                divmod_s64s64_unsafe
                0x10003134                divmod_u64u64_unsafe
 .text.__wrap___aeabi_darithmetic
                0x1000346c       0x54 CMakeFiles\pwmpio.dir\D_\RPI\pico-sdk\src\rp2_common\pico_double\double_aeabi.S.obj
                0x1000346c                __wrap___aeabi_drsub
                0x10003472                __wrap___aeabi_dsub
                0x10003484                __wrap___aeabi_dadd
                0x10003496                __wrap___aeabi_ddiv
                0x100034a8                __wrap___aeabi_dmul
 .text.__wrap___aeabi_cdcmple
                0x100034c0       0x6c CMakeFiles\pwmpio.dir\D_\RPI\pico-sdk\src\rp2_common\pico_double\double_aeabi.S.obj
                0x100034c0                __wrap___aeabi_cdrcmple
                0x100034d0                __wrap___aeabi_cdcmpeq
                0x100034d0                __wrap___aeabi_cdcmple
 .text.__wrap___aeabi_dcmplt
                0x1000352c        0xc CMakeFiles\pwmpio.dir\D_\RPI\pico-sdk\src\rp2_common\pico_double\double_aeabi.S.obj
                0x1000352c                __wrap___aeabi_dcmplt
 .text.__wrap___aeabi_dcmple
                0x10003538       0x10 CMakeFiles\pwmpio.dir\D_\RPI\pico-sdk\src\rp2_common\pico_double\double_aeabi.S.obj
                0x10003538                __wrap___aeabi_dcmple
 .text.__wrap___aeabi_dcmpge
                0x10003548       0x10 CMakeFiles\pwmpio.dir\D_\RPI\pico-sdk\src\rp2_common\pico_double\double_aeabi.S.obj
                0x10003548                __wrap___aeabi_dcmpge
 .text.__wrap___aeabi_dcmpgt
                0x10003558        0xa CMakeFiles\pwmpio.dir\D_\RPI\pico-sdk\src\rp2_common\pico_double\double_aeabi.S.obj
                0x10003558                __wrap___aeabi_dcmpgt
 .text.__wrap___aeabi_dcmpun
                0x10003562       0x1c CMakeFiles\pwmpio.dir\D_\RPI\pico-sdk\src\rp2_common\pico_double\double_aeabi.S.obj
                0x10003562                __wrap___aeabi_dcmpun
 *fill*         0x1000357e        0x2 
 .text.__wrap___aeabi_i2d
                0x10003580       0x38 CMakeFiles\pwmpio.dir\D_\RPI\pico-sdk\src\rp2_common\pico_double\double_aeabi.S.obj
                0x10003580                __wrap___aeabi_ui2d
                0x10003588                __wrap___aeabi_i2d
 .text.__wrap___aeabi_d2iz
                0x100035b8       0x48 CMakeFiles\pwmpio.dir\D_\RPI\pico-sdk\src\rp2_common\pico_double\double_aeabi.S.obj
                0x100035b8                double2int_z
                0x100035b8                __wrap___aeabi_d2iz
 .text.__wrap___aeabi_d2uiz
                0x10003600       0x18 CMakeFiles\pwmpio.dir\D_\RPI\pico-sdk\src\rp2_common\pico_double\double_aeabi.S.obj
                0x10003600                __wrap___aeabi_d2uiz
                0x10003600                double2uint
 .text.__aeabi_double_init
                0x10003618       0xb8 CMakeFiles\pwmpio.dir\D_\RPI\pico-sdk\src\rp2_common\pico_double\double_init_rom.c.obj
                0x10003618                __aeabi_double_init
 .text.double_table_shim_on_use_helper
                0x100036d0       0x34 CMakeFiles\pwmpio.dir\D_\RPI\pico-sdk\src\rp2_common\pico_double\double_v1_rom_shim.S.obj
                0x100036d0                double_table_shim_on_use_helper
 .text.__wrap___aeabi_dsub
                0x10003704       0x10 CMakeFiles\pwmpio.dir\D_\RPI\pico-sdk\src\rp2_common\pico_double\double_v1_rom_shim.S.obj
                0x10003704                drsub_shim
                0x1000370a                dsub_shim
 .text.dadd_shim
                0x10003714      0x15c CMakeFiles\pwmpio.dir\D_\RPI\pico-sdk\src\rp2_common\pico_double\double_v1_rom_shim.S.obj
                0x10003714                dadd_shim
 .text.dmul_shim
                0x10003870      0x15c CMakeFiles\pwmpio.dir\D_\RPI\pico-sdk\src\rp2_common\pico_double\double_v1_rom_shim.S.obj
                0x10003870                dmul_shim
 .text.ddiv_shim
                0x100039cc      0x1b0 CMakeFiles\pwmpio.dir\D_\RPI\pico-sdk\src\rp2_common\pico_double\double_v1_rom_shim.S.obj
                0x100039cc                ddiv_shim
 .text.dcordic_rot_step
                0x10003b7c       0x7c CMakeFiles\pwmpio.dir\D_\RPI\pico-sdk\src\rp2_common\pico_double\double_v1_rom_shim.S.obj
                0x10003b7c                dcordic_rot_step
 .text.double2uint_shim
                0x10003bf8        0xe CMakeFiles\pwmpio.dir\D_\RPI\pico-sdk\src\rp2_common\pico_double\double_v1_rom_shim.S.obj
                0x10003bf8                double2uint_shim
                0x10003bfa                double2ufix_shim
 *fill*         0x10003c06        0x2 
 .text.double2uint64_shim
                0x10003c08       0x6c CMakeFiles\pwmpio.dir\D_\RPI\pico-sdk\src\rp2_common\pico_double\double_v1_rom_shim.S.obj
                0x10003c08                double2uint64_shim
                0x10003c0a                double2ufix64_shim
                0x10003c24                d2fix_a
 .text.dunpacks
                0x10003c74       0x3c CMakeFiles\pwmpio.dir\D_\RPI\pico-sdk\src\rp2_common\pico_double\double_v1_rom_shim.S.obj
                0x10003c74                dunpacks
 .text.__aeabi_lmul
                0x10003cb0       0x32 CMakeFiles\pwmpio.dir\D_\RPI\pico-sdk\src\rp2_common\pico_int64_ops\pico_int64_ops_aeabi.S.obj
                0x10003cb0                __wrap___aeabi_lmul
 *fill*         0x10003ce2        0x2 
 .text.__aeabi_float_init
                0x10003ce4       0xfc CMakeFiles\pwmpio.dir\D_\RPI\pico-sdk\src\rp2_common\pico_float\float_init_rom.c.obj
                0x10003ce4                __aeabi_float_init
 .text.float_table_shim_on_use_helper
                0x10003de0       0x34 CMakeFiles\pwmpio.dir\D_\RPI\pico-sdk\src\rp2_common\pico_float\float_v1_rom_shim.S.obj
                0x10003de0                float_table_shim_on_use_helper
 .text.__wrap_malloc
                0x10003e14        0x8 CMakeFiles\pwmpio.dir\D_\RPI\pico-sdk\src\rp2_common\pico_malloc\pico_malloc.c.obj
                0x10003e14                __wrap_malloc
 .text.__wrap_calloc
                0x10003e1c        0x8 CMakeFiles\pwmpio.dir\D_\RPI\pico-sdk\src\rp2_common\pico_malloc\pico_malloc.c.obj
                0x10003e1c                __wrap_calloc
 .text          0x10003e24       0x10 CMakeFiles\pwmpio.dir\D_\RPI\pico-sdk\src\rp2_common\pico_mem_ops\mem_ops_aeabi.S.obj
                0x10003e24                __aeabi_mem_init
 .text.memset   0x10003e34        0xc CMakeFiles\pwmpio.dir\D_\RPI\pico-sdk\src\rp2_common\pico_mem_ops\mem_ops_aeabi.S.obj
                0x10003e34                __wrap_memset
 .text.memcpy   0x10003e40        0xc CMakeFiles\pwmpio.dir\D_\RPI\pico-sdk\src\rp2_common\pico_mem_ops\mem_ops_aeabi.S.obj
                0x10003e40                __wrap_memcpy
                0x10003e40                __wrap___aeabi_memcpy
 .text.stdio_out_chars_crlf
                0x10003e4c       0x80 CMakeFiles\pwmpio.dir\D_\RPI\pico-sdk\src\rp2_common\pico_stdio\stdio.c.obj
 .text.stdio_stack_buffer_flush
                0x10003ecc       0x44 CMakeFiles\pwmpio.dir\D_\RPI\pico-sdk\src\rp2_common\pico_stdio\stdio.c.obj
 .text.stdio_buffered_printer
                0x10003f10       0x20 CMakeFiles\pwmpio.dir\D_\RPI\pico-sdk\src\rp2_common\pico_stdio\stdio.c.obj
 .text.stdout_serialize_begin
                0x10003f30       0x2c CMakeFiles\pwmpio.dir\D_\RPI\pico-sdk\src\rp2_common\pico_stdio\stdio.c.obj
                0x10003f30                stdout_serialize_begin
 .text.stdout_serialize_end
                0x10003f5c       0x10 CMakeFiles\pwmpio.dir\D_\RPI\pico-sdk\src\rp2_common\pico_stdio\stdio.c.obj
                0x10003f5c                stdout_serialize_end
 .text.stdio_put_string
                0x10003f6c       0x84 CMakeFiles\pwmpio.dir\D_\RPI\pico-sdk\src\rp2_common\pico_stdio\stdio.c.obj
 .text.stdio_flush
                0x10003ff0       0x20 CMakeFiles\pwmpio.dir\D_\RPI\pico-sdk\src\rp2_common\pico_stdio\stdio.c.obj
                0x10003ff0                stdio_flush
 .text.__wrap_puts
                0x10004010       0x1c CMakeFiles\pwmpio.dir\D_\RPI\pico-sdk\src\rp2_common\pico_stdio\stdio.c.obj
                0x10004010                __wrap_puts
 .text.__wrap_vprintf
                0x1000402c       0x44 CMakeFiles\pwmpio.dir\D_\RPI\pico-sdk\src\rp2_common\pico_stdio\stdio.c.obj
                0x1000402c                __wrap_vprintf
 .text.__wrap_printf
                0x10004070       0x18 CMakeFiles\pwmpio.dir\D_\RPI\pico-sdk\src\rp2_common\pico_stdio\stdio.c.obj
                0x10004070                __wrap_printf
 .text._pio_can_add_program_at_offset
                0x10004088       0xa0 CMakeFiles\pwmpio.dir\D_\RPI\pico-sdk\src\rp2_common\hardware_pio\pio.c.obj
 .text._pio_find_offset_for_program
                0x10004128       0xac CMakeFiles\pwmpio.dir\D_\RPI\pico-sdk\src\rp2_common\hardware_pio\pio.c.obj
 .text._pio_add_program_at_offset
                0x100041d4       0xa4 CMakeFiles\pwmpio.dir\D_\RPI\pico-sdk\src\rp2_common\hardware_pio\pio.c.obj
 .text.pio_claim_unused_sm
                0x10004278       0x68 CMakeFiles\pwmpio.dir\D_\RPI\pico-sdk\src\rp2_common\hardware_pio\pio.c.obj
                0x10004278                pio_claim_unused_sm
 .text.pio_add_program
                0x100042e0       0x38 CMakeFiles\pwmpio.dir\D_\RPI\pico-sdk\src\rp2_common\hardware_pio\pio.c.obj
                0x100042e0                pio_add_program
 .text.pio_sm_set_consecutive_pindirs
                0x10004318       0x8c CMakeFiles\pwmpio.dir\D_\RPI\pico-sdk\src\rp2_common\hardware_pio\pio.c.obj
                0x10004318                pio_sm_set_consecutive_pindirs
 .text.pio_sm_init
                0x100043a4       0xe4 CMakeFiles\pwmpio.dir\D_\RPI\pico-sdk\src\rp2_common\hardware_pio\pio.c.obj
                0x100043a4                pio_sm_init
 .text.calloc   0x10004488       0x18 c:/progra~2/gnuarm~1/102020~1/bin/../lib/gcc/arm-none-eabi/10.2.1/../../../../arm-none-eabi/lib/thumb/v6-m/nofp\libg.a(lib_a-calloc.o)
                0x10004488                calloc
 .text._calloc_r
                0x100044a0       0x5c c:/progra~2/gnuarm~1/102020~1/bin/../lib/gcc/arm-none-eabi/10.2.1/../../../../arm-none-eabi/lib/thumb/v6-m/nofp\libg.a(lib_a-callocr.o)
                0x100044a0                _calloc_r
 .text.malloc   0x100044fc       0x14 c:/progra~2/gnuarm~1/102020~1/bin/../lib/gcc/arm-none-eabi/10.2.1/../../../../arm-none-eabi/lib/thumb/v6-m/nofp\libg.a(lib_a-malloc.o)
                0x100044fc                malloc
 .text._malloc_r
                0x10004510      0x580 c:/progra~2/gnuarm~1/102020~1/bin/../lib/gcc/arm-none-eabi/10.2.1/../../../../arm-none-eabi/lib/thumb/v6-m/nofp\libg.a(lib_a-mallocr.o)
                0x10004510                _malloc_r
 .text.__malloc_lock
                0x10004a90       0x10 c:/progra~2/gnuarm~1/102020~1/bin/../lib/gcc/arm-none-eabi/10.2.1/../../../../arm-none-eabi/lib/thumb/v6-m/nofp\libg.a(lib_a-mlock.o)
                0x10004a90                __malloc_lock
 .text.__malloc_unlock
                0x10004aa0       0x10 c:/progra~2/gnuarm~1/102020~1/bin/../lib/gcc/arm-none-eabi/10.2.1/../../../../arm-none-eabi/lib/thumb/v6-m/nofp\libg.a(lib_a-mlock.o)
                0x10004aa0                __malloc_unlock
 .text._sbrk_r  0x10004ab0       0x24 c:/progra~2/gnuarm~1/102020~1/bin/../lib/gcc/arm-none-eabi/10.2.1/../../../../arm-none-eabi/lib/thumb/v6-m/nofp\libg.a(lib_a-sbrkr.o)
                0x10004ab0                _sbrk_r
 .text.strlen   0x10004ad4       0x5c c:/progra~2/gnuarm~1/102020~1/bin/../lib/gcc/arm-none-eabi/10.2.1/../../../../arm-none-eabi/lib/thumb/v6-m/nofp\libg.a(lib_a-strlen-stub.o)
                0x10004ad4                strlen
 .text._malloc_trim_r
                0x10004b30       0x9c c:/progra~2/gnuarm~1/102020~1/bin/../lib/gcc/arm-none-eabi/10.2.1/../../../../arm-none-eabi/lib/thumb/v6-m/nofp\libg.a(lib_a-freer.o)
                0x10004b30                _malloc_trim_r
 .text._free_r  0x10004bcc      0x1c4 c:/progra~2/gnuarm~1/102020~1/bin/../lib/gcc/arm-none-eabi/10.2.1/../../../../arm-none-eabi/lib/thumb/v6-m/nofp\libg.a(lib_a-freer.o)
                0x10004bcc                _free_r
 .text.__retarget_lock_acquire_recursive
                0x10004d90        0x4 c:/progra~2/gnuarm~1/102020~1/bin/../lib/gcc/arm-none-eabi/10.2.1/../../../../arm-none-eabi/lib/thumb/v6-m/nofp\libg.a(lib_a-lock.o)
                0x10004d90                __retarget_lock_acquire_recursive
 .text.__retarget_lock_release_recursive
                0x10004d94        0x4 c:/progra~2/gnuarm~1/102020~1/bin/../lib/gcc/arm-none-eabi/10.2.1/../../../../arm-none-eabi/lib/thumb/v6-m/nofp\libg.a(lib_a-lock.o)
                0x10004d94                __retarget_lock_release_recursive
 *(.fini)
 .fini          0x10004d98        0x4 c:/progra~2/gnuarm~1/102020~1/bin/../lib/gcc/arm-none-eabi/10.2.1/thumb/v6-m/nofp/crti.o
                0x10004d98                _fini
 *fill*         0x10004d9c        0x4 
 .fini.__stub   0x10004da0       0x50 linker stubs
 *crtbegin.o(.ctors)
 *crtbegin?.o(.ctors)
 *(EXCLUDE_FILE(*crtend.o *crtend?.o) .ctors)
 *(SORT_BY_NAME(.ctors.*))
 *(.ctors)
 *crtbegin.o(.dtors)
 *crtbegin?.o(.dtors)
 *(EXCLUDE_FILE(*crtend.o *crtend?.o) .dtors)
 *(SORT_BY_NAME(.dtors.*))
 *(.dtors)
 *(.eh_frame*)
 .eh_frame      0x10004df0        0x0 c:/progra~2/gnuarm~1/102020~1/bin/../lib/gcc/arm-none-eabi/10.2.1/thumb/v6-m/nofp/crtbegin.o
                0x10004df0                . = ALIGN (0x4)

.glue_7         0x10004df0        0x0
 .glue_7        0x10004df0        0x0 linker stubs

.glue_7t        0x10004df0        0x0
 .glue_7t       0x10004df0        0x0 linker stubs

.vfp11_veneer   0x10004df0        0x0
 .vfp11_veneer  0x10004df0        0x0 linker stubs

.v4_bx          0x10004df0        0x0
 .v4_bx         0x10004df0        0x0 linker stubs

.iplt           0x10004df0        0x0
 .iplt          0x10004df0        0x0 c:/progra~2/gnuarm~1/102020~1/bin/../lib/gcc/arm-none-eabi/10.2.1/thumb/v6-m/nofp/crtbegin.o

.rodata         0x10004df0      0xe78
 *(EXCLUDE_FILE(*libm.a: *libc.a:*lib_a-mem*.o *libgcc.a:) .rodata*)
 .rodata.main.str1.4
                0x10004df0       0x88 CMakeFiles\pwmpio.dir\pwmpio.c.obj
 .rodata.__func__.3
                0x10004e78       0x13 CMakeFiles\pwmpio.dir\pwmpio.c.obj
 *fill*         0x10004e8b        0x1 
 .rodata.pwmpio_program
                0x10004e8c        0x6 CMakeFiles\pwmpio.dir\pwmpio.c.obj
 *fill*         0x10004e92        0x2 
 .rodata.pwmpio_program_instructions
                0x10004e94        0x8 CMakeFiles\pwmpio.dir\pwmpio.c.obj
 .rodata.alarm_pool_dump_key.str1.4
                0x10004e9c       0x5f CMakeFiles\pwmpio.dir\D_\RPI\pico-sdk\src\common\pico_time\time.c.obj
 *fill*         0x10004efb        0x1 
 .rodata.ph_add_child_node.str1.4
                0x10004efc       0x8a CMakeFiles\pwmpio.dir\D_\RPI\pico-sdk\src\common\pico_time\time.c.obj
 *fill*         0x10004f86        0x2 
 .rodata.add_alarm_under_lock.str1.4
                0x10004f88       0x27 CMakeFiles\pwmpio.dir\D_\RPI\pico-sdk\src\common\pico_time\time.c.obj
 *fill*         0x10004faf        0x1 
 .rodata.alarm_pool_alarm_callback.str1.4
                0x10004fb0       0x7d CMakeFiles\pwmpio.dir\D_\RPI\pico-sdk\src\common\pico_time\time.c.obj
 *fill*         0x1000502d        0x3 
 .rodata.alarm_pool_get_default.str1.4
                0x10005030       0x13 CMakeFiles\pwmpio.dir\D_\RPI\pico-sdk\src\common\pico_time\time.c.obj
 *fill*         0x10005043        0x1 
 .rodata.__func__.10
                0x10005044       0x17 CMakeFiles\pwmpio.dir\D_\RPI\pico-sdk\src\common\pico_time\time.c.obj
 *fill*         0x1000505b        0x1 
 .rodata.__func__.2
                0x1000505c       0x12 CMakeFiles\pwmpio.dir\D_\RPI\pico-sdk\src\common\pico_time\time.c.obj
 *fill*         0x1000506e        0x2 
 .rodata.__func__.3
                0x10005070       0x14 CMakeFiles\pwmpio.dir\D_\RPI\pico-sdk\src\common\pico_time\time.c.obj
 .rodata.__func__.4
                0x10005084       0x12 CMakeFiles\pwmpio.dir\D_\RPI\pico-sdk\src\common\pico_time\time.c.obj
 *fill*         0x10005096        0x2 
 .rodata.__func__.5
                0x10005098        0xa CMakeFiles\pwmpio.dir\D_\RPI\pico-sdk\src\common\pico_time\time.c.obj
 *fill*         0x100050a2        0x2 
 .rodata.__func__.6
                0x100050a4        0xc CMakeFiles\pwmpio.dir\D_\RPI\pico-sdk\src\common\pico_time\time.c.obj
 .rodata.__func__.7
                0x100050b0       0x15 CMakeFiles\pwmpio.dir\D_\RPI\pico-sdk\src\common\pico_time\time.c.obj
 *fill*         0x100050c5        0x3 
 .rodata.__func__.8
                0x100050c8       0x1a CMakeFiles\pwmpio.dir\D_\RPI\pico-sdk\src\common\pico_time\time.c.obj
 *fill*         0x100050e2        0x2 
 .rodata.__func__.9
                0x100050e4        0xa CMakeFiles\pwmpio.dir\D_\RPI\pico-sdk\src\common\pico_time\time.c.obj
 *fill*         0x100050ee        0x2 
 .rodata.hardware_alarm_claim.str1.4
                0x100050f0       0x22 CMakeFiles\pwmpio.dir\D_\RPI\pico-sdk\src\rp2_common\hardware_timer\timer.c.obj
 *fill*         0x10005112        0x2 
 .rodata.hardware_alarm_set_target.str1.4
                0x10005114       0x5a CMakeFiles\pwmpio.dir\D_\RPI\pico-sdk\src\rp2_common\hardware_timer\timer.c.obj
 *fill*         0x1000516e        0x2 
 .rodata.__func__.0
                0x10005170       0x1a CMakeFiles\pwmpio.dir\D_\RPI\pico-sdk\src\rp2_common\hardware_timer\timer.c.obj
 *fill*         0x1000518a        0x2 
 .rodata.lock_init.str1.4
                0x1000518c       0x5d CMakeFiles\pwmpio.dir\D_\RPI\pico-sdk\src\common\pico_sync\lock_core.c.obj
 *fill*         0x100051e9        0x3 
 .rodata.__func__.0
                0x100051ec        0xa CMakeFiles\pwmpio.dir\D_\RPI\pico-sdk\src\common\pico_sync\lock_core.c.obj
 *fill*         0x100051f6        0x2 
 .rodata.str1.4
                0x100051f8       0x4f CMakeFiles\pwmpio.dir\D_\RPI\pico-sdk\src\common\pico_sync\mutex.c.obj
 *fill*         0x10005247        0x1 
 .rodata.__func__.0
                0x10005248        0xb CMakeFiles\pwmpio.dir\D_\RPI\pico-sdk\src\common\pico_sync\mutex.c.obj
 *fill*         0x10005253        0x1 
 .rodata.__func__.2
                0x10005254       0x15 CMakeFiles\pwmpio.dir\D_\RPI\pico-sdk\src\common\pico_sync\mutex.c.obj
 .rodata.ph_add_child_node.str1.4
                0x10005269       0x8a CMakeFiles\pwmpio.dir\D_\RPI\pico-sdk\src\common\pico_util\pheap.c.obj
 *fill*         0x10005269        0x3 
 .rodata.ph_remove_any_head.str1.4
                0x1000526c       0x84 CMakeFiles\pwmpio.dir\D_\RPI\pico-sdk\src\common\pico_util\pheap.c.obj
 .rodata.ph_delete.str1.4
                0x100052f0       0x26 CMakeFiles\pwmpio.dir\D_\RPI\pico-sdk\src\common\pico_util\pheap.c.obj
 *fill*         0x10005316        0x2 
 .rodata.__func__.0
                0x10005318        0xa CMakeFiles\pwmpio.dir\D_\RPI\pico-sdk\src\common\pico_util\pheap.c.obj
 *fill*         0x10005322        0x2 
 .rodata.__func__.1
                0x10005324       0x13 CMakeFiles\pwmpio.dir\D_\RPI\pico-sdk\src\common\pico_util\pheap.c.obj
 *fill*         0x10005337        0x1 
 .rodata.__func__.2
                0x10005338       0x12 CMakeFiles\pwmpio.dir\D_\RPI\pico-sdk\src\common\pico_util\pheap.c.obj
 *fill*         0x1000534a        0x2 
 .rodata.__func__.3
                0x1000534c        0xc CMakeFiles\pwmpio.dir\D_\RPI\pico-sdk\src\common\pico_util\pheap.c.obj
 .rodata.__assert_func.str1.4
                0x10005358       0x3f CMakeFiles\pwmpio.dir\D_\RPI\pico-sdk\src\rp2_common\pico_runtime\runtime.c.obj
                                 0x43 (size before relaxing)
 *fill*         0x10005397        0x1 
 .rodata.panic.str1.4
                0x10005398       0x12 CMakeFiles\pwmpio.dir\D_\RPI\pico-sdk\src\rp2_common\pico_runtime\runtime.c.obj
 *fill*         0x100053aa        0x2 
 .rodata.clock_configure.str1.4
                0x100053ac       0x4c CMakeFiles\pwmpio.dir\D_\RPI\pico-sdk\src\rp2_common\hardware_clocks\clocks.c.obj
 .rodata.__func__.1
                0x100053f8       0x10 CMakeFiles\pwmpio.dir\D_\RPI\pico-sdk\src\rp2_common\hardware_clocks\clocks.c.obj
 .rodata.pll_init.str1.4
                0x10005408       0xcf CMakeFiles\pwmpio.dir\D_\RPI\pico-sdk\src\rp2_common\hardware_pll\pll.c.obj
 *fill*         0x100054d7        0x1 
 .rodata.__func__.0
                0x100054d8        0x9 CMakeFiles\pwmpio.dir\D_\RPI\pico-sdk\src\rp2_common\hardware_pll\pll.c.obj
 *fill*         0x100054e1        0x3 
 .rodata.make_branch.str1.4
                0x100054e4       0x42 CMakeFiles\pwmpio.dir\D_\RPI\pico-sdk\src\rp2_common\hardware_irq\irq.c.obj
 *fill*         0x10005526        0x2 
 .rodata.irq_set_exclusive_handler.str1.4
                0x10005528       0x36 CMakeFiles\pwmpio.dir\D_\RPI\pico-sdk\src\rp2_common\hardware_irq\irq.c.obj
 *fill*         0x1000555e        0x2 
 .rodata.irq_add_shared_handler.str1.4
                0x10005560       0xd9 CMakeFiles\pwmpio.dir\D_\RPI\pico-sdk\src\rp2_common\hardware_irq\irq.c.obj
 *fill*         0x10005639        0x3 
 .rodata.irq_remove_handler.str1.4
                0x1000563c       0x2a CMakeFiles\pwmpio.dir\D_\RPI\pico-sdk\src\rp2_common\hardware_irq\irq.c.obj
 *fill*         0x10005666        0x2 
 .rodata.irq_add_tail_to_free_list.str1.4
                0x10005668       0x32 CMakeFiles\pwmpio.dir\D_\RPI\pico-sdk\src\rp2_common\hardware_irq\irq.c.obj
                                 0x3a (size before relaxing)
 *fill*         0x1000569a        0x2 
 .rodata.__func__.0
                0x1000569c       0x1a CMakeFiles\pwmpio.dir\D_\RPI\pico-sdk\src\rp2_common\hardware_irq\irq.c.obj
 *fill*         0x100056b6        0x2 
 .rodata.__func__.1
                0x100056b8       0x17 CMakeFiles\pwmpio.dir\D_\RPI\pico-sdk\src\rp2_common\hardware_irq\irq.c.obj
 *fill*         0x100056cf        0x1 
 .rodata.__func__.2
                0x100056d0       0x13 CMakeFiles\pwmpio.dir\D_\RPI\pico-sdk\src\rp2_common\hardware_irq\irq.c.obj
 *fill*         0x100056e3        0x1 
 .rodata.__func__.3
                0x100056e4        0xc CMakeFiles\pwmpio.dir\D_\RPI\pico-sdk\src\rp2_common\hardware_irq\irq.c.obj
 .rodata.__func__.4
                0x100056f0        0xf CMakeFiles\pwmpio.dir\D_\RPI\pico-sdk\src\rp2_common\hardware_irq\irq.c.obj
 *fill*         0x100056ff        0x1 
 .rodata.__func__.6
                0x10005700       0x1a CMakeFiles\pwmpio.dir\D_\RPI\pico-sdk\src\rp2_common\hardware_irq\irq.c.obj
 *fill*         0x1000571a        0x2 
 .rodata._ftoa.str1.4
                0x1000571c       0x15 CMakeFiles\pwmpio.dir\D_\RPI\pico-sdk\src\rp2_common\pico_printf\printf.c.obj
 *fill*         0x10005731        0x3 
 .rodata._vsnprintf
                0x10005734      0x1e0 CMakeFiles\pwmpio.dir\D_\RPI\pico-sdk\src\rp2_common\pico_printf\printf.c.obj
 *fill*         0x10005914        0x4 
 .rodata.pow10.0
                0x10005918       0x50 CMakeFiles\pwmpio.dir\D_\RPI\pico-sdk\src\rp2_common\pico_printf\printf.c.obj
 .rodata.__aeabi_double_init.str1.4
                0x10005968       0x9d CMakeFiles\pwmpio.dir\D_\RPI\pico-sdk\src\rp2_common\pico_double\double_init_rom.c.obj
 *fill*         0x10005a05        0x3 
 .rodata.__func__.0
                0x10005a08       0x14 CMakeFiles\pwmpio.dir\D_\RPI\pico-sdk\src\rp2_common\pico_double\double_init_rom.c.obj
 .rodata.__aeabi_float_init.str1.4
                0x10005a1c       0x6f CMakeFiles\pwmpio.dir\D_\RPI\pico-sdk\src\rp2_common\pico_float\float_init_rom.c.obj
                                 0x73 (size before relaxing)
 *fill*         0x10005a8b        0x1 
 .rodata.__func__.0
                0x10005a8c       0x13 CMakeFiles\pwmpio.dir\D_\RPI\pico-sdk\src\rp2_common\pico_float\float_init_rom.c.obj
 *fill*         0x10005a9f        0x1 
 .rodata.str1.4
                0x10005aa0       0x2c CMakeFiles\pwmpio.dir\D_\RPI\pico-sdk\src\rp2_common\pico_standard_link\binary_info.c.obj
 .rodata.__bi_40
                0x10005acc        0xc CMakeFiles\pwmpio.dir\D_\RPI\pico-sdk\src\rp2_common\pico_standard_link\binary_info.c.obj
 .rodata.__bi_71
                0x10005ad8        0xc CMakeFiles\pwmpio.dir\D_\RPI\pico-sdk\src\rp2_common\pico_standard_link\binary_info.c.obj
 .rodata.crlf_str.1
                0x10005ae4        0x2 CMakeFiles\pwmpio.dir\D_\RPI\pico-sdk\src\rp2_common\pico_stdio\stdio.c.obj
 *fill*         0x10005ae6        0x2 
 .rodata._pio_can_add_program_at_offset.str1.4
                0x10005ae8       0xa3 CMakeFiles\pwmpio.dir\D_\RPI\pico-sdk\src\rp2_common\hardware_pio\pio.c.obj
                                 0xe7 (size before relaxing)
 *fill*         0x10005b8b        0x1 
 .rodata._pio_find_offset_for_program.str1.4
                0x10005b8c       0x28 CMakeFiles\pwmpio.dir\D_\RPI\pico-sdk\src\rp2_common\hardware_pio\pio.c.obj
 .rodata._pio_add_program_at_offset.str1.4
                0x10005bb4       0x11 CMakeFiles\pwmpio.dir\D_\RPI\pico-sdk\src\rp2_common\hardware_pio\pio.c.obj
 *fill*         0x10005bc5        0x3 
 .rodata.pio_claim_unused_sm.str1.4
                0x10005bc8       0x24 CMakeFiles\pwmpio.dir\D_\RPI\pico-sdk\src\rp2_common\hardware_pio\pio.c.obj
 .rodata.pio_sm_set_consecutive_pindirs.str1.4
                0x10005bec        0xa CMakeFiles\pwmpio.dir\D_\RPI\pico-sdk\src\rp2_common\hardware_pio\pio.c.obj
 *fill*         0x10005bf6        0x2 
 .rodata.__func__.1
                0x10005bf8       0x1f CMakeFiles\pwmpio.dir\D_\RPI\pico-sdk\src\rp2_common\hardware_pio\pio.c.obj
 *fill*         0x10005c17        0x1 
 .rodata.__func__.3
                0x10005c18       0x1f CMakeFiles\pwmpio.dir\D_\RPI\pico-sdk\src\rp2_common\hardware_pio\pio.c.obj
 *fill*         0x10005c37        0x1 
 .rodata.__func__.4
                0x10005c38       0x1d CMakeFiles\pwmpio.dir\D_\RPI\pico-sdk\src\rp2_common\hardware_pio\pio.c.obj
 *fill*         0x10005c55        0x3 
 .rodata.__func__.6
                0x10005c58        0xe CMakeFiles\pwmpio.dir\D_\RPI\pico-sdk\src\rp2_common\hardware_pio\pio.c.obj
                0x10005c68                . = ALIGN (0x4)
 *fill*         0x10005c66        0x2 
 *(SORT_BY_ALIGNMENT(SORT_BY_NAME(.flashdata*)))
                0x10005c68                . = ALIGN (0x4)

.rel.dyn        0x10005c68        0x0
 .rel.iplt      0x10005c68        0x0 c:/progra~2/gnuarm~1/102020~1/bin/../lib/gcc/arm-none-eabi/10.2.1/thumb/v6-m/nofp/crtbegin.o

.ARM.extab
 *(.ARM.extab* .gnu.linkonce.armextab.*)
                0x10005c68                __exidx_start = .

.ARM.exidx
 *(.ARM.exidx* .gnu.linkonce.armexidx.*)
                0x10005c68                __exidx_end = .
                0x10005c68                . = ALIGN (0x4)
                0x10005c68                __binary_info_start = .

.binary_info    0x10005c68       0x18
 *(.binary_info.keep.*)
 .binary_info.keep.__bi_ptr18
                0x10005c68        0x4 CMakeFiles\pwmpio.dir\D_\RPI\pico-sdk\src\rp2_common\pico_standard_link\binary_info.c.obj
 .binary_info.keep.__bi_ptr26
                0x10005c6c        0x4 CMakeFiles\pwmpio.dir\D_\RPI\pico-sdk\src\rp2_common\pico_standard_link\binary_info.c.obj
 .binary_info.keep.__bi_ptr34
                0x10005c70        0x4 CMakeFiles\pwmpio.dir\D_\RPI\pico-sdk\src\rp2_common\pico_standard_link\binary_info.c.obj
 .binary_info.keep.__bi_ptr40
                0x10005c74        0x4 CMakeFiles\pwmpio.dir\D_\RPI\pico-sdk\src\rp2_common\pico_standard_link\binary_info.c.obj
 .binary_info.keep.__bi_ptr46
                0x10005c78        0x4 CMakeFiles\pwmpio.dir\D_\RPI\pico-sdk\src\rp2_common\pico_standard_link\binary_info.c.obj
 .binary_info.keep.__bi_ptr71
                0x10005c7c        0x4 CMakeFiles\pwmpio.dir\D_\RPI\pico-sdk\src\rp2_common\pico_standard_link\binary_info.c.obj
 *(.binary_info.*)
                0x10005c80                __binary_info_end = .
                0x10005c80                . = ALIGN (0x4)
                0x10005c80                __etext = .

.ram_vector_table
                0x20000000       0xc0
 *(.ram_vector_table)
 .ram_vector_table
                0x20000000       0xc0 CMakeFiles\pwmpio.dir\D_\RPI\pico-sdk\src\rp2_common\pico_runtime\runtime.c.obj
                0x20000000                ram_vector_table

.data           0x200000c0      0x9dc load address 0x10005c80
                0x200000c0                __data_start__ = .
 *(vtable)
 *(.time_critical*)
 .time_critical.mutex_enter_blocking
                0x200000c0       0x64 CMakeFiles\pwmpio.dir\D_\RPI\pico-sdk\src\common\pico_sync\mutex.c.obj
                0x200000c0                mutex_enter_blocking
 .time_critical.mutex_try_enter
                0x20000124       0x4a CMakeFiles\pwmpio.dir\D_\RPI\pico-sdk\src\common\pico_sync\mutex.c.obj
                0x20000124                mutex_try_enter
 *fill*         0x2000016e        0x2 
 .time_critical.mutex_exit
                0x20000170       0x4c CMakeFiles\pwmpio.dir\D_\RPI\pico-sdk\src\common\pico_sync\mutex.c.obj
                0x20000170                mutex_exit
 *(.text*)
 .text          0x200001bc        0x4 c:/progra~2/gnuarm~1/102020~1/bin/../lib/gcc/arm-none-eabi/10.2.1/thumb/v6-m/nofp\libgcc.a(_dvmd_tls.o)
                0x200001bc                __aeabi_idiv0
                0x200001bc                __aeabi_ldiv0
 .text.__stub   0x200001c0       0x10 linker stubs
                0x200001d0                . = ALIGN (0x4)
 *(.rodata*)
                0x200001d0                . = ALIGN (0x4)
 *(.data*)
 .data.striped_spin_lock_num
                0x200001d0        0x1 CMakeFiles\pwmpio.dir\D_\RPI\pico-sdk\src\rp2_common\hardware_sync\sync.c.obj
 *fill*         0x200001d1        0x3 
 .data          0x200001d4       0x48 CMakeFiles\pwmpio.dir\D_\RPI\pico-sdk\src\rp2_common\hardware_irq\irq_handler_chain.S.obj
                0x200001d4                irq_handler_chain_slots
                0x20000204                irq_handler_chain_first_slot
                0x2000020e                irq_handler_chain_remove_tail
 *fill*         0x2000021c        0x4 
 .data.aeabi_bits_funcs
                0x20000220       0x10 CMakeFiles\pwmpio.dir\D_\RPI\pico-sdk\src\rp2_common\pico_bit_ops\bit_ops_aeabi.S.obj
                0x20000220                aeabi_bits_funcs
                0x20000230                aeabi_bits_funcs_end
 .data.aeabi_mem_funcs
                0x20000230       0x10 CMakeFiles\pwmpio.dir\D_\RPI\pico-sdk\src\rp2_common\pico_mem_ops\mem_ops_aeabi.S.obj
                0x20000230                aeabi_mem_funcs
                0x20000240                aeabi_mem_funcs_end
 .data._impure_ptr
                0x20000240        0x4 c:/progra~2/gnuarm~1/102020~1/bin/../lib/gcc/arm-none-eabi/10.2.1/../../../../arm-none-eabi/lib/thumb/v6-m/nofp\libg.a(lib_a-impure.o)
                0x20000240                _impure_ptr
 *fill*         0x20000244        0x4 
 .data.impure_data
                0x20000248      0x428 c:/progra~2/gnuarm~1/102020~1/bin/../lib/gcc/arm-none-eabi/10.2.1/../../../../arm-none-eabi/lib/thumb/v6-m/nofp\libg.a(lib_a-impure.o)
 .data.__malloc_av_
                0x20000670      0x408 c:/progra~2/gnuarm~1/102020~1/bin/../lib/gcc/arm-none-eabi/10.2.1/../../../../arm-none-eabi/lib/thumb/v6-m/nofp\libg.a(lib_a-mallocr.o)
                0x20000670                __malloc_av_
 .data.__malloc_sbrk_base
                0x20000a78        0x4 c:/progra~2/gnuarm~1/102020~1/bin/../lib/gcc/arm-none-eabi/10.2.1/../../../../arm-none-eabi/lib/thumb/v6-m/nofp\libg.a(lib_a-mallocr.o)
                0x20000a78                __malloc_sbrk_base
 .data.__malloc_trim_threshold
                0x20000a7c        0x4 c:/progra~2/gnuarm~1/102020~1/bin/../lib/gcc/arm-none-eabi/10.2.1/../../../../arm-none-eabi/lib/thumb/v6-m/nofp\libg.a(lib_a-mallocr.o)
                0x20000a7c                __malloc_trim_threshold
                0x20000a80                . = ALIGN (0x4)
 *(.after_data.*)
                0x20000a80                . = ALIGN (0x4)
                0x20000a80                PROVIDE (__mutex_array_start = .)
 *(SORT_BY_NAME(.mutex_array.*))
 *(.mutex_array)
 .mutex_array   0x20000a80        0x8 CMakeFiles\pwmpio.dir\D_\RPI\pico-sdk\src\rp2_common\pico_stdio\stdio.c.obj
                0x20000a88                PROVIDE (__mutex_array_end = .)
                0x20000a88                . = ALIGN (0x4)
                0x20000a88                PROVIDE (__preinit_array_start = .)
 *(SORT_BY_NAME(.preinit_array.*))
 .preinit_array.00001
                0x20000a88        0x4 CMakeFiles\pwmpio.dir\D_\RPI\pico-sdk\src\rp2_common\pico_mem_ops\mem_ops_aeabi.S.obj
 .preinit_array.00010
                0x20000a8c        0x4 CMakeFiles\pwmpio.dir\D_\RPI\pico-sdk\src\rp2_common\pico_bit_ops\bit_ops_aeabi.S.obj
 .preinit_array.00020
                0x20000a90        0x4 CMakeFiles\pwmpio.dir\D_\RPI\pico-sdk\src\rp2_common\pico_double\double_aeabi.S.obj
 .preinit_array.00020
                0x20000a94        0x4 CMakeFiles\pwmpio.dir\D_\RPI\pico-sdk\src\rp2_common\pico_float\float_aeabi.S.obj
 *(.preinit_array)
                0x20000a98                PROVIDE (__preinit_array_end = .)
                0x20000a98                . = ALIGN (0x4)
                0x20000a98                PROVIDE (__init_array_start = .)
 *(SORT_BY_NAME(.init_array.*))
 *(.init_array)
 .init_array    0x20000a98        0x4 c:/progra~2/gnuarm~1/102020~1/bin/../lib/gcc/arm-none-eabi/10.2.1/thumb/v6-m/nofp/crtbegin.o
                0x20000a9c                PROVIDE (__init_array_end = .)
                0x20000a9c                . = ALIGN (0x4)
                [!provide]                PROVIDE (__fini_array_start = .)
 *(SORT_BY_NAME(.fini_array.*))
 *(.fini_array)
                [!provide]                PROVIDE (__fini_array_end = .)
 *(.jcr)
                0x20000a9c                . = ALIGN (0x4)
                0x20000a9c                __data_end__ = .

.igot.plt       0x20000a9c        0x0 load address 0x1000665c
 .igot.plt      0x20000a9c        0x0 c:/progra~2/gnuarm~1/102020~1/bin/../lib/gcc/arm-none-eabi/10.2.1/thumb/v6-m/nofp/crtbegin.o

.uninitialized_data
                0x20000a9c        0x0 load address 0x1000665c
                0x20000a9c                . = ALIGN (0x4)
 *(.uninitialized_data*)

.scratch_x      0x20040000        0x0 load address 0x1000665c
                0x20040000                __scratch_x_start__ = .
 *(.scratch_x.*)
                0x20040000                . = ALIGN (0x4)
                0x20040000                __scratch_x_end__ = .
                0x1000665c                __scratch_x_source__ = LOADADDR (.scratch_x)

.scratch_y      0x20041000        0x0 load address 0x1000665c
                0x20041000                __scratch_y_start__ = .
 *(.scratch_y.*)
                0x20041000                . = ALIGN (0x4)
                0x20041000                __scratch_y_end__ = .
                0x1000665c                __scratch_y_source__ = LOADADDR (.scratch_y)

.bss            0x20000a9c      0x2d0
                0x20000a9c                . = ALIGN (0x4)
                0x20000a9c                __bss_start__ = .
 *(SORT_BY_ALIGNMENT(SORT_BY_NAME(.bss*)))
 .bss           0x20000a9c       0x1c c:/progra~2/gnuarm~1/102020~1/bin/../lib/gcc/arm-none-eabi/10.2.1/thumb/v6-m/nofp/crtbegin.o
 .bss.__lock___malloc_recursive_mutex
                0x20000ab8        0x1 c:/progra~2/gnuarm~1/102020~1/bin/../lib/gcc/arm-none-eabi/10.2.1/../../../../arm-none-eabi/lib/thumb/v6-m/nofp\libg.a(lib_a-lock.o)
                0x20000ab8                __lock___malloc_recursive_mutex
 *fill*         0x20000ab9        0x3 
 .bss.__malloc_current_mallinfo
                0x20000abc       0x28 c:/progra~2/gnuarm~1/102020~1/bin/../lib/gcc/arm-none-eabi/10.2.1/../../../../arm-none-eabi/lib/thumb/v6-m/nofp\libg.a(lib_a-mallocr.o)
                0x20000abc                __malloc_current_mallinfo
 .bss.__malloc_max_sbrked_mem
                0x20000ae4        0x4 c:/progra~2/gnuarm~1/102020~1/bin/../lib/gcc/arm-none-eabi/10.2.1/../../../../arm-none-eabi/lib/thumb/v6-m/nofp\libg.a(lib_a-mallocr.o)
                0x20000ae4                __malloc_max_sbrked_mem
 .bss.__malloc_max_total_mem
                0x20000ae8        0x4 c:/progra~2/gnuarm~1/102020~1/bin/../lib/gcc/arm-none-eabi/10.2.1/../../../../arm-none-eabi/lib/thumb/v6-m/nofp\libg.a(lib_a-mallocr.o)
                0x20000ae8                __malloc_max_total_mem
 .bss.__malloc_top_pad
                0x20000aec        0x4 c:/progra~2/gnuarm~1/102020~1/bin/../lib/gcc/arm-none-eabi/10.2.1/../../../../arm-none-eabi/lib/thumb/v6-m/nofp\libg.a(lib_a-mallocr.o)
                0x20000aec                __malloc_top_pad
 .bss._used_instruction_space
                0x20000af0        0x8 CMakeFiles\pwmpio.dir\D_\RPI\pico-sdk\src\rp2_common\hardware_pio\pio.c.obj
 .bss.alarm_callbacks
                0x20000af8       0x10 CMakeFiles\pwmpio.dir\D_\RPI\pico-sdk\src\rp2_common\hardware_timer\timer.c.obj
 .bss.configured_freq
                0x20000b08       0x28 CMakeFiles\pwmpio.dir\D_\RPI\pico-sdk\src\rp2_common\hardware_clocks\clocks.c.obj
 .bss.default_alarm_pool
                0x20000b30        0x4 CMakeFiles\pwmpio.dir\D_\RPI\pico-sdk\src\common\pico_time\time.c.obj
 .bss.drivers   0x20000b34        0x4 CMakeFiles\pwmpio.dir\D_\RPI\pico-sdk\src\rp2_common\pico_stdio\stdio.c.obj
 .bss.errno     0x20000b38        0x4 c:/progra~2/gnuarm~1/102020~1/bin/../lib/gcc/arm-none-eabi/10.2.1/../../../../arm-none-eabi/lib/thumb/v6-m/nofp\libg.a(lib_a-reent.o)
                0x20000b38                errno
 .bss.filter    0x20000b3c        0x4 CMakeFiles\pwmpio.dir\D_\RPI\pico-sdk\src\rp2_common\pico_stdio\stdio.c.obj
 .bss.heap_end.0
                0x20000b40        0x4 CMakeFiles\pwmpio.dir\D_\RPI\pico-sdk\src\rp2_common\pico_runtime\runtime.c.obj
 .bss.pools     0x20000b44       0x10 CMakeFiles\pwmpio.dir\D_\RPI\pico-sdk\src\common\pico_time\time.c.obj
 .bss.sd_table  0x20000b54      0x100 CMakeFiles\pwmpio.dir\D_\RPI\pico-sdk\src\rp2_common\pico_double\double_init_rom.c.obj
                0x20000b54                sd_table
 .bss.sf_clz_func
                0x20000c54        0x4 CMakeFiles\pwmpio.dir\D_\RPI\pico-sdk\src\rp2_common\pico_float\float_init_rom.c.obj
                0x20000c54                sf_clz_func
 .bss.sf_table  0x20000c58      0x100 CMakeFiles\pwmpio.dir\D_\RPI\pico-sdk\src\rp2_common\pico_float\float_init_rom.c.obj
                0x20000c58                sf_table
 .bss.target_hi
                0x20000d58       0x10 CMakeFiles\pwmpio.dir\D_\RPI\pico-sdk\src\rp2_common\hardware_timer\timer.c.obj
 .bss.claimed   0x20000d68        0x1 CMakeFiles\pwmpio.dir\D_\RPI\pico-sdk\src\rp2_common\hardware_timer\timer.c.obj
 .bss.claimed   0x20000d69        0x1 CMakeFiles\pwmpio.dir\D_\RPI\pico-sdk\src\rp2_common\hardware_pio\pio.c.obj
 .bss.irq_hander_chain_free_slot_head
                0x20000d6a        0x1 CMakeFiles\pwmpio.dir\D_\RPI\pico-sdk\src\rp2_common\hardware_irq\irq.c.obj
 .bss.timer_callbacks_pending
                0x20000d6b        0x1 CMakeFiles\pwmpio.dir\D_\RPI\pico-sdk\src\rp2_common\hardware_timer\timer.c.obj
 *(COMMON)
                0x20000d6c                . = ALIGN (0x4)
                0x20000d6c                __bss_end__ = .

.heap           0x20000d6c      0x800
                0x20000d6c                __end__ = .
                0x20000d6c                end = __end__
 *(.heap*)
 .heap          0x20000d6c      0x800 CMakeFiles\pwmpio.dir\D_\RPI\pico-sdk\src\rp2_common\pico_standard_link\crt0.S.obj
                0x2000156c                __HeapLimit = .

.stack1_dummy   0x20040000        0x0
 *(.stack1*)

.stack_dummy    0x20041000      0x800
 *(.stack*)
 .stack         0x20041000      0x800 CMakeFiles\pwmpio.dir\D_\RPI\pico-sdk\src\rp2_common\pico_standard_link\crt0.S.obj

.flash_end      0x1000665c        0x0
                0x1000665c                __flash_binary_end = .
                0x20040000                __StackLimit = (ORIGIN (RAM) + LENGTH (RAM))
                0x20041000                __StackOneTop = (ORIGIN (SCRATCH_X) + LENGTH (SCRATCH_X))
                0x20042000                __StackTop = (ORIGIN (SCRATCH_Y) + LENGTH (SCRATCH_Y))
                0x20041000                __StackOneBottom = (__StackOneTop - SIZEOF (.stack1_dummy))
                0x20041800                __StackBottom = (__StackTop - SIZEOF (.stack_dummy))
                0x20042000                PROVIDE (__stack = __StackTop)
                0x00000001                ASSERT ((__StackLimit >= __HeapLimit), region RAM overflowed)
LOAD CMakeFiles\pwmpio.dir\pwmpio.c.obj
LOAD CMakeFiles\pwmpio.dir\D_\RPI\pico-sdk\src\rp2_common\pico_stdlib\stdlib.c.obj
LOAD CMakeFiles\pwmpio.dir\D_\RPI\pico-sdk\src\rp2_common\hardware_gpio\gpio.c.obj
LOAD CMakeFiles\pwmpio.dir\D_\RPI\pico-sdk\src\rp2_common\hardware_claim\claim.c.obj
LOAD CMakeFiles\pwmpio.dir\D_\RPI\pico-sdk\src\rp2_common\hardware_sync\sync.c.obj
LOAD CMakeFiles\pwmpio.dir\D_\RPI\pico-sdk\src\rp2_common\pico_platform\platform.c.obj
LOAD CMakeFiles\pwmpio.dir\D_\RPI\pico-sdk\src\rp2_common\hardware_uart\uart.c.obj
LOAD CMakeFiles\pwmpio.dir\D_\RPI\pico-sdk\src\rp2_common\hardware_divider\divider.S.obj
LOAD CMakeFiles\pwmpio.dir\D_\RPI\pico-sdk\src\common\pico_time\time.c.obj
LOAD CMakeFiles\pwmpio.dir\D_\RPI\pico-sdk\src\common\pico_time\timeout_helper.c.obj
LOAD CMakeFiles\pwmpio.dir\D_\RPI\pico-sdk\src\rp2_common\hardware_timer\timer.c.obj
LOAD CMakeFiles\pwmpio.dir\D_\RPI\pico-sdk\src\common\pico_sync\sem.c.obj
LOAD CMakeFiles\pwmpio.dir\D_\RPI\pico-sdk\src\common\pico_sync\lock_core.c.obj
LOAD CMakeFiles\pwmpio.dir\D_\RPI\pico-sdk\src\common\pico_sync\mutex.c.obj
LOAD CMakeFiles\pwmpio.dir\D_\RPI\pico-sdk\src\common\pico_sync\critical_section.c.obj
LOAD CMakeFiles\pwmpio.dir\D_\RPI\pico-sdk\src\common\pico_util\datetime.c.obj
LOAD CMakeFiles\pwmpio.dir\D_\RPI\pico-sdk\src\common\pico_util\pheap.c.obj
LOAD CMakeFiles\pwmpio.dir\D_\RPI\pico-sdk\src\common\pico_util\queue.c.obj
LOAD CMakeFiles\pwmpio.dir\D_\RPI\pico-sdk\src\rp2_common\pico_runtime\runtime.c.obj
LOAD CMakeFiles\pwmpio.dir\D_\RPI\pico-sdk\src\rp2_common\hardware_clocks\clocks.c.obj
LOAD CMakeFiles\pwmpio.dir\D_\RPI\pico-sdk\src\rp2_common\hardware_watchdog\watchdog.c.obj
LOAD CMakeFiles\pwmpio.dir\D_\RPI\pico-sdk\src\rp2_common\hardware_xosc\xosc.c.obj
LOAD CMakeFiles\pwmpio.dir\D_\RPI\pico-sdk\src\rp2_common\hardware_pll\pll.c.obj
LOAD CMakeFiles\pwmpio.dir\D_\RPI\pico-sdk\src\rp2_common\hardware_vreg\vreg.c.obj
LOAD CMakeFiles\pwmpio.dir\D_\RPI\pico-sdk\src\rp2_common\hardware_irq\irq.c.obj
LOAD CMakeFiles\pwmpio.dir\D_\RPI\pico-sdk\src\rp2_common\hardware_irq\irq_handler_chain.S.obj
LOAD CMakeFiles\pwmpio.dir\D_\RPI\pico-sdk\src\rp2_common\pico_printf\printf.c.obj
LOAD CMakeFiles\pwmpio.dir\D_\RPI\pico-sdk\src\rp2_common\pico_bit_ops\bit_ops_aeabi.S.obj
LOAD CMakeFiles\pwmpio.dir\D_\RPI\pico-sdk\src\rp2_common\pico_bootrom\bootrom.c.obj
LOAD CMakeFiles\pwmpio.dir\D_\RPI\pico-sdk\src\rp2_common\pico_divider\divider.S.obj
LOAD CMakeFiles\pwmpio.dir\D_\RPI\pico-sdk\src\rp2_common\pico_double\double_aeabi.S.obj
LOAD CMakeFiles\pwmpio.dir\D_\RPI\pico-sdk\src\rp2_common\pico_double\double_init_rom.c.obj
LOAD CMakeFiles\pwmpio.dir\D_\RPI\pico-sdk\src\rp2_common\pico_double\double_math.c.obj
LOAD CMakeFiles\pwmpio.dir\D_\RPI\pico-sdk\src\rp2_common\pico_double\double_v1_rom_shim.S.obj
LOAD CMakeFiles\pwmpio.dir\D_\RPI\pico-sdk\src\rp2_common\pico_int64_ops\pico_int64_ops_aeabi.S.obj
LOAD CMakeFiles\pwmpio.dir\D_\RPI\pico-sdk\src\rp2_common\pico_float\float_aeabi.S.obj
LOAD CMakeFiles\pwmpio.dir\D_\RPI\pico-sdk\src\rp2_common\pico_float\float_init_rom.c.obj
LOAD CMakeFiles\pwmpio.dir\D_\RPI\pico-sdk\src\rp2_common\pico_float\float_math.c.obj
LOAD CMakeFiles\pwmpio.dir\D_\RPI\pico-sdk\src\rp2_common\pico_float\float_v1_rom_shim.S.obj
LOAD CMakeFiles\pwmpio.dir\D_\RPI\pico-sdk\src\rp2_common\pico_malloc\pico_malloc.c.obj
LOAD CMakeFiles\pwmpio.dir\D_\RPI\pico-sdk\src\rp2_common\pico_mem_ops\mem_ops_aeabi.S.obj
LOAD CMakeFiles\pwmpio.dir\D_\RPI\pico-sdk\src\rp2_common\pico_standard_link\crt0.S.obj
LOAD CMakeFiles\pwmpio.dir\D_\RPI\pico-sdk\src\rp2_common\pico_standard_link\new_delete.cpp.obj
LOAD CMakeFiles\pwmpio.dir\D_\RPI\pico-sdk\src\rp2_common\pico_standard_link\binary_info.c.obj
LOAD CMakeFiles\pwmpio.dir\D_\RPI\pico-sdk\src\rp2_common\pico_stdio\stdio.c.obj
LOAD CMakeFiles\pwmpio.dir\D_\RPI\pico-sdk\src\rp2_common\pico_stdio_uart\stdio_uart.c.obj
LOAD CMakeFiles\pwmpio.dir\D_\RPI\pico-sdk\src\rp2_common\hardware_pio\pio.c.obj
LOAD C:\Users\Ben\AppData\Local\Temp\cc0mpAgn.o
LOAD c:/progra~2/gnuarm~1/102020~1/bin/../lib/gcc/arm-none-eabi/10.2.1/../../../../arm-none-eabi/lib/thumb/v6-m/nofp\libstdc++.a
LOAD c:/progra~2/gnuarm~1/102020~1/bin/../lib/gcc/arm-none-eabi/10.2.1/../../../../arm-none-eabi/lib/thumb/v6-m/nofp\libm.a
START GROUP
LOAD c:/progra~2/gnuarm~1/102020~1/bin/../lib/gcc/arm-none-eabi/10.2.1/thumb/v6-m/nofp\libgcc.a
LOAD c:/progra~2/gnuarm~1/102020~1/bin/../lib/gcc/arm-none-eabi/10.2.1/../../../../arm-none-eabi/lib/thumb/v6-m/nofp\libg.a
LOAD c:/progra~2/gnuarm~1/102020~1/bin/../lib/gcc/arm-none-eabi/10.2.1/../../../../arm-none-eabi/lib/thumb/v6-m/nofp\libc.a
END GROUP
START GROUP
LOAD c:/progra~2/gnuarm~1/102020~1/bin/../lib/gcc/arm-none-eabi/10.2.1/thumb/v6-m/nofp\libgcc.a
LOAD c:/progra~2/gnuarm~1/102020~1/bin/../lib/gcc/arm-none-eabi/10.2.1/../../../../arm-none-eabi/lib/thumb/v6-m/nofp\libc.a
LOAD c:/progra~2/gnuarm~1/102020~1/bin/../lib/gcc/arm-none-eabi/10.2.1/../../../../arm-none-eabi/lib/thumb/v6-m/nofp\libnosys.a
END GROUP
LOAD c:/progra~2/gnuarm~1/102020~1/bin/../lib/gcc/arm-none-eabi/10.2.1/thumb/v6-m/nofp/crtend.o
LOAD c:/progra~2/gnuarm~1/102020~1/bin/../lib/gcc/arm-none-eabi/10.2.1/thumb/v6-m/nofp/crtn.o
OUTPUT(pwmpio.elf elf32-littlearm)
LOAD linker stubs

.ARM.attributes
                0x00000000       0x28
 .ARM.attributes
                0x00000000       0x1e c:/progra~2/gnuarm~1/102020~1/bin/../lib/gcc/arm-none-eabi/10.2.1/thumb/v6-m/nofp/crti.o
 .ARM.attributes
                0x0000001e       0x2c c:/progra~2/gnuarm~1/102020~1/bin/../lib/gcc/arm-none-eabi/10.2.1/thumb/v6-m/nofp/crtbegin.o
 .ARM.attributes
                0x0000004a       0x2b CMakeFiles\pwmpio.dir\pwmpio.c.obj
 .ARM.attributes
                0x00000075       0x2b CMakeFiles\pwmpio.dir\D_\RPI\pico-sdk\src\rp2_common\hardware_gpio\gpio.c.obj
 .ARM.attributes
                0x000000a0       0x2b CMakeFiles\pwmpio.dir\D_\RPI\pico-sdk\src\rp2_common\hardware_claim\claim.c.obj
 .ARM.attributes
                0x000000cb       0x2b CMakeFiles\pwmpio.dir\D_\RPI\pico-sdk\src\rp2_common\hardware_sync\sync.c.obj
 .ARM.attributes
                0x000000f6       0x2b CMakeFiles\pwmpio.dir\D_\RPI\pico-sdk\src\rp2_common\pico_platform\platform.c.obj
 .ARM.attributes
                0x00000121       0x2b CMakeFiles\pwmpio.dir\D_\RPI\pico-sdk\src\common\pico_time\time.c.obj
 .ARM.attributes
                0x0000014c       0x2b CMakeFiles\pwmpio.dir\D_\RPI\pico-sdk\src\rp2_common\hardware_timer\timer.c.obj
 .ARM.attributes
                0x00000177       0x2b CMakeFiles\pwmpio.dir\D_\RPI\pico-sdk\src\common\pico_sync\lock_core.c.obj
 .ARM.attributes
                0x000001a2       0x2b CMakeFiles\pwmpio.dir\D_\RPI\pico-sdk\src\common\pico_sync\mutex.c.obj
 .ARM.attributes
                0x000001cd       0x2b CMakeFiles\pwmpio.dir\D_\RPI\pico-sdk\src\common\pico_util\pheap.c.obj
 .ARM.attributes
                0x000001f8       0x2b CMakeFiles\pwmpio.dir\D_\RPI\pico-sdk\src\rp2_common\pico_runtime\runtime.c.obj
 .ARM.attributes
                0x00000223       0x2b CMakeFiles\pwmpio.dir\D_\RPI\pico-sdk\src\rp2_common\hardware_clocks\clocks.c.obj
 .ARM.attributes
                0x0000024e       0x2b CMakeFiles\pwmpio.dir\D_\RPI\pico-sdk\src\rp2_common\hardware_watchdog\watchdog.c.obj
 .ARM.attributes
                0x00000279       0x2b CMakeFiles\pwmpio.dir\D_\RPI\pico-sdk\src\rp2_common\hardware_xosc\xosc.c.obj
 .ARM.attributes
                0x000002a4       0x2b CMakeFiles\pwmpio.dir\D_\RPI\pico-sdk\src\rp2_common\hardware_pll\pll.c.obj
 .ARM.attributes
                0x000002cf       0x2b CMakeFiles\pwmpio.dir\D_\RPI\pico-sdk\src\rp2_common\hardware_irq\irq.c.obj
 .ARM.attributes
                0x000002fa       0x22 CMakeFiles\pwmpio.dir\D_\RPI\pico-sdk\src\rp2_common\hardware_irq\irq_handler_chain.S.obj
 .ARM.attributes
                0x0000031c       0x2b CMakeFiles\pwmpio.dir\D_\RPI\pico-sdk\src\rp2_common\pico_printf\printf.c.obj
 .ARM.attributes
                0x00000347       0x22 CMakeFiles\pwmpio.dir\D_\RPI\pico-sdk\src\rp2_common\pico_bit_ops\bit_ops_aeabi.S.obj
 .ARM.attributes
                0x00000369       0x2b CMakeFiles\pwmpio.dir\D_\RPI\pico-sdk\src\rp2_common\pico_bootrom\bootrom.c.obj
 .ARM.attributes
                0x00000394       0x22 CMakeFiles\pwmpio.dir\D_\RPI\pico-sdk\src\rp2_common\pico_divider\divider.S.obj
 .ARM.attributes
                0x000003b6       0x22 CMakeFiles\pwmpio.dir\D_\RPI\pico-sdk\src\rp2_common\pico_double\double_aeabi.S.obj
 .ARM.attributes
                0x000003d8       0x2b CMakeFiles\pwmpio.dir\D_\RPI\pico-sdk\src\rp2_common\pico_double\double_init_rom.c.obj
 .ARM.attributes
                0x00000403       0x22 CMakeFiles\pwmpio.dir\D_\RPI\pico-sdk\src\rp2_common\pico_double\double_v1_rom_shim.S.obj
 .ARM.attributes
                0x00000425       0x22 CMakeFiles\pwmpio.dir\D_\RPI\pico-sdk\src\rp2_common\pico_int64_ops\pico_int64_ops_aeabi.S.obj
 .ARM.attributes
                0x00000447       0x22 CMakeFiles\pwmpio.dir\D_\RPI\pico-sdk\src\rp2_common\pico_float\float_aeabi.S.obj
 .ARM.attributes
                0x00000469       0x2b CMakeFiles\pwmpio.dir\D_\RPI\pico-sdk\src\rp2_common\pico_float\float_init_rom.c.obj
 .ARM.attributes
                0x00000494       0x22 CMakeFiles\pwmpio.dir\D_\RPI\pico-sdk\src\rp2_common\pico_float\float_v1_rom_shim.S.obj
 .ARM.attributes
                0x000004b6       0x2b CMakeFiles\pwmpio.dir\D_\RPI\pico-sdk\src\rp2_common\pico_malloc\pico_malloc.c.obj
 .ARM.attributes
                0x000004e1       0x22 CMakeFiles\pwmpio.dir\D_\RPI\pico-sdk\src\rp2_common\pico_mem_ops\mem_ops_aeabi.S.obj
 .ARM.attributes
                0x00000503       0x22 CMakeFiles\pwmpio.dir\D_\RPI\pico-sdk\src\rp2_common\pico_standard_link\crt0.S.obj
 .ARM.attributes
                0x00000525       0x32 CMakeFiles\pwmpio.dir\D_\RPI\pico-sdk\src\rp2_common\pico_standard_link\binary_info.c.obj
 .ARM.attributes
                0x00000557       0x2b CMakeFiles\pwmpio.dir\D_\RPI\pico-sdk\src\rp2_common\pico_stdio\stdio.c.obj
 .ARM.attributes
                0x00000582       0x2b CMakeFiles\pwmpio.dir\D_\RPI\pico-sdk\src\rp2_common\hardware_pio\pio.c.obj
 .ARM.attributes
                0x000005ad       0x1b C:\Users\Ben\AppData\Local\Temp\cc0mpAgn.o
 .ARM.attributes
                0x000005c8       0x1e c:/progra~2/gnuarm~1/102020~1/bin/../lib/gcc/arm-none-eabi/10.2.1/thumb/v6-m/nofp\libgcc.a(_dvmd_tls.o)
 .ARM.attributes
                0x000005e6       0x2c c:/progra~2/gnuarm~1/102020~1/bin/../lib/gcc/arm-none-eabi/10.2.1/../../../../arm-none-eabi/lib/thumb/v6-m/nofp\libg.a(lib_a-calloc.o)
 .ARM.attributes
                0x00000612       0x2c c:/progra~2/gnuarm~1/102020~1/bin/../lib/gcc/arm-none-eabi/10.2.1/../../../../arm-none-eabi/lib/thumb/v6-m/nofp\libg.a(lib_a-callocr.o)
 .ARM.attributes
                0x0000063e       0x2c c:/progra~2/gnuarm~1/102020~1/bin/../lib/gcc/arm-none-eabi/10.2.1/../../../../arm-none-eabi/lib/thumb/v6-m/nofp\libg.a(lib_a-impure.o)
 .ARM.attributes
                0x0000066a       0x2c c:/progra~2/gnuarm~1/102020~1/bin/../lib/gcc/arm-none-eabi/10.2.1/../../../../arm-none-eabi/lib/thumb/v6-m/nofp\libg.a(lib_a-malloc.o)
 .ARM.attributes
                0x00000696       0x2c c:/progra~2/gnuarm~1/102020~1/bin/../lib/gcc/arm-none-eabi/10.2.1/../../../../arm-none-eabi/lib/thumb/v6-m/nofp\libg.a(lib_a-mallocr.o)
 .ARM.attributes
                0x000006c2       0x2c c:/progra~2/gnuarm~1/102020~1/bin/../lib/gcc/arm-none-eabi/10.2.1/../../../../arm-none-eabi/lib/thumb/v6-m/nofp\libg.a(lib_a-mlock.o)
 .ARM.attributes
                0x000006ee       0x2c c:/progra~2/gnuarm~1/102020~1/bin/../lib/gcc/arm-none-eabi/10.2.1/../../../../arm-none-eabi/lib/thumb/v6-m/nofp\libg.a(lib_a-sbrkr.o)
 .ARM.attributes
                0x0000071a       0x2c c:/progra~2/gnuarm~1/102020~1/bin/../lib/gcc/arm-none-eabi/10.2.1/../../../../arm-none-eabi/lib/thumb/v6-m/nofp\libg.a(lib_a-strlen-stub.o)
 .ARM.attributes
                0x00000746       0x2c c:/progra~2/gnuarm~1/102020~1/bin/../lib/gcc/arm-none-eabi/10.2.1/../../../../arm-none-eabi/lib/thumb/v6-m/nofp\libg.a(lib_a-freer.o)
 .ARM.attributes
                0x00000772       0x2c c:/progra~2/gnuarm~1/102020~1/bin/../lib/gcc/arm-none-eabi/10.2.1/../../../../arm-none-eabi/lib/thumb/v6-m/nofp\libg.a(lib_a-lock.o)
 .ARM.attributes
                0x0000079e       0x2c c:/progra~2/gnuarm~1/102020~1/bin/../lib/gcc/arm-none-eabi/10.2.1/../../../../arm-none-eabi/lib/thumb/v6-m/nofp\libg.a(lib_a-reent.o)

.comment        0x00000000       0x4d
 .comment       0x00000000       0x4d CMakeFiles\pwmpio.dir\pwmpio.c.obj
                                 0x4e (size before relaxing)
 .comment       0x0000004d       0x4e CMakeFiles\pwmpio.dir\D_\RPI\pico-sdk\src\rp2_common\hardware_gpio\gpio.c.obj
 .comment       0x0000004d       0x4e CMakeFiles\pwmpio.dir\D_\RPI\pico-sdk\src\rp2_common\hardware_claim\claim.c.obj
 .comment       0x0000004d       0x4e CMakeFiles\pwmpio.dir\D_\RPI\pico-sdk\src\rp2_common\hardware_sync\sync.c.obj
 .comment       0x0000004d       0x4e CMakeFiles\pwmpio.dir\D_\RPI\pico-sdk\src\rp2_common\pico_platform\platform.c.obj
 .comment       0x0000004d       0x4e CMakeFiles\pwmpio.dir\D_\RPI\pico-sdk\src\common\pico_time\time.c.obj
 .comment       0x0000004d       0x4e CMakeFiles\pwmpio.dir\D_\RPI\pico-sdk\src\rp2_common\hardware_timer\timer.c.obj
 .comment       0x0000004d       0x4e CMakeFiles\pwmpio.dir\D_\RPI\pico-sdk\src\common\pico_sync\lock_core.c.obj
 .comment       0x0000004d       0x4e CMakeFiles\pwmpio.dir\D_\RPI\pico-sdk\src\common\pico_sync\mutex.c.obj
 .comment       0x0000004d       0x4e CMakeFiles\pwmpio.dir\D_\RPI\pico-sdk\src\common\pico_util\pheap.c.obj
 .comment       0x0000004d       0x4e CMakeFiles\pwmpio.dir\D_\RPI\pico-sdk\src\rp2_common\pico_runtime\runtime.c.obj
 .comment       0x0000004d       0x4e CMakeFiles\pwmpio.dir\D_\RPI\pico-sdk\src\rp2_common\hardware_clocks\clocks.c.obj
 .comment       0x0000004d       0x4e CMakeFiles\pwmpio.dir\D_\RPI\pico-sdk\src\rp2_common\hardware_watchdog\watchdog.c.obj
 .comment       0x0000004d       0x4e CMakeFiles\pwmpio.dir\D_\RPI\pico-sdk\src\rp2_common\hardware_xosc\xosc.c.obj
 .comment       0x0000004d       0x4e CMakeFiles\pwmpio.dir\D_\RPI\pico-sdk\src\rp2_common\hardware_pll\pll.c.obj
 .comment       0x0000004d       0x4e CMakeFiles\pwmpio.dir\D_\RPI\pico-sdk\src\rp2_common\hardware_irq\irq.c.obj
 .comment       0x0000004d       0x4e CMakeFiles\pwmpio.dir\D_\RPI\pico-sdk\src\rp2_common\pico_printf\printf.c.obj
 .comment       0x0000004d       0x4e CMakeFiles\pwmpio.dir\D_\RPI\pico-sdk\src\rp2_common\pico_bootrom\bootrom.c.obj
 .comment       0x0000004d       0x4e CMakeFiles\pwmpio.dir\D_\RPI\pico-sdk\src\rp2_common\pico_double\double_init_rom.c.obj
 .comment       0x0000004d       0x4e CMakeFiles\pwmpio.dir\D_\RPI\pico-sdk\src\rp2_common\pico_float\float_init_rom.c.obj
 .comment       0x0000004d       0x4e CMakeFiles\pwmpio.dir\D_\RPI\pico-sdk\src\rp2_common\pico_malloc\pico_malloc.c.obj
 .comment       0x0000004d       0x4e CMakeFiles\pwmpio.dir\D_\RPI\pico-sdk\src\rp2_common\pico_standard_link\binary_info.c.obj
 .comment       0x0000004d       0x4e CMakeFiles\pwmpio.dir\D_\RPI\pico-sdk\src\rp2_common\pico_stdio\stdio.c.obj
 .comment       0x0000004d       0x4e CMakeFiles\pwmpio.dir\D_\RPI\pico-sdk\src\rp2_common\hardware_pio\pio.c.obj

.debug_info     0x00000000    0x12aac
 .debug_info    0x00000000      0xef7 CMakeFiles\pwmpio.dir\pwmpio.c.obj
 .debug_info    0x00000ef7     0x1141 CMakeFiles\pwmpio.dir\D_\RPI\pico-sdk\src\rp2_common\hardware_gpio\gpio.c.obj
 .debug_info    0x00002038      0x620 CMakeFiles\pwmpio.dir\D_\RPI\pico-sdk\src\rp2_common\hardware_claim\claim.c.obj
 .debug_info    0x00002658      0x4a5 CMakeFiles\pwmpio.dir\D_\RPI\pico-sdk\src\rp2_common\hardware_sync\sync.c.obj
 .debug_info    0x00002afd      0x1d5 CMakeFiles\pwmpio.dir\D_\RPI\pico-sdk\src\rp2_common\pico_platform\platform.c.obj
 .debug_info    0x00002cd2     0x36f2 CMakeFiles\pwmpio.dir\D_\RPI\pico-sdk\src\common\pico_time\time.c.obj
 .debug_info    0x000063c4      0xf9d CMakeFiles\pwmpio.dir\D_\RPI\pico-sdk\src\rp2_common\hardware_timer\timer.c.obj
 .debug_info    0x00007361      0x1c5 CMakeFiles\pwmpio.dir\D_\RPI\pico-sdk\src\common\pico_sync\lock_core.c.obj
 .debug_info    0x00007526      0xd59 CMakeFiles\pwmpio.dir\D_\RPI\pico-sdk\src\common\pico_sync\mutex.c.obj
 .debug_info    0x0000827f     0x1164 CMakeFiles\pwmpio.dir\D_\RPI\pico-sdk\src\common\pico_util\pheap.c.obj
 .debug_info    0x000093e3      0x993 CMakeFiles\pwmpio.dir\D_\RPI\pico-sdk\src\rp2_common\pico_runtime\runtime.c.obj
 .debug_info    0x00009d76     0x1068 CMakeFiles\pwmpio.dir\D_\RPI\pico-sdk\src\rp2_common\hardware_clocks\clocks.c.obj
 .debug_info    0x0000adde      0x49c CMakeFiles\pwmpio.dir\D_\RPI\pico-sdk\src\rp2_common\hardware_watchdog\watchdog.c.obj
 .debug_info    0x0000b27a      0x214 CMakeFiles\pwmpio.dir\D_\RPI\pico-sdk\src\rp2_common\hardware_xosc\xosc.c.obj
 .debug_info    0x0000b48e      0x3c1 CMakeFiles\pwmpio.dir\D_\RPI\pico-sdk\src\rp2_common\hardware_pll\pll.c.obj
 .debug_info    0x0000b84f     0x1807 CMakeFiles\pwmpio.dir\D_\RPI\pico-sdk\src\rp2_common\hardware_irq\irq.c.obj
 .debug_info    0x0000d056       0x26 CMakeFiles\pwmpio.dir\D_\RPI\pico-sdk\src\rp2_common\hardware_irq\irq_handler_chain.S.obj
 .debug_info    0x0000d07c     0x1a32 CMakeFiles\pwmpio.dir\D_\RPI\pico-sdk\src\rp2_common\pico_printf\printf.c.obj
 .debug_info    0x0000eaae       0x22 CMakeFiles\pwmpio.dir\D_\RPI\pico-sdk\src\rp2_common\pico_bit_ops\bit_ops_aeabi.S.obj
 .debug_info    0x0000ead0      0x231 CMakeFiles\pwmpio.dir\D_\RPI\pico-sdk\src\rp2_common\pico_bootrom\bootrom.c.obj
 .debug_info    0x0000ed01       0x22 CMakeFiles\pwmpio.dir\D_\RPI\pico-sdk\src\rp2_common\pico_divider\divider.S.obj
 .debug_info    0x0000ed23       0x22 CMakeFiles\pwmpio.dir\D_\RPI\pico-sdk\src\rp2_common\pico_double\double_aeabi.S.obj
 .debug_info    0x0000ed45      0x2a0 CMakeFiles\pwmpio.dir\D_\RPI\pico-sdk\src\rp2_common\pico_double\double_init_rom.c.obj
 .debug_info    0x0000efe5       0x22 CMakeFiles\pwmpio.dir\D_\RPI\pico-sdk\src\rp2_common\pico_double\double_v1_rom_shim.S.obj
 .debug_info    0x0000f007       0x26 CMakeFiles\pwmpio.dir\D_\RPI\pico-sdk\src\rp2_common\pico_int64_ops\pico_int64_ops_aeabi.S.obj
 .debug_info    0x0000f02d       0x22 CMakeFiles\pwmpio.dir\D_\RPI\pico-sdk\src\rp2_common\pico_float\float_aeabi.S.obj
 .debug_info    0x0000f04f      0x2ef CMakeFiles\pwmpio.dir\D_\RPI\pico-sdk\src\rp2_common\pico_float\float_init_rom.c.obj
 .debug_info    0x0000f33e       0x22 CMakeFiles\pwmpio.dir\D_\RPI\pico-sdk\src\rp2_common\pico_float\float_v1_rom_shim.S.obj
 .debug_info    0x0000f360      0x1e7 CMakeFiles\pwmpio.dir\D_\RPI\pico-sdk\src\rp2_common\pico_malloc\pico_malloc.c.obj
 .debug_info    0x0000f547       0x22 CMakeFiles\pwmpio.dir\D_\RPI\pico-sdk\src\rp2_common\pico_mem_ops\mem_ops_aeabi.S.obj
 .debug_info    0x0000f569       0x22 CMakeFiles\pwmpio.dir\D_\RPI\pico-sdk\src\rp2_common\pico_standard_link\crt0.S.obj
 .debug_info    0x0000f58b      0x2c5 CMakeFiles\pwmpio.dir\D_\RPI\pico-sdk\src\rp2_common\pico_standard_link\binary_info.c.obj
 .debug_info    0x0000f850     0x1071 CMakeFiles\pwmpio.dir\D_\RPI\pico-sdk\src\rp2_common\pico_stdio\stdio.c.obj
 .debug_info    0x000108c1     0x21eb CMakeFiles\pwmpio.dir\D_\RPI\pico-sdk\src\rp2_common\hardware_pio\pio.c.obj

.debug_abbrev   0x00000000     0x3eba
 .debug_abbrev  0x00000000      0x3a0 CMakeFiles\pwmpio.dir\pwmpio.c.obj
 .debug_abbrev  0x000003a0      0x309 CMakeFiles\pwmpio.dir\D_\RPI\pico-sdk\src\rp2_common\hardware_gpio\gpio.c.obj
 .debug_abbrev  0x000006a9      0x276 CMakeFiles\pwmpio.dir\D_\RPI\pico-sdk\src\rp2_common\hardware_claim\claim.c.obj
 .debug_abbrev  0x0000091f      0x212 CMakeFiles\pwmpio.dir\D_\RPI\pico-sdk\src\rp2_common\hardware_sync\sync.c.obj
 .debug_abbrev  0x00000b31       0xe7 CMakeFiles\pwmpio.dir\D_\RPI\pico-sdk\src\rp2_common\pico_platform\platform.c.obj
 .debug_abbrev  0x00000c18      0x589 CMakeFiles\pwmpio.dir\D_\RPI\pico-sdk\src\common\pico_time\time.c.obj
 .debug_abbrev  0x000011a1      0x34c CMakeFiles\pwmpio.dir\D_\RPI\pico-sdk\src\rp2_common\hardware_timer\timer.c.obj
 .debug_abbrev  0x000014ed      0x133 CMakeFiles\pwmpio.dir\D_\RPI\pico-sdk\src\common\pico_sync\lock_core.c.obj
 .debug_abbrev  0x00001620      0x32b CMakeFiles\pwmpio.dir\D_\RPI\pico-sdk\src\common\pico_sync\mutex.c.obj
 .debug_abbrev  0x0000194b      0x297 CMakeFiles\pwmpio.dir\D_\RPI\pico-sdk\src\common\pico_util\pheap.c.obj
 .debug_abbrev  0x00001be2      0x348 CMakeFiles\pwmpio.dir\D_\RPI\pico-sdk\src\rp2_common\pico_runtime\runtime.c.obj
 .debug_abbrev  0x00001f2a      0x386 CMakeFiles\pwmpio.dir\D_\RPI\pico-sdk\src\rp2_common\hardware_clocks\clocks.c.obj
 .debug_abbrev  0x000022b0      0x1b1 CMakeFiles\pwmpio.dir\D_\RPI\pico-sdk\src\rp2_common\hardware_watchdog\watchdog.c.obj
 .debug_abbrev  0x00002461      0x12c CMakeFiles\pwmpio.dir\D_\RPI\pico-sdk\src\rp2_common\hardware_xosc\xosc.c.obj
 .debug_abbrev  0x0000258d      0x1bc CMakeFiles\pwmpio.dir\D_\RPI\pico-sdk\src\rp2_common\hardware_pll\pll.c.obj
 .debug_abbrev  0x00002749      0x494 CMakeFiles\pwmpio.dir\D_\RPI\pico-sdk\src\rp2_common\hardware_irq\irq.c.obj
 .debug_abbrev  0x00002bdd       0x14 CMakeFiles\pwmpio.dir\D_\RPI\pico-sdk\src\rp2_common\hardware_irq\irq_handler_chain.S.obj
 .debug_abbrev  0x00002bf1      0x384 CMakeFiles\pwmpio.dir\D_\RPI\pico-sdk\src\rp2_common\pico_printf\printf.c.obj
 .debug_abbrev  0x00002f75       0x12 CMakeFiles\pwmpio.dir\D_\RPI\pico-sdk\src\rp2_common\pico_bit_ops\bit_ops_aeabi.S.obj
 .debug_abbrev  0x00002f87       0xf8 CMakeFiles\pwmpio.dir\D_\RPI\pico-sdk\src\rp2_common\pico_bootrom\bootrom.c.obj
 .debug_abbrev  0x0000307f       0x12 CMakeFiles\pwmpio.dir\D_\RPI\pico-sdk\src\rp2_common\pico_divider\divider.S.obj
 .debug_abbrev  0x00003091       0x12 CMakeFiles\pwmpio.dir\D_\RPI\pico-sdk\src\rp2_common\pico_double\double_aeabi.S.obj
 .debug_abbrev  0x000030a3      0x162 CMakeFiles\pwmpio.dir\D_\RPI\pico-sdk\src\rp2_common\pico_double\double_init_rom.c.obj
 .debug_abbrev  0x00003205       0x12 CMakeFiles\pwmpio.dir\D_\RPI\pico-sdk\src\rp2_common\pico_double\double_v1_rom_shim.S.obj
 .debug_abbrev  0x00003217       0x14 CMakeFiles\pwmpio.dir\D_\RPI\pico-sdk\src\rp2_common\pico_int64_ops\pico_int64_ops_aeabi.S.obj
 .debug_abbrev  0x0000322b       0x12 CMakeFiles\pwmpio.dir\D_\RPI\pico-sdk\src\rp2_common\pico_float\float_aeabi.S.obj
 .debug_abbrev  0x0000323d      0x17a CMakeFiles\pwmpio.dir\D_\RPI\pico-sdk\src\rp2_common\pico_float\float_init_rom.c.obj
 .debug_abbrev  0x000033b7       0x12 CMakeFiles\pwmpio.dir\D_\RPI\pico-sdk\src\rp2_common\pico_float\float_v1_rom_shim.S.obj
 .debug_abbrev  0x000033c9      0x111 CMakeFiles\pwmpio.dir\D_\RPI\pico-sdk\src\rp2_common\pico_malloc\pico_malloc.c.obj
 .debug_abbrev  0x000034da       0x12 CMakeFiles\pwmpio.dir\D_\RPI\pico-sdk\src\rp2_common\pico_mem_ops\mem_ops_aeabi.S.obj
 .debug_abbrev  0x000034ec       0x12 CMakeFiles\pwmpio.dir\D_\RPI\pico-sdk\src\rp2_common\pico_standard_link\crt0.S.obj
 .debug_abbrev  0x000034fe       0xad CMakeFiles\pwmpio.dir\D_\RPI\pico-sdk\src\rp2_common\pico_standard_link\binary_info.c.obj
 .debug_abbrev  0x000035ab      0x4f4 CMakeFiles\pwmpio.dir\D_\RPI\pico-sdk\src\rp2_common\pico_stdio\stdio.c.obj
 .debug_abbrev  0x00003a9f      0x41b CMakeFiles\pwmpio.dir\D_\RPI\pico-sdk\src\rp2_common\hardware_pio\pio.c.obj

.debug_loc      0x00000000     0xd2e1
 .debug_loc     0x00000000      0x590 CMakeFiles\pwmpio.dir\pwmpio.c.obj
 .debug_loc     0x00000590      0xafe CMakeFiles\pwmpio.dir\D_\RPI\pico-sdk\src\rp2_common\hardware_gpio\gpio.c.obj
 .debug_loc     0x0000108e      0x457 CMakeFiles\pwmpio.dir\D_\RPI\pico-sdk\src\rp2_common\hardware_claim\claim.c.obj
 .debug_loc     0x000014e5      0x1d7 CMakeFiles\pwmpio.dir\D_\RPI\pico-sdk\src\rp2_common\hardware_sync\sync.c.obj
 .debug_loc     0x000016bc       0xe9 CMakeFiles\pwmpio.dir\D_\RPI\pico-sdk\src\rp2_common\pico_platform\platform.c.obj
 .debug_loc     0x000017a5     0x2a3f CMakeFiles\pwmpio.dir\D_\RPI\pico-sdk\src\common\pico_time\time.c.obj
 .debug_loc     0x000041e4      0x831 CMakeFiles\pwmpio.dir\D_\RPI\pico-sdk\src\rp2_common\hardware_timer\timer.c.obj
 .debug_loc     0x00004a15       0xa2 CMakeFiles\pwmpio.dir\D_\RPI\pico-sdk\src\common\pico_sync\lock_core.c.obj
 .debug_loc     0x00004ab7      0x61a CMakeFiles\pwmpio.dir\D_\RPI\pico-sdk\src\common\pico_sync\mutex.c.obj
 .debug_loc     0x000050d1     0x13a5 CMakeFiles\pwmpio.dir\D_\RPI\pico-sdk\src\common\pico_util\pheap.c.obj
 .debug_loc     0x00006476      0x3d7 CMakeFiles\pwmpio.dir\D_\RPI\pico-sdk\src\rp2_common\pico_runtime\runtime.c.obj
 .debug_loc     0x0000684d      0x890 CMakeFiles\pwmpio.dir\D_\RPI\pico-sdk\src\rp2_common\hardware_clocks\clocks.c.obj
 .debug_loc     0x000070dd      0x267 CMakeFiles\pwmpio.dir\D_\RPI\pico-sdk\src\rp2_common\hardware_watchdog\watchdog.c.obj
 .debug_loc     0x00007344       0x71 CMakeFiles\pwmpio.dir\D_\RPI\pico-sdk\src\rp2_common\hardware_xosc\xosc.c.obj
 .debug_loc     0x000073b5      0x278 CMakeFiles\pwmpio.dir\D_\RPI\pico-sdk\src\rp2_common\hardware_pll\pll.c.obj
 .debug_loc     0x0000762d     0x1240 CMakeFiles\pwmpio.dir\D_\RPI\pico-sdk\src\rp2_common\hardware_irq\irq.c.obj
 .debug_loc     0x0000886d     0x203e CMakeFiles\pwmpio.dir\D_\RPI\pico-sdk\src\rp2_common\pico_printf\printf.c.obj
 .debug_loc     0x0000a8ab      0x16f CMakeFiles\pwmpio.dir\D_\RPI\pico-sdk\src\rp2_common\pico_bootrom\bootrom.c.obj
 .debug_loc     0x0000aa1a       0x59 CMakeFiles\pwmpio.dir\D_\RPI\pico-sdk\src\rp2_common\pico_double\double_init_rom.c.obj
 .debug_loc     0x0000aa73       0x73 CMakeFiles\pwmpio.dir\D_\RPI\pico-sdk\src\rp2_common\pico_float\float_init_rom.c.obj
 .debug_loc     0x0000aae6       0xbe CMakeFiles\pwmpio.dir\D_\RPI\pico-sdk\src\rp2_common\pico_malloc\pico_malloc.c.obj
 .debug_loc     0x0000aba4      0x993 CMakeFiles\pwmpio.dir\D_\RPI\pico-sdk\src\rp2_common\pico_stdio\stdio.c.obj
 .debug_loc     0x0000b537     0x1daa CMakeFiles\pwmpio.dir\D_\RPI\pico-sdk\src\rp2_common\hardware_pio\pio.c.obj

.debug_aranges  0x00000000      0xd18
 .debug_aranges
                0x00000000       0x28 CMakeFiles\pwmpio.dir\pwmpio.c.obj
 .debug_aranges
                0x00000028       0xa0 CMakeFiles\pwmpio.dir\D_\RPI\pico-sdk\src\rp2_common\hardware_gpio\gpio.c.obj
 .debug_aranges
                0x000000c8       0x48 CMakeFiles\pwmpio.dir\D_\RPI\pico-sdk\src\rp2_common\hardware_claim\claim.c.obj
 .debug_aranges
                0x00000110       0x50 CMakeFiles\pwmpio.dir\D_\RPI\pico-sdk\src\rp2_common\hardware_sync\sync.c.obj
 .debug_aranges
                0x00000160       0x28 CMakeFiles\pwmpio.dir\D_\RPI\pico-sdk\src\rp2_common\pico_platform\platform.c.obj
 .debug_aranges
                0x00000188       0xc8 CMakeFiles\pwmpio.dir\D_\RPI\pico-sdk\src\common\pico_time\time.c.obj
 .debug_aranges
                0x00000250       0x68 CMakeFiles\pwmpio.dir\D_\RPI\pico-sdk\src\rp2_common\hardware_timer\timer.c.obj
 .debug_aranges
                0x000002b8       0x20 CMakeFiles\pwmpio.dir\D_\RPI\pico-sdk\src\common\pico_sync\lock_core.c.obj
 .debug_aranges
                0x000002d8       0x48 CMakeFiles\pwmpio.dir\D_\RPI\pico-sdk\src\common\pico_sync\mutex.c.obj
 .debug_aranges
                0x00000320       0x70 CMakeFiles\pwmpio.dir\D_\RPI\pico-sdk\src\common\pico_util\pheap.c.obj
 .debug_aranges
                0x00000390       0x60 CMakeFiles\pwmpio.dir\D_\RPI\pico-sdk\src\rp2_common\pico_runtime\runtime.c.obj
 .debug_aranges
                0x000003f0       0x70 CMakeFiles\pwmpio.dir\D_\RPI\pico-sdk\src\rp2_common\hardware_clocks\clocks.c.obj
 .debug_aranges
                0x00000460       0x50 CMakeFiles\pwmpio.dir\D_\RPI\pico-sdk\src\rp2_common\hardware_watchdog\watchdog.c.obj
 .debug_aranges
                0x000004b0       0x30 CMakeFiles\pwmpio.dir\D_\RPI\pico-sdk\src\rp2_common\hardware_xosc\xosc.c.obj
 .debug_aranges
                0x000004e0       0x28 CMakeFiles\pwmpio.dir\D_\RPI\pico-sdk\src\rp2_common\hardware_pll\pll.c.obj
 .debug_aranges
                0x00000508       0x90 CMakeFiles\pwmpio.dir\D_\RPI\pico-sdk\src\rp2_common\hardware_irq\irq.c.obj
 .debug_aranges
                0x00000598       0x20 CMakeFiles\pwmpio.dir\D_\RPI\pico-sdk\src\rp2_common\hardware_irq\irq_handler_chain.S.obj
 .debug_aranges
                0x000005b8       0x90 CMakeFiles\pwmpio.dir\D_\RPI\pico-sdk\src\rp2_common\pico_printf\printf.c.obj
 .debug_aranges
                0x00000648       0x68 CMakeFiles\pwmpio.dir\D_\RPI\pico-sdk\src\rp2_common\pico_bit_ops\bit_ops_aeabi.S.obj
 .debug_aranges
                0x000006b0       0x30 CMakeFiles\pwmpio.dir\D_\RPI\pico-sdk\src\rp2_common\pico_bootrom\bootrom.c.obj
 .debug_aranges
                0x000006e0       0x40 CMakeFiles\pwmpio.dir\D_\RPI\pico-sdk\src\rp2_common\pico_divider\divider.S.obj
 .debug_aranges
                0x00000720      0x140 CMakeFiles\pwmpio.dir\D_\RPI\pico-sdk\src\rp2_common\pico_double\double_aeabi.S.obj
 .debug_aranges
                0x00000860       0x20 CMakeFiles\pwmpio.dir\D_\RPI\pico-sdk\src\rp2_common\pico_double\double_init_rom.c.obj
 .debug_aranges
                0x00000880       0xc8 CMakeFiles\pwmpio.dir\D_\RPI\pico-sdk\src\rp2_common\pico_double\double_v1_rom_shim.S.obj
 .debug_aranges
                0x00000948       0x20 CMakeFiles\pwmpio.dir\D_\RPI\pico-sdk\src\rp2_common\pico_int64_ops\pico_int64_ops_aeabi.S.obj
 .debug_aranges
                0x00000968      0x130 CMakeFiles\pwmpio.dir\D_\RPI\pico-sdk\src\rp2_common\pico_float\float_aeabi.S.obj
 .debug_aranges
                0x00000a98       0x20 CMakeFiles\pwmpio.dir\D_\RPI\pico-sdk\src\rp2_common\pico_float\float_init_rom.c.obj
 .debug_aranges
                0x00000ab8       0x50 CMakeFiles\pwmpio.dir\D_\RPI\pico-sdk\src\rp2_common\pico_float\float_v1_rom_shim.S.obj
 .debug_aranges
                0x00000b08       0x30 CMakeFiles\pwmpio.dir\D_\RPI\pico-sdk\src\rp2_common\pico_malloc\pico_malloc.c.obj
 .debug_aranges
                0x00000b38       0x38 CMakeFiles\pwmpio.dir\D_\RPI\pico-sdk\src\rp2_common\pico_mem_ops\mem_ops_aeabi.S.obj
 .debug_aranges
                0x00000b70       0x28 CMakeFiles\pwmpio.dir\D_\RPI\pico-sdk\src\rp2_common\pico_standard_link\crt0.S.obj
 .debug_aranges
                0x00000b98       0x18 CMakeFiles\pwmpio.dir\D_\RPI\pico-sdk\src\rp2_common\pico_standard_link\binary_info.c.obj
 .debug_aranges
                0x00000bb0       0xb8 CMakeFiles\pwmpio.dir\D_\RPI\pico-sdk\src\rp2_common\pico_stdio\stdio.c.obj
 .debug_aranges
                0x00000c68       0xb0 CMakeFiles\pwmpio.dir\D_\RPI\pico-sdk\src\rp2_common\hardware_pio\pio.c.obj

.debug_ranges   0x00000000     0x23d0
 .debug_ranges  0x00000000       0xe8 CMakeFiles\pwmpio.dir\pwmpio.c.obj
 .debug_ranges  0x000000e8       0xa8 CMakeFiles\pwmpio.dir\D_\RPI\pico-sdk\src\rp2_common\hardware_gpio\gpio.c.obj
 .debug_ranges  0x00000190       0xd8 CMakeFiles\pwmpio.dir\D_\RPI\pico-sdk\src\rp2_common\hardware_claim\claim.c.obj
 .debug_ranges  0x00000268       0xb8 CMakeFiles\pwmpio.dir\D_\RPI\pico-sdk\src\rp2_common\hardware_sync\sync.c.obj
 .debug_ranges  0x00000320       0x18 CMakeFiles\pwmpio.dir\D_\RPI\pico-sdk\src\rp2_common\pico_platform\platform.c.obj
 .debug_ranges  0x00000338      0x7e8 CMakeFiles\pwmpio.dir\D_\RPI\pico-sdk\src\common\pico_time\time.c.obj
 .debug_ranges  0x00000b20      0x2f0 CMakeFiles\pwmpio.dir\D_\RPI\pico-sdk\src\rp2_common\hardware_timer\timer.c.obj
 .debug_ranges  0x00000e10       0x10 CMakeFiles\pwmpio.dir\D_\RPI\pico-sdk\src\common\pico_sync\lock_core.c.obj
 .debug_ranges  0x00000e20      0x338 CMakeFiles\pwmpio.dir\D_\RPI\pico-sdk\src\common\pico_sync\mutex.c.obj
 .debug_ranges  0x00001158      0x240 CMakeFiles\pwmpio.dir\D_\RPI\pico-sdk\src\common\pico_util\pheap.c.obj
 .debug_ranges  0x00001398       0x68 CMakeFiles\pwmpio.dir\D_\RPI\pico-sdk\src\rp2_common\pico_runtime\runtime.c.obj
 .debug_ranges  0x00001400       0x78 CMakeFiles\pwmpio.dir\D_\RPI\pico-sdk\src\rp2_common\hardware_clocks\clocks.c.obj
 .debug_ranges  0x00001478       0x40 CMakeFiles\pwmpio.dir\D_\RPI\pico-sdk\src\rp2_common\hardware_watchdog\watchdog.c.obj
 .debug_ranges  0x000014b8       0x20 CMakeFiles\pwmpio.dir\D_\RPI\pico-sdk\src\rp2_common\hardware_xosc\xosc.c.obj
 .debug_ranges  0x000014d8       0x18 CMakeFiles\pwmpio.dir\D_\RPI\pico-sdk\src\rp2_common\hardware_pll\pll.c.obj
 .debug_ranges  0x000014f0      0x3b0 CMakeFiles\pwmpio.dir\D_\RPI\pico-sdk\src\rp2_common\hardware_irq\irq.c.obj
 .debug_ranges  0x000018a0      0x108 CMakeFiles\pwmpio.dir\D_\RPI\pico-sdk\src\rp2_common\pico_printf\printf.c.obj
 .debug_ranges  0x000019a8       0x60 CMakeFiles\pwmpio.dir\D_\RPI\pico-sdk\src\rp2_common\pico_bit_ops\bit_ops_aeabi.S.obj