Archive member included to satisfy reference by file (symbol)

c:/progra~2/gnuarm~1/102020~1/bin/../lib/gcc/arm-none-eabi/10.2.1/thumb/v6-m/nofp\libgcc.a(_dvmd_tls.o)
                              CMakeFiles\drive.dir\D_\RPI\pico-sdk\src\rp2_common\pico_divider\divider.S.obj (__aeabi_idiv0)
c:/progra~2/gnuarm~1/102020~1/bin/../lib/gcc/arm-none-eabi/10.2.1/../../../../arm-none-eabi/lib/thumb/v6-m/nofp\libg.a(lib_a-calloc.o)
                              CMakeFiles\drive.dir\D_\RPI\pico-sdk\src\rp2_common\pico_malloc\pico_malloc.c.obj (calloc)
c:/progra~2/gnuarm~1/102020~1/bin/../lib/gcc/arm-none-eabi/10.2.1/../../../../arm-none-eabi/lib/thumb/v6-m/nofp\libg.a(lib_a-callocr.o)
                              c:/progra~2/gnuarm~1/102020~1/bin/../lib/gcc/arm-none-eabi/10.2.1/../../../../arm-none-eabi/lib/thumb/v6-m/nofp\libg.a(lib_a-calloc.o) (_calloc_r)
c:/progra~2/gnuarm~1/102020~1/bin/../lib/gcc/arm-none-eabi/10.2.1/../../../../arm-none-eabi/lib/thumb/v6-m/nofp\libg.a(lib_a-impure.o)
                              c:/progra~2/gnuarm~1/102020~1/bin/../lib/gcc/arm-none-eabi/10.2.1/../../../../arm-none-eabi/lib/thumb/v6-m/nofp\libg.a(lib_a-calloc.o) (_impure_ptr)
c:/progra~2/gnuarm~1/102020~1/bin/../lib/gcc/arm-none-eabi/10.2.1/../../../../arm-none-eabi/lib/thumb/v6-m/nofp\libg.a(lib_a-init.o)
                              c:/progra~2/gnuarm~1/102020~1/bin/../lib/gcc/arm-none-eabi/10.2.1/../../../../arm-none-eabi/lib/thumb/v6-m/nofp/crt0.o (__libc_init_array)
c:/progra~2/gnuarm~1/102020~1/bin/../lib/gcc/arm-none-eabi/10.2.1/../../../../arm-none-eabi/lib/thumb/v6-m/nofp\libg.a(lib_a-malloc.o)
                              CMakeFiles\drive.dir\D_\RPI\pico-sdk\src\rp2_common\pico_malloc\pico_malloc.c.obj (malloc)
c:/progra~2/gnuarm~1/102020~1/bin/../lib/gcc/arm-none-eabi/10.2.1/../../../../arm-none-eabi/lib/thumb/v6-m/nofp\libg.a(lib_a-mallocr.o)
                              c:/progra~2/gnuarm~1/102020~1/bin/../lib/gcc/arm-none-eabi/10.2.1/../../../../arm-none-eabi/lib/thumb/v6-m/nofp\libg.a(lib_a-callocr.o) (_malloc_r)
c:/progra~2/gnuarm~1/102020~1/bin/../lib/gcc/arm-none-eabi/10.2.1/../../../../arm-none-eabi/lib/thumb/v6-m/nofp\libg.a(lib_a-mlock.o)
                              c:/progra~2/gnuarm~1/102020~1/bin/../lib/gcc/arm-none-eabi/10.2.1/../../../../arm-none-eabi/lib/thumb/v6-m/nofp\libg.a(lib_a-mallocr.o) (__malloc_lock)
c:/progra~2/gnuarm~1/102020~1/bin/../lib/gcc/arm-none-eabi/10.2.1/../../../../arm-none-eabi/lib/thumb/v6-m/nofp\libg.a(lib_a-sbrkr.o)
                              c:/progra~2/gnuarm~1/102020~1/bin/../lib/gcc/arm-none-eabi/10.2.1/../../../../arm-none-eabi/lib/thumb/v6-m/nofp\libg.a(lib_a-mallocr.o) (_sbrk_r)
c:/progra~2/gnuarm~1/102020~1/bin/../lib/gcc/arm-none-eabi/10.2.1/../../../../arm-none-eabi/lib/thumb/v6-m/nofp\libg.a(lib_a-strlen-stub.o)
                              CMakeFiles\drive.dir\D_\RPI\pico-sdk\src\rp2_common\pico_stdio\stdio.c.obj (strlen)
c:/progra~2/gnuarm~1/102020~1/bin/../lib/gcc/arm-none-eabi/10.2.1/../../../../arm-none-eabi/lib/thumb/v6-m/nofp\libg.a(lib_a-freer.o)
                              c:/progra~2/gnuarm~1/102020~1/bin/../lib/gcc/arm-none-eabi/10.2.1/../../../../arm-none-eabi/lib/thumb/v6-m/nofp\libg.a(lib_a-malloc.o) (_free_r)
c:/progra~2/gnuarm~1/102020~1/bin/../lib/gcc/arm-none-eabi/10.2.1/../../../../arm-none-eabi/lib/thumb/v6-m/nofp\libg.a(lib_a-lock.o)
                              c:/progra~2/gnuarm~1/102020~1/bin/../lib/gcc/arm-none-eabi/10.2.1/../../../../arm-none-eabi/lib/thumb/v6-m/nofp\libg.a(lib_a-mlock.o) (__retarget_lock_acquire_recursive)
c:/progra~2/gnuarm~1/102020~1/bin/../lib/gcc/arm-none-eabi/10.2.1/../../../../arm-none-eabi/lib/thumb/v6-m/nofp\libg.a(lib_a-reent.o)
                              c:/progra~2/gnuarm~1/102020~1/bin/../lib/gcc/arm-none-eabi/10.2.1/../../../../arm-none-eabi/lib/thumb/v6-m/nofp\libg.a(lib_a-sbrkr.o) (errno)

Discarded input sections

 .text          0x00000000        0x0 c:/progra~2/gnuarm~1/102020~1/bin/../lib/gcc/arm-none-eabi/10.2.1/thumb/v6-m/nofp/crti.o
 .data          0x00000000        0x0 c:/progra~2/gnuarm~1/102020~1/bin/../lib/gcc/arm-none-eabi/10.2.1/thumb/v6-m/nofp/crti.o
 .bss           0x00000000        0x0 c:/progra~2/gnuarm~1/102020~1/bin/../lib/gcc/arm-none-eabi/10.2.1/thumb/v6-m/nofp/crti.o
 .data          0x00000000        0x4 c:/progra~2/gnuarm~1/102020~1/bin/../lib/gcc/arm-none-eabi/10.2.1/thumb/v6-m/nofp/crtbegin.o
 .rodata        0x00000000       0x24 c:/progra~2/gnuarm~1/102020~1/bin/../lib/gcc/arm-none-eabi/10.2.1/thumb/v6-m/nofp/crtbegin.o
 .fini_array    0x00000000        0x4 c:/progra~2/gnuarm~1/102020~1/bin/../lib/gcc/arm-none-eabi/10.2.1/thumb/v6-m/nofp/crtbegin.o
 .text          0x00000000       0x80 c:/progra~2/gnuarm~1/102020~1/bin/../lib/gcc/arm-none-eabi/10.2.1/../../../../arm-none-eabi/lib/thumb/v6-m/nofp/crt0.o
[...]
Memory Configuration

Name             Origin             Length             Attributes
FLASH            0x10000000         0x00200000         xr
RAM              0x20000000         0x00040000         xrw
SCRATCH_X        0x20040000         0x00001000         xrw
SCRATCH_Y        0x20041000         0x00001000         xrw
*default*        0x00000000         0xffffffff

Linker script and memory map

LOAD c:/progra~2/gnuarm~1/102020~1/bin/../lib/gcc/arm-none-eabi/10.2.1/thumb/v6-m/nofp/crti.o
LOAD c:/progra~2/gnuarm~1/102020~1/bin/../lib/gcc/arm-none-eabi/10.2.1/thumb/v6-m/nofp/crtbegin.o
LOAD c:/progra~2/gnuarm~1/102020~1/bin/../lib/gcc/arm-none-eabi/10.2.1/../../../../arm-none-eabi/lib/thumb/v6-m/nofp/crt0.o

.flash_begin    0x10000000        0x0
                0x10000000                __flash_binary_start = .

.boot2          0x10000000      0x100
                0x10000000                __boot2_start__ = .
 *(.boot2)
 .boot2         0x10000000      0x100 C:\Users\Ben\AppData\Local\Temp\ccIqYea4.o
                0x10000100                __boot2_end__ = .
                0x00000001                ASSERT (((__boot2_end__ - __boot2_start__) == 0x100), ERROR: Pico second stage bootloader must be 256 bytes in size)

.text           0x10000100     0x4740
                0x10000100                __reset_start = .
 *(.reset)
 .reset         0x10000100       0xc4 CMakeFiles\drive.dir\D_\RPI\pico-sdk\src\rp2_common\pico_standard_link\crt0.S.obj
                0x10000104                _entry_point
                0x10000196                __get_current_exception
 .reset         0x100001c4       0x30 CMakeFiles\drive.dir\D_\RPI\pico-sdk\src\rp2_common\pico_standard_link\binary_info.c.obj
                0x10000200                . = ALIGN (0x100)
 *fill*         0x100001f4        0xc 
                0x10000200                __reset_end = .
                0x00000001                ASSERT (((__reset_end - __reset_start) == 0x100), ERROR: reset section should only be 256 bytes)
 *(.vectors)
 .vectors       0x10000200       0xd4 CMakeFiles\drive.dir\D_\RPI\pico-sdk\src\rp2_common\pico_standard_link\crt0.S.obj
                0x10000200                __vectors
                0x100002c0                isr_invalid
                0x100002c2                isr_nmi
                0x100002c4                isr_hardfault
                0x100002c6                isr_svcall
                0x100002c8                isr_pendsv
                0x100002ca                isr_systick
                0x100002cc                isr_irq11
                0x100002cc                isr_irq5
                0x100002cc                isr_irq23
                0x100002cc                isr_irq18
                0x100002cc                isr_irq31
                0x100002cc                isr_irq28
                0x100002cc                isr_irq19
                0x100002cc                isr_irq0
                0x100002cc                isr_irq6
                0x100002cc                isr_irq27
                0x100002cc                isr_irq12
                0x100002cc                isr_irq22
                0x100002cc                isr_irq13
                0x100002cc                isr_irq17
                0x100002cc                isr_irq14
                0x100002cc                isr_irq2
                0x100002cc                isr_irq10
                0x100002cc                isr_irq8
                0x100002cc                isr_irq24
                0x100002cc                isr_irq1
                0x100002cc                isr_irq7
                0x100002cc                isr_irq21
                0x100002cc                isr_irq20
                0x100002cc                isr_irq15
                0x100002cc                isr_irq25
                0x100002cc                __unhandled_user_irq
                0x100002cc                isr_irq4
                0x100002cc                isr_irq16
                0x100002cc                isr_irq29
                0x100002cc                isr_irq26
                0x100002cc                isr_irq3
                0x100002cc                isr_irq30
                0x100002cc                isr_irq9
                0x100002d2                unhandled_user_irq_num_in_r0
 *(.init)
 .init          0x100002d4        0x4 c:/progra~2/gnuarm~1/102020~1/bin/../lib/gcc/arm-none-eabi/10.2.1/thumb/v6-m/nofp/crti.o
                0x100002d4                _init
 *(EXCLUDE_FILE(*libm.a: *libc.a:*lib_a-mem*.o *libgcc.a:) .text*)
 .text          0x100002d8       0x48 c:/progra~2/gnuarm~1/102020~1/bin/../lib/gcc/arm-none-eabi/10.2.1/thumb/v6-m/nofp/crtbegin.o
 .text.alarm_pwm
                0x10000320       0x3c CMakeFiles\drive.dir\drive.c.obj
                0x10000320                alarm_pwm
 .text.main     0x1000035c       0x50 CMakeFiles\drive.dir\drive.c.obj
                0x1000035c                main
 .text.gpio_set_function
                0x100003ac       0x30 CMakeFiles\drive.dir\D_\RPI\pico-sdk\src\rp2_common\hardware_gpio\gpio.c.obj
                0x100003ac                gpio_set_function
 .text.hw_claim_lock
                0x100003dc       0x18 CMakeFiles\drive.dir\D_\RPI\pico-sdk\src\rp2_common\hardware_claim\claim.c.obj
                0x100003dc                hw_claim_lock
 .text.hw_claim_unlock
                0x100003f4       0x14 CMakeFiles\drive.dir\D_\RPI\pico-sdk\src\rp2_common\hardware_claim\claim.c.obj
                0x100003f4                hw_claim_unlock
 .text.hw_claim_or_assert
                0x10000408       0x34 CMakeFiles\drive.dir\D_\RPI\pico-sdk\src\rp2_common\hardware_claim\claim.c.obj
                0x10000408                hw_claim_or_assert
 .text.spin_locks_reset
                0x1000043c       0x20 CMakeFiles\drive.dir\D_\RPI\pico-sdk\src\rp2_common\hardware_sync\sync.c.obj
                0x1000043c                spin_locks_reset
 .text.next_striped_spin_lock_num
                0x1000045c       0x1c CMakeFiles\drive.dir\D_\RPI\pico-sdk\src\rp2_common\hardware_sync\sync.c.obj
                0x1000045c                next_striped_spin_lock_num
 .text.running_on_fpga
                0x10000478       0x14 CMakeFiles\drive.dir\D_\RPI\pico-sdk\src\rp2_common\pico_platform\platform.c.obj
                0x10000478                running_on_fpga
 .text.repeating_timer_callback
                0x1000048c       0x1e CMakeFiles\drive.dir\D_\RPI\pico-sdk\src\common\pico_time\time.c.obj
 *fill*         0x100004aa        0x2 
 .text.timer_pool_entry_comparator
                0x100004ac       0x7c CMakeFiles\drive.dir\D_\RPI\pico-sdk\src\common\pico_time\time.c.obj
                0x100004ac                timer_pool_entry_comparator
 .text.ph_add_child_node
                0x10000528       0xa4 CMakeFiles\drive.dir\D_\RPI\pico-sdk\src\common\pico_time\time.c.obj
 .text.ph_merge_nodes
                0x100005cc       0x3e CMakeFiles\drive.dir\D_\RPI\pico-sdk\src\common\pico_time\time.c.obj
 *fill*         0x1000060a        0x2 
 .text.add_alarm_under_lock
                0x1000060c      0x184 CMakeFiles\drive.dir\D_\RPI\pico-sdk\src\common\pico_time\time.c.obj
 .text.alarm_pool_alarm_callback
                0x10000790      0x2f4 CMakeFiles\drive.dir\D_\RPI\pico-sdk\src\common\pico_time\time.c.obj
 .text.alarm_pool_get_default
                0x10000a84       0x28 CMakeFiles\drive.dir\D_\RPI\pico-sdk\src\common\pico_time\time.c.obj
                0x10000a84                alarm_pool_get_default
 .text.alarm_pool_create
                0x10000aac       0x6c CMakeFiles\drive.dir\D_\RPI\pico-sdk\src\common\pico_time\time.c.obj
                0x10000aac                alarm_pool_create
 .text.alarm_pool_init_default
                0x10000b18       0x20 CMakeFiles\drive.dir\D_\RPI\pico-sdk\src\common\pico_time\time.c.obj
                0x10000b18                alarm_pool_init_default
 .text.alarm_pool_add_alarm_at
                0x10000b38      0x128 CMakeFiles\drive.dir\D_\RPI\pico-sdk\src\common\pico_time\time.c.obj
                0x10000b38                alarm_pool_add_alarm_at
 .text.alarm_pool_add_repeating_timer_us
                0x10000c60       0x74 CMakeFiles\drive.dir\D_\RPI\pico-sdk\src\common\pico_time\time.c.obj
                0x10000c60                alarm_pool_add_repeating_timer_us
 .text.hardware_alarm_irq_handler
                0x10000cd4       0x8c CMakeFiles\drive.dir\D_\RPI\pico-sdk\src\rp2_common\hardware_timer\timer.c.obj
 .text.hardware_alarm_claim
                0x10000d60       0x18 CMakeFiles\drive.dir\D_\RPI\pico-sdk\src\rp2_common\hardware_timer\timer.c.obj
                0x10000d60                hardware_alarm_claim
 .text.time_us_64
                0x10000d78       0x18 CMakeFiles\drive.dir\D_\RPI\pico-sdk\src\rp2_common\hardware_timer\timer.c.obj
                0x10000d78                time_us_64
 .text.hardware_alarm_set_callback
                0x10000d90       0x90 CMakeFiles\drive.dir\D_\RPI\pico-sdk\src\rp2_common\hardware_timer\timer.c.obj
                0x10000d90                hardware_alarm_set_callback
 .text.hardware_alarm_set_target
                0x10000e20       0xd0 CMakeFiles\drive.dir\D_\RPI\pico-sdk\src\rp2_common\hardware_timer\timer.c.obj
                0x10000e20                hardware_alarm_set_target
 .text.hardware_alarm_cancel
                0x10000ef0       0x40 CMakeFiles\drive.dir\D_\RPI\pico-sdk\src\rp2_common\hardware_timer\timer.c.obj
                0x10000ef0                hardware_alarm_cancel
 .text.lock_init
                0x10000f30       0x30 CMakeFiles\drive.dir\D_\RPI\pico-sdk\src\common\pico_sync\lock_core.c.obj
                0x10000f30                lock_init
 .text.mutex_init
                0x10000f60       0x16 CMakeFiles\drive.dir\D_\RPI\pico-sdk\src\common\pico_sync\mutex.c.obj
                0x10000f60                mutex_init
 *fill*         0x10000f76        0x2 
 .text.ph_add_child_node
                0x10000f78       0xa4 CMakeFiles\drive.dir\D_\RPI\pico-sdk\src\common\pico_util\pheap.c.obj
 .text.ph_merge_nodes
                0x1000101c       0x3e CMakeFiles\drive.dir\D_\RPI\pico-sdk\src\common\pico_util\pheap.c.obj
 *fill*         0x1000105a        0x2 
 .text.ph_clear
                0x1000105c       0x74 CMakeFiles\drive.dir\D_\RPI\pico-sdk\src\common\pico_util\pheap.c.obj
                0x1000105c                ph_clear
 .text.ph_create
                0x100010d0       0x2c CMakeFiles\drive.dir\D_\RPI\pico-sdk\src\common\pico_util\pheap.c.obj
                0x100010d0                ph_create
 .text.ph_merge_two_pass
                0x100010fc       0xa8 CMakeFiles\drive.dir\D_\RPI\pico-sdk\src\common\pico_util\pheap.c.obj
                0x100010fc                ph_merge_two_pass
 .text.ph_remove_any_head
                0x100011a4      0x108 CMakeFiles\drive.dir\D_\RPI\pico-sdk\src\common\pico_util\pheap.c.obj
 .text.ph_remove_head_reserve
                0x100012ac       0x14 CMakeFiles\drive.dir\D_\RPI\pico-sdk\src\common\pico_util\pheap.c.obj
                0x100012ac                ph_remove_head_reserve
 .text.ph_delete
                0x100012c0       0xf8 CMakeFiles\drive.dir\D_\RPI\pico-sdk\src\common\pico_util\pheap.c.obj
                0x100012c0                ph_delete
 .text.runtime_init
                0x100013b8       0xcc CMakeFiles\drive.dir\D_\RPI\pico-sdk\src\rp2_common\pico_runtime\runtime.c.obj
                0x100013b8                runtime_init
 .text._exit    0x10001484        0x4 CMakeFiles\drive.dir\D_\RPI\pico-sdk\src\rp2_common\pico_runtime\runtime.c.obj
                0x10001484                _exit
 .text._sbrk    0x10001488       0x38 CMakeFiles\drive.dir\D_\RPI\pico-sdk\src\rp2_common\pico_runtime\runtime.c.obj
                0x10001488                _sbrk
 .text.exit     0x100014c0        0x6 CMakeFiles\drive.dir\D_\RPI\pico-sdk\src\rp2_common\pico_runtime\runtime.c.obj
                0x100014c0                exit
 *fill*         0x100014c6        0x2 
 .text.__assert_func
                0x100014c8       0x3c CMakeFiles\drive.dir\D_\RPI\pico-sdk\src\rp2_common\pico_runtime\runtime.c.obj
                0x100014c8                __assert_func
 .text.panic    0x10001504       0x30 CMakeFiles\drive.dir\D_\RPI\pico-sdk\src\rp2_common\pico_runtime\runtime.c.obj
                0x10001504                panic
 .text.clock_configure
                0x10001534       0xe8 CMakeFiles\drive.dir\D_\RPI\pico-sdk\src\rp2_common\hardware_clocks\clocks.c.obj
                0x10001534                clock_configure
 .text.clocks_init
                0x1000161c      0x124 CMakeFiles\drive.dir\D_\RPI\pico-sdk\src\rp2_common\hardware_clocks\clocks.c.obj
                0x1000161c                clocks_init
 .text.watchdog_start_tick
                0x10001740       0x10 CMakeFiles\drive.dir\D_\RPI\pico-sdk\src\rp2_common\hardware_watchdog\watchdog.c.obj
                0x10001740                watchdog_start_tick
 .text.xosc_init
                0x10001750       0x28 CMakeFiles\drive.dir\D_\RPI\pico-sdk\src\rp2_common\hardware_xosc\xosc.c.obj
                0x10001750                xosc_init
 .text.pll_init
                0x10001778       0xd4 CMakeFiles\drive.dir\D_\RPI\pico-sdk\src\rp2_common\hardware_pll\pll.c.obj
                0x10001778                pll_init
 .text.set_raw_irq_handler_and_unlock
                0x1000184c       0x28 CMakeFiles\drive.dir\D_\RPI\pico-sdk\src\rp2_common\hardware_irq\irq.c.obj
 .text.make_branch
                0x10001874       0x34 CMakeFiles\drive.dir\D_\RPI\pico-sdk\src\rp2_common\hardware_irq\irq.c.obj
 .text.insert_branch_and_link
                0x100018a8       0x40 CMakeFiles\drive.dir\D_\RPI\pico-sdk\src\rp2_common\hardware_irq\irq.c.obj
 .text.irq_is_enabled
                0x100018e8       0x18 CMakeFiles\drive.dir\D_\RPI\pico-sdk\src\rp2_common\hardware_irq\irq.c.obj
                0x100018e8                irq_is_enabled
 .text.irq_set_mask_enabled
                0x10001900       0x20 CMakeFiles\drive.dir\D_\RPI\pico-sdk\src\rp2_common\hardware_irq\irq.c.obj
                0x10001900                irq_set_mask_enabled
 .text.irq_set_enabled
                0x10001920        0xe CMakeFiles\drive.dir\D_\RPI\pico-sdk\src\rp2_common\hardware_irq\irq.c.obj
                0x10001920                irq_set_enabled
 *fill*         0x1000192e        0x2 
 .text.irq_get_vtable_handler
                0x10001930       0x10 CMakeFiles\drive.dir\D_\RPI\pico-sdk\src\rp2_common\hardware_irq\irq.c.obj
                0x10001930                irq_get_vtable_handler
 .text.irq_set_exclusive_handler
                0x10001940       0x54 CMakeFiles\drive.dir\D_\RPI\pico-sdk\src\rp2_common\hardware_irq\irq.c.obj
                0x10001940                irq_set_exclusive_handler
 .text.irq_remove_handler
                0x10001994      0x1b4 CMakeFiles\drive.dir\D_\RPI\pico-sdk\src\rp2_common\hardware_irq\irq.c.obj
                0x10001994                irq_remove_handler
 .text.irq_set_priority
                0x10001b48       0x28 CMakeFiles\drive.dir\D_\RPI\pico-sdk\src\rp2_common\hardware_irq\irq.c.obj
                0x10001b48                irq_set_priority
 .text.irq_add_tail_to_free_list
                0x10001b70       0xf8 CMakeFiles\drive.dir\D_\RPI\pico-sdk\src\rp2_common\hardware_irq\irq.c.obj
                0x10001b70                irq_add_tail_to_free_list
 .text.irq_init_priorities
                0x10001c68       0x16 CMakeFiles\drive.dir\D_\RPI\pico-sdk\src\rp2_common\hardware_irq\irq.c.obj
                0x10001c68                irq_init_priorities
 .text._out_null
                0x10001c7e        0x2 CMakeFiles\drive.dir\D_\RPI\pico-sdk\src\rp2_common\pico_printf\printf.c.obj
 .text._out_fct
                0x10001c80        0xe CMakeFiles\drive.dir\D_\RPI\pico-sdk\src\rp2_common\pico_printf\printf.c.obj
 .text._atoi    0x10001c8e       0x24 CMakeFiles\drive.dir\D_\RPI\pico-sdk\src\rp2_common\pico_printf\printf.c.obj
 .text._out_rev
                0x10001cb2       0xae CMakeFiles\drive.dir\D_\RPI\pico-sdk\src\rp2_common\pico_printf\printf.c.obj
 .text._ntoa_format
                0x10001d60      0x112 CMakeFiles\drive.dir\D_\RPI\pico-sdk\src\rp2_common\pico_printf\printf.c.obj
 .text._ntoa_long
                0x10001e72       0xbc CMakeFiles\drive.dir\D_\RPI\pico-sdk\src\rp2_common\pico_printf\printf.c.obj
 .text._ntoa_long_long
                0x10001f2e       0xe2 CMakeFiles\drive.dir\D_\RPI\pico-sdk\src\rp2_common\pico_printf\printf.c.obj
 .text._etoa    0x10002010      0x404 CMakeFiles\drive.dir\D_\RPI\pico-sdk\src\rp2_common\pico_printf\printf.c.obj
 .text._ftoa    0x10002414      0x354 CMakeFiles\drive.dir\D_\RPI\pico-sdk\src\rp2_common\pico_printf\printf.c.obj
 .text._vsnprintf
                0x10002768      0x624 CMakeFiles\drive.dir\D_\RPI\pico-sdk\src\rp2_common\pico_printf\printf.c.obj
 .text.vfctprintf
                0x10002d8c       0x20 CMakeFiles\drive.dir\D_\RPI\pico-sdk\src\rp2_common\pico_printf\printf.c.obj
                0x10002d8c                vfctprintf
 .text          0x10002dac       0x10 CMakeFiles\drive.dir\D_\RPI\pico-sdk\src\rp2_common\pico_bit_ops\bit_ops_aeabi.S.obj
 .text.rom_func_lookup
                0x10002dbc       0x10 CMakeFiles\drive.dir\D_\RPI\pico-sdk\src\rp2_common\pico_bootrom\bootrom.c.obj
                0x10002dbc                rom_func_lookup
 .text.rom_data_lookup
                0x10002dcc       0x10 CMakeFiles\drive.dir\D_\RPI\pico-sdk\src\rp2_common\pico_bootrom\bootrom.c.obj
                0x10002dcc                rom_data_lookup
 .text.rom_funcs_lookup
                0x10002ddc       0x36 CMakeFiles\drive.dir\D_\RPI\pico-sdk\src\rp2_common\pico_bootrom\bootrom.c.obj
                0x10002ddc                rom_funcs_lookup
 *fill*         0x10002e12        0x2 
 .text.__wrap___aeabi_idiv
                0x10002e14       0x58 CMakeFiles\drive.dir\D_\RPI\pico-sdk\src\rp2_common\pico_divider\divider.S.obj
                0x10002e14                __wrap___aeabi_idivmod
                0x10002e14                divmod_s32s32
                0x10002e14                div_s32s32
                0x10002e14                __wrap___aeabi_idiv
                0x10002e1c                divmod_s32s32_unsafe
                0x10002e48                divmod_s32s32_savestate
 .text.__wrap___aeabi_uidiv
                0x10002e6c       0x54 CMakeFiles\drive.dir\D_\RPI\pico-sdk\src\rp2_common\pico_divider\divider.S.obj
                0x10002e6c                __wrap___aeabi_uidiv
                0x10002e6c                __wrap___aeabi_uidivmod
                0x10002e6c                div_u32u32
                0x10002e6c                divmod_u32u32
                0x10002e74                divmod_u32u32_unsafe
                0x10002e9c                divmod_u32u32_savestate
 .text.__wrap___aeabi_ldiv
                0x10002ec0      0x430 CMakeFiles\drive.dir\D_\RPI\pico-sdk\src\rp2_common\pico_divider\divider.S.obj
                0x10002ec0                div_s64s64
                0x10002ec0                divmod_s64s64
                0x10002ec0                __wrap___aeabi_ldivmod
                0x10002ef8                divmod_u64u64
                0x10002ef8                div_u64u64
                0x10002ef8                __wrap___aeabi_uldivmod
                0x10002f08                divmod_u64u64_savestate
                0x10002f30                divmod_s64s64_unsafe
                0x10002fb8                divmod_u64u64_unsafe
 .text.__wrap___aeabi_darithmetic
                0x100032f0       0x54 CMakeFiles\drive.dir\D_\RPI\pico-sdk\src\rp2_common\pico_double\double_aeabi.S.obj
                0x100032f0                __wrap___aeabi_drsub
                0x100032f6                __wrap___aeabi_dsub
                0x10003308                __wrap___aeabi_dadd
                0x1000331a                __wrap___aeabi_ddiv
                0x1000332c                __wrap___aeabi_dmul
 .text.__wrap___aeabi_cdcmple
                0x10003344       0x6c CMakeFiles\drive.dir\D_\RPI\pico-sdk\src\rp2_common\pico_double\double_aeabi.S.obj
                0x10003344                __wrap___aeabi_cdrcmple
                0x10003354                __wrap___aeabi_cdcmpeq
                0x10003354                __wrap___aeabi_cdcmple
 .text.__wrap___aeabi_dcmplt
                0x100033b0        0xc CMakeFiles\drive.dir\D_\RPI\pico-sdk\src\rp2_common\pico_double\double_aeabi.S.obj
                0x100033b0                __wrap___aeabi_dcmplt
 .text.__wrap___aeabi_dcmple
                0x100033bc       0x10 CMakeFiles\drive.dir\D_\RPI\pico-sdk\src\rp2_common\pico_double\double_aeabi.S.obj
                0x100033bc                __wrap___aeabi_dcmple
 .text.__wrap___aeabi_dcmpge
                0x100033cc       0x10 CMakeFiles\drive.dir\D_\RPI\pico-sdk\src\rp2_common\pico_double\double_aeabi.S.obj
                0x100033cc                __wrap___aeabi_dcmpge
 .text.__wrap___aeabi_dcmpgt
                0x100033dc        0xa CMakeFiles\drive.dir\D_\RPI\pico-sdk\src\rp2_common\pico_double\double_aeabi.S.obj
                0x100033dc                __wrap___aeabi_dcmpgt
 .text.__wrap___aeabi_dcmpun
                0x100033e6       0x1c CMakeFiles\drive.dir\D_\RPI\pico-sdk\src\rp2_common\pico_double\double_aeabi.S.obj
                0x100033e6                __wrap___aeabi_dcmpun
 *fill*         0x10003402        0x2 
 .text.__wrap___aeabi_i2d
                0x10003404       0x38 CMakeFiles\drive.dir\D_\RPI\pico-sdk\src\rp2_common\pico_double\double_aeabi.S.obj
                0x10003404                __wrap___aeabi_ui2d
                0x1000340c                __wrap___aeabi_i2d
 .text.__wrap___aeabi_d2iz
                0x1000343c       0x48 CMakeFiles\drive.dir\D_\RPI\pico-sdk\src\rp2_common\pico_double\double_aeabi.S.obj
                0x1000343c                double2int_z
                0x1000343c                __wrap___aeabi_d2iz
 .text.__wrap___aeabi_d2uiz
                0x10003484       0x18 CMakeFiles\drive.dir\D_\RPI\pico-sdk\src\rp2_common\pico_double\double_aeabi.S.obj
                0x10003484                __wrap___aeabi_d2uiz
                0x10003484                double2uint
 .text.__aeabi_double_init
                0x1000349c       0xb8 CMakeFiles\drive.dir\D_\RPI\pico-sdk\src\rp2_common\pico_double\double_init_rom.c.obj
                0x1000349c                __aeabi_double_init
 .text.double_table_shim_on_use_helper
                0x10003554       0x34 CMakeFiles\drive.dir\D_\RPI\pico-sdk\src\rp2_common\pico_double\double_v1_rom_shim.S.obj
                0x10003554                double_table_shim_on_use_helper
 .text.__wrap___aeabi_dsub
                0x10003588       0x10 CMakeFiles\drive.dir\D_\RPI\pico-sdk\src\rp2_common\pico_double\double_v1_rom_shim.S.obj
                0x10003588                drsub_shim
                0x1000358e                dsub_shim
 .text.dadd_shim
                0x10003598      0x15c CMakeFiles\drive.dir\D_\RPI\pico-sdk\src\rp2_common\pico_double\double_v1_rom_shim.S.obj
                0x10003598                dadd_shim
 .text.dmul_shim
                0x100036f4      0x15c CMakeFiles\drive.dir\D_\RPI\pico-sdk\src\rp2_common\pico_double\double_v1_rom_shim.S.obj
                0x100036f4                dmul_shim
 .text.ddiv_shim
                0x10003850      0x1b0 CMakeFiles\drive.dir\D_\RPI\pico-sdk\src\rp2_common\pico_double\double_v1_rom_shim.S.obj
                0x10003850                ddiv_shim
 .text.dcordic_rot_step
                0x10003a00       0x7c CMakeFiles\drive.dir\D_\RPI\pico-sdk\src\rp2_common\pico_double\double_v1_rom_shim.S.obj
                0x10003a00                dcordic_rot_step
 .text.double2uint_shim
                0x10003a7c        0xe CMakeFiles\drive.dir\D_\RPI\pico-sdk\src\rp2_common\pico_double\double_v1_rom_shim.S.obj
                0x10003a7c                double2uint_shim
                0x10003a7e                double2ufix_shim
 *fill*         0x10003a8a        0x2 
 .text.double2uint64_shim
                0x10003a8c       0x6c CMakeFiles\drive.dir\D_\RPI\pico-sdk\src\rp2_common\pico_double\double_v1_rom_shim.S.obj
                0x10003a8c                double2uint64_shim
                0x10003a8e                double2ufix64_shim
                0x10003aa8                d2fix_a
 .text.dunpacks
                0x10003af8       0x3c CMakeFiles\drive.dir\D_\RPI\pico-sdk\src\rp2_common\pico_double\double_v1_rom_shim.S.obj
                0x10003af8                dunpacks
 .text.__aeabi_float_init
                0x10003b34       0xfc CMakeFiles\drive.dir\D_\RPI\pico-sdk\src\rp2_common\pico_float\float_init_rom.c.obj
                0x10003b34                __aeabi_float_init
 .text.float_table_shim_on_use_helper
                0x10003c30       0x34 CMakeFiles\drive.dir\D_\RPI\pico-sdk\src\rp2_common\pico_float\float_v1_rom_shim.S.obj
                0x10003c30                float_table_shim_on_use_helper
 .text.__wrap_malloc
                0x10003c64        0x8 CMakeFiles\drive.dir\D_\RPI\pico-sdk\src\rp2_common\pico_malloc\pico_malloc.c.obj
                0x10003c64                __wrap_malloc
 .text.__wrap_calloc
                0x10003c6c        0x8 CMakeFiles\drive.dir\D_\RPI\pico-sdk\src\rp2_common\pico_malloc\pico_malloc.c.obj
                0x10003c6c                __wrap_calloc
 .text          0x10003c74       0x10 CMakeFiles\drive.dir\D_\RPI\pico-sdk\src\rp2_common\pico_mem_ops\mem_ops_aeabi.S.obj
                0x10003c74                __aeabi_mem_init
 .text.memset   0x10003c84        0xc CMakeFiles\drive.dir\D_\RPI\pico-sdk\src\rp2_common\pico_mem_ops\mem_ops_aeabi.S.obj
                0x10003c84                __wrap_memset
 .text.memcpy   0x10003c90        0xc CMakeFiles\drive.dir\D_\RPI\pico-sdk\src\rp2_common\pico_mem_ops\mem_ops_aeabi.S.obj
                0x10003c90                __wrap_memcpy
                0x10003c90                __wrap___aeabi_memcpy
 .text.stdio_out_chars_crlf
                0x10003c9c       0x80 CMakeFiles\drive.dir\D_\RPI\pico-sdk\src\rp2_common\pico_stdio\stdio.c.obj
 .text.stdio_stack_buffer_flush
                0x10003d1c       0x44 CMakeFiles\drive.dir\D_\RPI\pico-sdk\src\rp2_common\pico_stdio\stdio.c.obj
 .text.stdio_buffered_printer
                0x10003d60       0x20 CMakeFiles\drive.dir\D_\RPI\pico-sdk\src\rp2_common\pico_stdio\stdio.c.obj
 .text.stdout_serialize_begin
                0x10003d80       0x2c CMakeFiles\drive.dir\D_\RPI\pico-sdk\src\rp2_common\pico_stdio\stdio.c.obj
                0x10003d80                stdout_serialize_begin
 .text.stdout_serialize_end
                0x10003dac       0x10 CMakeFiles\drive.dir\D_\RPI\pico-sdk\src\rp2_common\pico_stdio\stdio.c.obj
                0x10003dac                stdout_serialize_end
 .text.stdio_put_string
                0x10003dbc       0x84 CMakeFiles\drive.dir\D_\RPI\pico-sdk\src\rp2_common\pico_stdio\stdio.c.obj
 .text.stdio_flush
                0x10003e40       0x20 CMakeFiles\drive.dir\D_\RPI\pico-sdk\src\rp2_common\pico_stdio\stdio.c.obj
                0x10003e40                stdio_flush
 .text.__wrap_puts
                0x10003e60       0x1c CMakeFiles\drive.dir\D_\RPI\pico-sdk\src\rp2_common\pico_stdio\stdio.c.obj
                0x10003e60                __wrap_puts
 .text.__wrap_vprintf
                0x10003e7c       0x44 CMakeFiles\drive.dir\D_\RPI\pico-sdk\src\rp2_common\pico_stdio\stdio.c.obj
                0x10003e7c                __wrap_vprintf
 .text.__wrap_printf
                0x10003ec0       0x18 CMakeFiles\drive.dir\D_\RPI\pico-sdk\src\rp2_common\pico_stdio\stdio.c.obj
                0x10003ec0                __wrap_printf
 .text.calloc   0x10003ed8       0x18 c:/progra~2/gnuarm~1/102020~1/bin/../lib/gcc/arm-none-eabi/10.2.1/../../../../arm-none-eabi/lib/thumb/v6-m/nofp\libg.a(lib_a-calloc.o)
                0x10003ed8                calloc
 .text._calloc_r
                0x10003ef0       0x5c c:/progra~2/gnuarm~1/102020~1/bin/../lib/gcc/arm-none-eabi/10.2.1/../../../../arm-none-eabi/lib/thumb/v6-m/nofp\libg.a(lib_a-callocr.o)
                0x10003ef0                _calloc_r
 .text.malloc   0x10003f4c       0x14 c:/progra~2/gnuarm~1/102020~1/bin/../lib/gcc/arm-none-eabi/10.2.1/../../../../arm-none-eabi/lib/thumb/v6-m/nofp\libg.a(lib_a-malloc.o)
                0x10003f4c                malloc
 .text._malloc_r
                0x10003f60      0x580 c:/progra~2/gnuarm~1/102020~1/bin/../lib/gcc/arm-none-eabi/10.2.1/../../../../arm-none-eabi/lib/thumb/v6-m/nofp\libg.a(lib_a-mallocr.o)
                0x10003f60                _malloc_r
 .text.__malloc_lock
                0x100044e0       0x10 c:/progra~2/gnuarm~1/102020~1/bin/../lib/gcc/arm-none-eabi/10.2.1/../../../../arm-none-eabi/lib/thumb/v6-m/nofp\libg.a(lib_a-mlock.o)
                0x100044e0                __malloc_lock
 .text.__malloc_unlock
                0x100044f0       0x10 c:/progra~2/gnuarm~1/102020~1/bin/../lib/gcc/arm-none-eabi/10.2.1/../../../../arm-none-eabi/lib/thumb/v6-m/nofp\libg.a(lib_a-mlock.o)
                0x100044f0                __malloc_unlock
 .text._sbrk_r  0x10004500       0x24 c:/progra~2/gnuarm~1/102020~1/bin/../lib/gcc/arm-none-eabi/10.2.1/../../../../arm-none-eabi/lib/thumb/v6-m/nofp\libg.a(lib_a-sbrkr.o)
                0x10004500                _sbrk_r
 .text.strlen   0x10004524       0x5c c:/progra~2/gnuarm~1/102020~1/bin/../lib/gcc/arm-none-eabi/10.2.1/../../../../arm-none-eabi/lib/thumb/v6-m/nofp\libg.a(lib_a-strlen-stub.o)
                0x10004524                strlen
 .text._malloc_trim_r
                0x10004580       0x9c c:/progra~2/gnuarm~1/102020~1/bin/../lib/gcc/arm-none-eabi/10.2.1/../../../../arm-none-eabi/lib/thumb/v6-m/nofp\libg.a(lib_a-freer.o)
                0x10004580                _malloc_trim_r
 .text._free_r  0x1000461c      0x1c4 c:/progra~2/gnuarm~1/102020~1/bin/../lib/gcc/arm-none-eabi/10.2.1/../../../../arm-none-eabi/lib/thumb/v6-m/nofp\libg.a(lib_a-freer.o)
                0x1000461c                _free_r
 .text.__retarget_lock_acquire_recursive
                0x100047e0        0x4 c:/progra~2/gnuarm~1/102020~1/bin/../lib/gcc/arm-none-eabi/10.2.1/../../../../arm-none-eabi/lib/thumb/v6-m/nofp\libg.a(lib_a-lock.o)
                0x100047e0                __retarget_lock_acquire_recursive
 .text.__retarget_lock_release_recursive
                0x100047e4        0x4 c:/progra~2/gnuarm~1/102020~1/bin/../lib/gcc/arm-none-eabi/10.2.1/../../../../arm-none-eabi/lib/thumb/v6-m/nofp\libg.a(lib_a-lock.o)
                0x100047e4                __retarget_lock_release_recursive
 *(.fini)
 .fini          0x100047e8        0x4 c:/progra~2/gnuarm~1/102020~1/bin/../lib/gcc/arm-none-eabi/10.2.1/thumb/v6-m/nofp/crti.o
                0x100047e8                _fini
 *fill*         0x100047ec        0x4 
 .fini.__stub   0x100047f0       0x50 linker stubs
 *crtbegin.o(.ctors)
 *crtbegin?.o(.ctors)
 *(EXCLUDE_FILE(*crtend.o *crtend?.o) .ctors)
 *(SORT_BY_NAME(.ctors.*))
 *(.ctors)
 *crtbegin.o(.dtors)
 *crtbegin?.o(.dtors)
 *(EXCLUDE_FILE(*crtend.o *crtend?.o) .dtors)
 *(SORT_BY_NAME(.dtors.*))
 *(.dtors)
 *(.eh_frame*)
 .eh_frame      0x10004840        0x0 c:/progra~2/gnuarm~1/102020~1/bin/../lib/gcc/arm-none-eabi/10.2.1/thumb/v6-m/nofp/crtbegin.o
                0x10004840                . = ALIGN (0x4)

.glue_7         0x10004840        0x0
 .glue_7        0x10004840        0x0 linker stubs

.glue_7t        0x10004840        0x0
 .glue_7t       0x10004840        0x0 linker stubs

.vfp11_veneer   0x10004840        0x0
 .vfp11_veneer  0x10004840        0x0 linker stubs

.v4_bx          0x10004840        0x0
 .v4_bx         0x10004840        0x0 linker stubs

.iplt           0x10004840        0x0
 .iplt          0x10004840        0x0 c:/progra~2/gnuarm~1/102020~1/bin/../lib/gcc/arm-none-eabi/10.2.1/thumb/v6-m/nofp/crtbegin.o

.rodata         0x10004840      0xc48
 *(EXCLUDE_FILE(*libm.a: *libc.a:*lib_a-mem*.o *libgcc.a:) .rodata*)
 .rodata.alarm_pool_dump_key.str1.4
                0x10004840       0x5f CMakeFiles\drive.dir\D_\RPI\pico-sdk\src\common\pico_time\time.c.obj
 *fill*         0x1000489f        0x1 
 .rodata.ph_add_child_node.str1.4
                0x100048a0       0x8a CMakeFiles\drive.dir\D_\RPI\pico-sdk\src\common\pico_time\time.c.obj
 *fill*         0x1000492a        0x2 
 .rodata.add_alarm_under_lock.str1.4
                0x1000492c       0x27 CMakeFiles\drive.dir\D_\RPI\pico-sdk\src\common\pico_time\time.c.obj
 *fill*         0x10004953        0x1 
 .rodata.alarm_pool_alarm_callback.str1.4
                0x10004954       0x7d CMakeFiles\drive.dir\D_\RPI\pico-sdk\src\common\pico_time\time.c.obj
 *fill*         0x100049d1        0x3 
 .rodata.alarm_pool_get_default.str1.4
                0x100049d4       0x13 CMakeFiles\drive.dir\D_\RPI\pico-sdk\src\common\pico_time\time.c.obj
 *fill*         0x100049e7        0x1 
 .rodata.__func__.10
                0x100049e8       0x17 CMakeFiles\drive.dir\D_\RPI\pico-sdk\src\common\pico_time\time.c.obj
 *fill*         0x100049ff        0x1 
 .rodata.__func__.2
                0x10004a00       0x12 CMakeFiles\drive.dir\D_\RPI\pico-sdk\src\common\pico_time\time.c.obj
 *fill*         0x10004a12        0x2 
 .rodata.__func__.3
                0x10004a14       0x14 CMakeFiles\drive.dir\D_\RPI\pico-sdk\src\common\pico_time\time.c.obj
 .rodata.__func__.4
                0x10004a28       0x12 CMakeFiles\drive.dir\D_\RPI\pico-sdk\src\common\pico_time\time.c.obj
 *fill*         0x10004a3a        0x2 
 .rodata.__func__.5
                0x10004a3c        0xa CMakeFiles\drive.dir\D_\RPI\pico-sdk\src\common\pico_time\time.c.obj
 *fill*         0x10004a46        0x2 
 .rodata.__func__.6
                0x10004a48        0xc CMakeFiles\drive.dir\D_\RPI\pico-sdk\src\common\pico_time\time.c.obj
 .rodata.__func__.7
                0x10004a54       0x15 CMakeFiles\drive.dir\D_\RPI\pico-sdk\src\common\pico_time\time.c.obj
 *fill*         0x10004a69        0x3 
 .rodata.__func__.8
                0x10004a6c       0x1a CMakeFiles\drive.dir\D_\RPI\pico-sdk\src\common\pico_time\time.c.obj
 *fill*         0x10004a86        0x2 
 .rodata.__func__.9
                0x10004a88        0xa CMakeFiles\drive.dir\D_\RPI\pico-sdk\src\common\pico_time\time.c.obj
 *fill*         0x10004a92        0x2 
 .rodata.hardware_alarm_claim.str1.4
                0x10004a94       0x22 CMakeFiles\drive.dir\D_\RPI\pico-sdk\src\rp2_common\hardware_timer\timer.c.obj
 *fill*         0x10004ab6        0x2 
 .rodata.hardware_alarm_set_target.str1.4
                0x10004ab8       0x5a CMakeFiles\drive.dir\D_\RPI\pico-sdk\src\rp2_common\hardware_timer\timer.c.obj
 *fill*         0x10004b12        0x2 
 .rodata.__func__.0
                0x10004b14       0x1a CMakeFiles\drive.dir\D_\RPI\pico-sdk\src\rp2_common\hardware_timer\timer.c.obj
 *fill*         0x10004b2e        0x2 
 .rodata.lock_init.str1.4
                0x10004b30       0x5d CMakeFiles\drive.dir\D_\RPI\pico-sdk\src\common\pico_sync\lock_core.c.obj
 *fill*         0x10004b8d        0x3 
 .rodata.__func__.0
                0x10004b90        0xa CMakeFiles\drive.dir\D_\RPI\pico-sdk\src\common\pico_sync\lock_core.c.obj
 *fill*         0x10004b9a        0x2 
 .rodata.str1.4
                0x10004b9c       0x4f CMakeFiles\drive.dir\D_\RPI\pico-sdk\src\common\pico_sync\mutex.c.obj
 *fill*         0x10004beb        0x1 
 .rodata.__func__.0
                0x10004bec        0xb CMakeFiles\drive.dir\D_\RPI\pico-sdk\src\common\pico_sync\mutex.c.obj
 *fill*         0x10004bf7        0x1 
 .rodata.__func__.2
                0x10004bf8       0x15 CMakeFiles\drive.dir\D_\RPI\pico-sdk\src\common\pico_sync\mutex.c.obj
 .rodata.ph_add_child_node.str1.4
                0x10004c0d       0x8a CMakeFiles\drive.dir\D_\RPI\pico-sdk\src\common\pico_util\pheap.c.obj
 *fill*         0x10004c0d        0x3 
 .rodata.ph_remove_any_head.str1.4
                0x10004c10       0x84 CMakeFiles\drive.dir\D_\RPI\pico-sdk\src\common\pico_util\pheap.c.obj
 .rodata.ph_delete.str1.4
                0x10004c94       0x26 CMakeFiles\drive.dir\D_\RPI\pico-sdk\src\common\pico_util\pheap.c.obj
 *fill*         0x10004cba        0x2 
 .rodata.__func__.0
                0x10004cbc        0xa CMakeFiles\drive.dir\D_\RPI\pico-sdk\src\common\pico_util\pheap.c.obj
 *fill*         0x10004cc6        0x2 
 .rodata.__func__.1
                0x10004cc8       0x13 CMakeFiles\drive.dir\D_\RPI\pico-sdk\src\common\pico_util\pheap.c.obj
 *fill*         0x10004cdb        0x1 
 .rodata.__func__.2
                0x10004cdc       0x12 CMakeFiles\drive.dir\D_\RPI\pico-sdk\src\common\pico_util\pheap.c.obj
 *fill*         0x10004cee        0x2 
 .rodata.__func__.3
                0x10004cf0        0xc CMakeFiles\drive.dir\D_\RPI\pico-sdk\src\common\pico_util\pheap.c.obj
 .rodata.__assert_func.str1.4
                0x10004cfc       0x3f CMakeFiles\drive.dir\D_\RPI\pico-sdk\src\rp2_common\pico_runtime\runtime.c.obj
                                 0x43 (size before relaxing)
 *fill*         0x10004d3b        0x1 
 .rodata.panic.str1.4
                0x10004d3c       0x12 CMakeFiles\drive.dir\D_\RPI\pico-sdk\src\rp2_common\pico_runtime\runtime.c.obj
 *fill*         0x10004d4e        0x2 
 .rodata.clock_configure.str1.4
                0x10004d50       0x4c CMakeFiles\drive.dir\D_\RPI\pico-sdk\src\rp2_common\hardware_clocks\clocks.c.obj
 .rodata.__func__.1
                0x10004d9c       0x10 CMakeFiles\drive.dir\D_\RPI\pico-sdk\src\rp2_common\hardware_clocks\clocks.c.obj
 .rodata.pll_init.str1.4
                0x10004dac       0xcf CMakeFiles\drive.dir\D_\RPI\pico-sdk\src\rp2_common\hardware_pll\pll.c.obj
 *fill*         0x10004e7b        0x1 
 .rodata.__func__.0
                0x10004e7c        0x9 CMakeFiles\drive.dir\D_\RPI\pico-sdk\src\rp2_common\hardware_pll\pll.c.obj
 *fill*         0x10004e85        0x3 
 .rodata.make_branch.str1.4
                0x10004e88       0x42 CMakeFiles\drive.dir\D_\RPI\pico-sdk\src\rp2_common\hardware_irq\irq.c.obj
 *fill*         0x10004eca        0x2 
 .rodata.irq_set_exclusive_handler.str1.4
                0x10004ecc       0x36 CMakeFiles\drive.dir\D_\RPI\pico-sdk\src\rp2_common\hardware_irq\irq.c.obj
 *fill*         0x10004f02        0x2 
 .rodata.irq_add_shared_handler.str1.4
                0x10004f04       0xd9 CMakeFiles\drive.dir\D_\RPI\pico-sdk\src\rp2_common\hardware_irq\irq.c.obj
 *fill*         0x10004fdd        0x3 
 .rodata.irq_remove_handler.str1.4
                0x10004fe0       0x2a CMakeFiles\drive.dir\D_\RPI\pico-sdk\src\rp2_common\hardware_irq\irq.c.obj
 *fill*         0x1000500a        0x2 
 .rodata.irq_add_tail_to_free_list.str1.4
                0x1000500c       0x32 CMakeFiles\drive.dir\D_\RPI\pico-sdk\src\rp2_common\hardware_irq\irq.c.obj
                                 0x3a (size before relaxing)
 *fill*         0x1000503e        0x2 
 .rodata.__func__.0
                0x10005040       0x1a CMakeFiles\drive.dir\D_\RPI\pico-sdk\src\rp2_common\hardware_irq\irq.c.obj
 *fill*         0x1000505a        0x2 
 .rodata.__func__.1
                0x1000505c       0x17 CMakeFiles\drive.dir\D_\RPI\pico-sdk\src\rp2_common\hardware_irq\irq.c.obj
 *fill*         0x10005073        0x1 
 .rodata.__func__.2
                0x10005074       0x13 CMakeFiles\drive.dir\D_\RPI\pico-sdk\src\rp2_common\hardware_irq\irq.c.obj
 *fill*         0x10005087        0x1 
 .rodata.__func__.3
                0x10005088        0xc CMakeFiles\drive.dir\D_\RPI\pico-sdk\src\rp2_common\hardware_irq\irq.c.obj
 .rodata.__func__.4
                0x10005094        0xf CMakeFiles\drive.dir\D_\RPI\pico-sdk\src\rp2_common\hardware_irq\irq.c.obj
 *fill*         0x100050a3        0x1 
 .rodata.__func__.6
                0x100050a4       0x1a CMakeFiles\drive.dir\D_\RPI\pico-sdk\src\rp2_common\hardware_irq\irq.c.obj
 *fill*         0x100050be        0x2 
 .rodata._ftoa.str1.4
                0x100050c0       0x15 CMakeFiles\drive.dir\D_\RPI\pico-sdk\src\rp2_common\pico_printf\printf.c.obj
 *fill*         0x100050d5        0x3 
 .rodata._vsnprintf
                0x100050d8      0x1e0 CMakeFiles\drive.dir\D_\RPI\pico-sdk\src\rp2_common\pico_printf\printf.c.obj
 .rodata.pow10.0
                0x100052b8       0x50 CMakeFiles\drive.dir\D_\RPI\pico-sdk\src\rp2_common\pico_printf\printf.c.obj
 .rodata.__aeabi_double_init.str1.4
                0x10005308       0x9d CMakeFiles\drive.dir\D_\RPI\pico-sdk\src\rp2_common\pico_double\double_init_rom.c.obj
 *fill*         0x100053a5        0x3 
 .rodata.__func__.0
                0x100053a8       0x14 CMakeFiles\drive.dir\D_\RPI\pico-sdk\src\rp2_common\pico_double\double_init_rom.c.obj
 .rodata.__aeabi_float_init.str1.4
                0x100053bc       0x6f CMakeFiles\drive.dir\D_\RPI\pico-sdk\src\rp2_common\pico_float\float_init_rom.c.obj
                                 0x73 (size before relaxing)
 *fill*         0x1000542b        0x1 
 .rodata.__func__.0
                0x1000542c       0x13 CMakeFiles\drive.dir\D_\RPI\pico-sdk\src\rp2_common\pico_float\float_init_rom.c.obj
 *fill*         0x1000543f        0x1 
 .rodata.str1.4
                0x10005440       0x2c CMakeFiles\drive.dir\D_\RPI\pico-sdk\src\rp2_common\pico_standard_link\binary_info.c.obj
 .rodata.__bi_40
                0x1000546c        0xc CMakeFiles\drive.dir\D_\RPI\pico-sdk\src\rp2_common\pico_standard_link\binary_info.c.obj
 .rodata.__bi_71
                0x10005478        0xc CMakeFiles\drive.dir\D_\RPI\pico-sdk\src\rp2_common\pico_standard_link\binary_info.c.obj
 .rodata.crlf_str.1
                0x10005484        0x2 CMakeFiles\drive.dir\D_\RPI\pico-sdk\src\rp2_common\pico_stdio\stdio.c.obj
                0x10005488                . = ALIGN (0x4)
 *fill*         0x10005486        0x2 
 *(SORT_BY_ALIGNMENT(SORT_BY_NAME(.flashdata*)))
                0x10005488                . = ALIGN (0x4)

.rel.dyn        0x10005488        0x0
 .rel.iplt      0x10005488        0x0 c:/progra~2/gnuarm~1/102020~1/bin/../lib/gcc/arm-none-eabi/10.2.1/thumb/v6-m/nofp/crtbegin.o

.ARM.extab
 *(.ARM.extab* .gnu.linkonce.armextab.*)
                0x10005488                __exidx_start = .

.ARM.exidx
 *(.ARM.exidx* .gnu.linkonce.armexidx.*)
                0x10005488                __exidx_end = .
                0x10005488                . = ALIGN (0x4)
                0x10005488                __binary_info_start = .

.binary_info    0x10005488       0x18
 *(.binary_info.keep.*)
 .binary_info.keep.__bi_ptr18
                0x10005488        0x4 CMakeFiles\drive.dir\D_\RPI\pico-sdk\src\rp2_common\pico_standard_link\binary_info.c.obj
 .binary_info.keep.__bi_ptr26
                0x1000548c        0x4 CMakeFiles\drive.dir\D_\RPI\pico-sdk\src\rp2_common\pico_standard_link\binary_info.c.obj
 .binary_info.keep.__bi_ptr34
                0x10005490        0x4 CMakeFiles\drive.dir\D_\RPI\pico-sdk\src\rp2_common\pico_standard_link\binary_info.c.obj
 .binary_info.keep.__bi_ptr40
                0x10005494        0x4 CMakeFiles\drive.dir\D_\RPI\pico-sdk\src\rp2_common\pico_standard_link\binary_info.c.obj
 .binary_info.keep.__bi_ptr46
                0x10005498        0x4 CMakeFiles\drive.dir\D_\RPI\pico-sdk\src\rp2_common\pico_standard_link\binary_info.c.obj
 .binary_info.keep.__bi_ptr71
                0x1000549c        0x4 CMakeFiles\drive.dir\D_\RPI\pico-sdk\src\rp2_common\pico_standard_link\binary_info.c.obj
 *(.binary_info.*)
                0x100054a0                __binary_info_end = .
                0x100054a0                . = ALIGN (0x4)
                0x100054a0                __etext = .

.ram_vector_table
                0x20000000       0xc0
 *(.ram_vector_table)
 .ram_vector_table
                0x20000000       0xc0 CMakeFiles\drive.dir\D_\RPI\pico-sdk\src\rp2_common\pico_runtime\runtime.c.obj
                0x20000000                ram_vector_table

.data           0x200000c0      0x9dc load address 0x100054a0
                0x200000c0                __data_start__ = .
 *(vtable)
 *(.time_critical*)
 .time_critical.mutex_enter_blocking
                0x200000c0       0x64 CMakeFiles\drive.dir\D_\RPI\pico-sdk\src\common\pico_sync\mutex.c.obj
                0x200000c0                mutex_enter_blocking
 .time_critical.mutex_try_enter
                0x20000124       0x4a CMakeFiles\drive.dir\D_\RPI\pico-sdk\src\common\pico_sync\mutex.c.obj
                0x20000124                mutex_try_enter
 *fill*         0x2000016e        0x2 
 .time_critical.mutex_exit
                0x20000170       0x4c CMakeFiles\drive.dir\D_\RPI\pico-sdk\src\common\pico_sync\mutex.c.obj
                0x20000170                mutex_exit
 *(.text*)
 .text          0x200001bc        0x4 c:/progra~2/gnuarm~1/102020~1/bin/../lib/gcc/arm-none-eabi/10.2.1/thumb/v6-m/nofp\libgcc.a(_dvmd_tls.o)
                0x200001bc                __aeabi_idiv0
                0x200001bc                __aeabi_ldiv0
 .text.__stub   0x200001c0       0x10 linker stubs
                0x200001d0                . = ALIGN (0x4)
 *(.rodata*)
                0x200001d0                . = ALIGN (0x4)
 *(.data*)
 .data.striped_spin_lock_num
                0x200001d0        0x1 CMakeFiles\drive.dir\D_\RPI\pico-sdk\src\rp2_common\hardware_sync\sync.c.obj
 *fill*         0x200001d1        0x3 
 .data          0x200001d4       0x48 CMakeFiles\drive.dir\D_\RPI\pico-sdk\src\rp2_common\hardware_irq\irq_handler_chain.S.obj
                0x200001d4                irq_handler_chain_slots
                0x20000204                irq_handler_chain_first_slot
                0x2000020e                irq_handler_chain_remove_tail
 *fill*         0x2000021c        0x4 
 .data.aeabi_bits_funcs
                0x20000220       0x10 CMakeFiles\drive.dir\D_\RPI\pico-sdk\src\rp2_common\pico_bit_ops\bit_ops_aeabi.S.obj
                0x20000220                aeabi_bits_funcs
                0x20000230                aeabi_bits_funcs_end
 .data.aeabi_mem_funcs
                0x20000230       0x10 CMakeFiles\drive.dir\D_\RPI\pico-sdk\src\rp2_common\pico_mem_ops\mem_ops_aeabi.S.obj
                0x20000230                aeabi_mem_funcs
                0x20000240                aeabi_mem_funcs_end
 .data._impure_ptr
                0x20000240        0x4 c:/progra~2/gnuarm~1/102020~1/bin/../lib/gcc/arm-none-eabi/10.2.1/../../../../arm-none-eabi/lib/thumb/v6-m/nofp\libg.a(lib_a-impure.o)
                0x20000240                _impure_ptr
 *fill*         0x20000244        0x4 
 .data.impure_data
                0x20000248      0x428 c:/progra~2/gnuarm~1/102020~1/bin/../lib/gcc/arm-none-eabi/10.2.1/../../../../arm-none-eabi/lib/thumb/v6-m/nofp\libg.a(lib_a-impure.o)
 .data.__malloc_av_
                0x20000670      0x408 c:/progra~2/gnuarm~1/102020~1/bin/../lib/gcc/arm-none-eabi/10.2.1/../../../../arm-none-eabi/lib/thumb/v6-m/nofp\libg.a(lib_a-mallocr.o)
                0x20000670                __malloc_av_
 .data.__malloc_sbrk_base
                0x20000a78        0x4 c:/progra~2/gnuarm~1/102020~1/bin/../lib/gcc/arm-none-eabi/10.2.1/../../../../arm-none-eabi/lib/thumb/v6-m/nofp\libg.a(lib_a-mallocr.o)
                0x20000a78                __malloc_sbrk_base
 .data.__malloc_trim_threshold
                0x20000a7c        0x4 c:/progra~2/gnuarm~1/102020~1/bin/../lib/gcc/arm-none-eabi/10.2.1/../../../../arm-none-eabi/lib/thumb/v6-m/nofp\libg.a(lib_a-mallocr.o)
                0x20000a7c                __malloc_trim_threshold
                0x20000a80                . = ALIGN (0x4)
 *(.after_data.*)
                0x20000a80                . = ALIGN (0x4)
                0x20000a80                PROVIDE (__mutex_array_start = .)
 *(SORT_BY_NAME(.mutex_array.*))
 *(.mutex_array)
 .mutex_array   0x20000a80        0x8 CMakeFiles\drive.dir\D_\RPI\pico-sdk\src\rp2_common\pico_stdio\stdio.c.obj
                0x20000a88                PROVIDE (__mutex_array_end = .)
                0x20000a88                . = ALIGN (0x4)
                0x20000a88                PROVIDE (__preinit_array_start = .)
 *(SORT_BY_NAME(.preinit_array.*))
 .preinit_array.00001
                0x20000a88        0x4 CMakeFiles\drive.dir\D_\RPI\pico-sdk\src\rp2_common\pico_mem_ops\mem_ops_aeabi.S.obj
 .preinit_array.00010
                0x20000a8c        0x4 CMakeFiles\drive.dir\D_\RPI\pico-sdk\src\rp2_common\pico_bit_ops\bit_ops_aeabi.S.obj
 .preinit_array.00020
                0x20000a90        0x4 CMakeFiles\drive.dir\D_\RPI\pico-sdk\src\rp2_common\pico_double\double_aeabi.S.obj
 .preinit_array.00020
                0x20000a94        0x4 CMakeFiles\drive.dir\D_\RPI\pico-sdk\src\rp2_common\pico_float\float_aeabi.S.obj
 *(.preinit_array)
                0x20000a98                PROVIDE (__preinit_array_end = .)
                0x20000a98                . = ALIGN (0x4)
                0x20000a98                PROVIDE (__init_array_start = .)
 *(SORT_BY_NAME(.init_array.*))
 *(.init_array)
 .init_array    0x20000a98        0x4 c:/progra~2/gnuarm~1/102020~1/bin/../lib/gcc/arm-none-eabi/10.2.1/thumb/v6-m/nofp/crtbegin.o
                0x20000a9c                PROVIDE (__init_array_end = .)
                0x20000a9c                . = ALIGN (0x4)
                [!provide]                PROVIDE (__fini_array_start = .)
 *(SORT_BY_NAME(.fini_array.*))
 *(.fini_array)
                [!provide]                PROVIDE (__fini_array_end = .)
 *(.jcr)
                0x20000a9c                . = ALIGN (0x4)
                0x20000a9c                __data_end__ = .

.igot.plt       0x20000a9c        0x0 load address 0x10005e7c
 .igot.plt      0x20000a9c        0x0 c:/progra~2/gnuarm~1/102020~1/bin/../lib/gcc/arm-none-eabi/10.2.1/thumb/v6-m/nofp/crtbegin.o

.uninitialized_data
                0x20000a9c        0x0 load address 0x10005e7c
                0x20000a9c                . = ALIGN (0x4)
 *(.uninitialized_data*)

.scratch_x      0x20040000        0x0 load address 0x10005e7c
                0x20040000                __scratch_x_start__ = .
 *(.scratch_x.*)
                0x20040000                . = ALIGN (0x4)
                0x20040000                __scratch_x_end__ = .
                0x10005e7c                __scratch_x_source__ = LOADADDR (.scratch_x)

.scratch_y      0x20041000        0x0 load address 0x10005e7c
                0x20041000                __scratch_y_start__ = .
 *(.scratch_y.*)
                0x20041000                . = ALIGN (0x4)
                0x20041000                __scratch_y_end__ = .
                0x10005e7c                __scratch_y_source__ = LOADADDR (.scratch_y)

.bss            0x20000a9c      0x2cc
                0x20000a9c                . = ALIGN (0x4)
                0x20000a9c                __bss_start__ = .
 *(SORT_BY_ALIGNMENT(SORT_BY_NAME(.bss*)))
 .bss           0x20000a9c       0x1c c:/progra~2/gnuarm~1/102020~1/bin/../lib/gcc/arm-none-eabi/10.2.1/thumb/v6-m/nofp/crtbegin.o
 .bss.__lock___malloc_recursive_mutex
                0x20000ab8        0x1 c:/progra~2/gnuarm~1/102020~1/bin/../lib/gcc/arm-none-eabi/10.2.1/../../../../arm-none-eabi/lib/thumb/v6-m/nofp\libg.a(lib_a-lock.o)
                0x20000ab8                __lock___malloc_recursive_mutex
 *fill*         0x20000ab9        0x3 
 .bss.__malloc_current_mallinfo
                0x20000abc       0x28 c:/progra~2/gnuarm~1/102020~1/bin/../lib/gcc/arm-none-eabi/10.2.1/../../../../arm-none-eabi/lib/thumb/v6-m/nofp\libg.a(lib_a-mallocr.o)
                0x20000abc                __malloc_current_mallinfo
 .bss.__malloc_max_sbrked_mem
                0x20000ae4        0x4 c:/progra~2/gnuarm~1/102020~1/bin/../lib/gcc/arm-none-eabi/10.2.1/../../../../arm-none-eabi/lib/thumb/v6-m/nofp\libg.a(lib_a-mallocr.o)
                0x20000ae4                __malloc_max_sbrked_mem
 .bss.__malloc_max_total_mem
                0x20000ae8        0x4 c:/progra~2/gnuarm~1/102020~1/bin/../lib/gcc/arm-none-eabi/10.2.1/../../../../arm-none-eabi/lib/thumb/v6-m/nofp\libg.a(lib_a-mallocr.o)
                0x20000ae8                __malloc_max_total_mem
 .bss.__malloc_top_pad
                0x20000aec        0x4 c:/progra~2/gnuarm~1/102020~1/bin/../lib/gcc/arm-none-eabi/10.2.1/../../../../arm-none-eabi/lib/thumb/v6-m/nofp\libg.a(lib_a-mallocr.o)
                0x20000aec                __malloc_top_pad
 .bss.alarm_callbacks
                0x20000af0       0x10 CMakeFiles\drive.dir\D_\RPI\pico-sdk\src\rp2_common\hardware_timer\timer.c.obj
 .bss.configured_freq
                0x20000b00       0x28 CMakeFiles\drive.dir\D_\RPI\pico-sdk\src\rp2_common\hardware_clocks\clocks.c.obj
 .bss.default_alarm_pool
                0x20000b28        0x4 CMakeFiles\drive.dir\D_\RPI\pico-sdk\src\common\pico_time\time.c.obj
 .bss.drivers   0x20000b2c        0x4 CMakeFiles\drive.dir\D_\RPI\pico-sdk\src\rp2_common\pico_stdio\stdio.c.obj
 .bss.errno     0x20000b30        0x4 c:/progra~2/gnuarm~1/102020~1/bin/../lib/gcc/arm-none-eabi/10.2.1/../../../../arm-none-eabi/lib/thumb/v6-m/nofp\libg.a(lib_a-reent.o)
                0x20000b30                errno
 .bss.filter    0x20000b34        0x4 CMakeFiles\drive.dir\D_\RPI\pico-sdk\src\rp2_common\pico_stdio\stdio.c.obj
 .bss.heap_end.0
                0x20000b38        0x4 CMakeFiles\drive.dir\D_\RPI\pico-sdk\src\rp2_common\pico_runtime\runtime.c.obj
 .bss.level     0x20000b3c        0x4 CMakeFiles\drive.dir\drive.c.obj
                0x20000b3c                level
 .bss.pools     0x20000b40       0x10 CMakeFiles\drive.dir\D_\RPI\pico-sdk\src\common\pico_time\time.c.obj
 .bss.sd_table  0x20000b50      0x100 CMakeFiles\drive.dir\D_\RPI\pico-sdk\src\rp2_common\pico_double\double_init_rom.c.obj
                0x20000b50                sd_table
 .bss.sf_clz_func
                0x20000c50        0x4 CMakeFiles\drive.dir\D_\RPI\pico-sdk\src\rp2_common\pico_float\float_init_rom.c.obj
                0x20000c50                sf_clz_func
 .bss.sf_table  0x20000c54      0x100 CMakeFiles\drive.dir\D_\RPI\pico-sdk\src\rp2_common\pico_float\float_init_rom.c.obj
                0x20000c54                sf_table
 .bss.target_hi
                0x20000d54       0x10 CMakeFiles\drive.dir\D_\RPI\pico-sdk\src\rp2_common\hardware_timer\timer.c.obj
 .bss.claimed   0x20000d64        0x1 CMakeFiles\drive.dir\D_\RPI\pico-sdk\src\rp2_common\hardware_timer\timer.c.obj
 .bss.irq_hander_chain_free_slot_head
                0x20000d65        0x1 CMakeFiles\drive.dir\D_\RPI\pico-sdk\src\rp2_common\hardware_irq\irq.c.obj
 .bss.timer_callbacks_pending
                0x20000d66        0x1 CMakeFiles\drive.dir\D_\RPI\pico-sdk\src\rp2_common\hardware_timer\timer.c.obj
 *(COMMON)
                0x20000d68                . = ALIGN (0x4)
 *fill*         0x20000d67        0x1 
                0x20000d68                __bss_end__ = .

.heap           0x20000d68      0x800
                0x20000d68                __end__ = .
                0x20000d68                end = __end__
 *(.heap*)
 .heap          0x20000d68      0x800 CMakeFiles\drive.dir\D_\RPI\pico-sdk\src\rp2_common\pico_standard_link\crt0.S.obj
                0x20001568                __HeapLimit = .

.stack1_dummy   0x20040000        0x0
 *(.stack1*)

.stack_dummy    0x20041000      0x800
 *(.stack*)
 .stack         0x20041000      0x800 CMakeFiles\drive.dir\D_\RPI\pico-sdk\src\rp2_common\pico_standard_link\crt0.S.obj

.flash_end      0x10005e7c        0x0
                0x10005e7c                __flash_binary_end = .
                0x20040000                __StackLimit = (ORIGIN (RAM) + LENGTH (RAM))
                0x20041000                __StackOneTop = (ORIGIN (SCRATCH_X) + LENGTH (SCRATCH_X))
                0x20042000                __StackTop = (ORIGIN (SCRATCH_Y) + LENGTH (SCRATCH_Y))
                0x20041000                __StackOneBottom = (__StackOneTop - SIZEOF (.stack1_dummy))
                0x20041800                __StackBottom = (__StackTop - SIZEOF (.stack_dummy))
                0x20042000                PROVIDE (__stack = __StackTop)
                0x00000001                ASSERT ((__StackLimit >= __HeapLimit), region RAM overflowed)
LOAD CMakeFiles\drive.dir\drive.c.obj
LOAD CMakeFiles\drive.dir\D_\RPI\pico-sdk\src\rp2_common\pico_stdlib\stdlib.c.obj
LOAD CMakeFiles\drive.dir\D_\RPI\pico-sdk\src\rp2_common\hardware_gpio\gpio.c.obj
LOAD CMakeFiles\drive.dir\D_\RPI\pico-sdk\src\rp2_common\hardware_claim\claim.c.obj
LOAD CMakeFiles\drive.dir\D_\RPI\pico-sdk\src\rp2_common\hardware_sync\sync.c.obj
LOAD CMakeFiles\drive.dir\D_\RPI\pico-sdk\src\rp2_common\pico_platform\platform.c.obj
LOAD CMakeFiles\drive.dir\D_\RPI\pico-sdk\src\rp2_common\hardware_uart\uart.c.obj
LOAD CMakeFiles\drive.dir\D_\RPI\pico-sdk\src\rp2_common\hardware_divider\divider.S.obj
LOAD CMakeFiles\drive.dir\D_\RPI\pico-sdk\src\common\pico_time\time.c.obj
LOAD CMakeFiles\drive.dir\D_\RPI\pico-sdk\src\common\pico_time\timeout_helper.c.obj
LOAD CMakeFiles\drive.dir\D_\RPI\pico-sdk\src\rp2_common\hardware_timer\timer.c.obj
LOAD CMakeFiles\drive.dir\D_\RPI\pico-sdk\src\common\pico_sync\sem.c.obj
LOAD CMakeFiles\drive.dir\D_\RPI\pico-sdk\src\common\pico_sync\lock_core.c.obj
LOAD CMakeFiles\drive.dir\D_\RPI\pico-sdk\src\common\pico_sync\mutex.c.obj
LOAD CMakeFiles\drive.dir\D_\RPI\pico-sdk\src\common\pico_sync\critical_section.c.obj
LOAD CMakeFiles\drive.dir\D_\RPI\pico-sdk\src\common\pico_util\datetime.c.obj
LOAD CMakeFiles\drive.dir\D_\RPI\pico-sdk\src\common\pico_util\pheap.c.obj
LOAD CMakeFiles\drive.dir\D_\RPI\pico-sdk\src\common\pico_util\queue.c.obj
LOAD CMakeFiles\drive.dir\D_\RPI\pico-sdk\src\rp2_common\pico_runtime\runtime.c.obj
LOAD CMakeFiles\drive.dir\D_\RPI\pico-sdk\src\rp2_common\hardware_clocks\clocks.c.obj
LOAD CMakeFiles\drive.dir\D_\RPI\pico-sdk\src\rp2_common\hardware_watchdog\watchdog.c.obj
LOAD CMakeFiles\drive.dir\D_\RPI\pico-sdk\src\rp2_common\hardware_xosc\xosc.c.obj
LOAD CMakeFiles\drive.dir\D_\RPI\pico-sdk\src\rp2_common\hardware_pll\pll.c.obj
LOAD CMakeFiles\drive.dir\D_\RPI\pico-sdk\src\rp2_common\hardware_vreg\vreg.c.obj
LOAD CMakeFiles\drive.dir\D_\RPI\pico-sdk\src\rp2_common\hardware_irq\irq.c.obj
LOAD CMakeFiles\drive.dir\D_\RPI\pico-sdk\src\rp2_common\hardware_irq\irq_handler_chain.S.obj
LOAD CMakeFiles\drive.dir\D_\RPI\pico-sdk\src\rp2_common\pico_printf\printf.c.obj
LOAD CMakeFiles\drive.dir\D_\RPI\pico-sdk\src\rp2_common\pico_bit_ops\bit_ops_aeabi.S.obj
LOAD CMakeFiles\drive.dir\D_\RPI\pico-sdk\src\rp2_common\pico_bootrom\bootrom.c.obj
LOAD CMakeFiles\drive.dir\D_\RPI\pico-sdk\src\rp2_common\pico_divider\divider.S.obj
LOAD CMakeFiles\drive.dir\D_\RPI\pico-sdk\src\rp2_common\pico_double\double_aeabi.S.obj
LOAD CMakeFiles\drive.dir\D_\RPI\pico-sdk\src\rp2_common\pico_double\double_init_rom.c.obj
LOAD CMakeFiles\drive.dir\D_\RPI\pico-sdk\src\rp2_common\pico_double\double_math.c.obj
LOAD CMakeFiles\drive.dir\D_\RPI\pico-sdk\src\rp2_common\pico_double\double_v1_rom_shim.S.obj
LOAD CMakeFiles\drive.dir\D_\RPI\pico-sdk\src\rp2_common\pico_int64_ops\pico_int64_ops_aeabi.S.obj
LOAD CMakeFiles\drive.dir\D_\RPI\pico-sdk\src\rp2_common\pico_float\float_aeabi.S.obj
LOAD CMakeFiles\drive.dir\D_\RPI\pico-sdk\src\rp2_common\pico_float\float_init_rom.c.obj
LOAD CMakeFiles\drive.dir\D_\RPI\pico-sdk\src\rp2_common\pico_float\float_math.c.obj
LOAD CMakeFiles\drive.dir\D_\RPI\pico-sdk\src\rp2_common\pico_float\float_v1_rom_shim.S.obj
LOAD CMakeFiles\drive.dir\D_\RPI\pico-sdk\src\rp2_common\pico_malloc\pico_malloc.c.obj
LOAD CMakeFiles\drive.dir\D_\RPI\pico-sdk\src\rp2_common\pico_mem_ops\mem_ops_aeabi.S.obj
LOAD CMakeFiles\drive.dir\D_\RPI\pico-sdk\src\rp2_common\pico_standard_link\crt0.S.obj
LOAD CMakeFiles\drive.dir\D_\RPI\pico-sdk\src\rp2_common\pico_standard_link\new_delete.cpp.obj
LOAD CMakeFiles\drive.dir\D_\RPI\pico-sdk\src\rp2_common\pico_standard_link\binary_info.c.obj
LOAD CMakeFiles\drive.dir\D_\RPI\pico-sdk\src\rp2_common\pico_stdio\stdio.c.obj
LOAD CMakeFiles\drive.dir\D_\RPI\pico-sdk\src\rp2_common\pico_stdio_uart\stdio_uart.c.obj
LOAD C:\Users\Ben\AppData\Local\Temp\ccIqYea4.o
LOAD c:/progra~2/gnuarm~1/102020~1/bin/../lib/gcc/arm-none-eabi/10.2.1/../../../../arm-none-eabi/lib/thumb/v6-m/nofp\libstdc++.a
LOAD c:/progra~2/gnuarm~1/102020~1/bin/../lib/gcc/arm-none-eabi/10.2.1/../../../../arm-none-eabi/lib/thumb/v6-m/nofp\libm.a
START GROUP
LOAD c:/progra~2/gnuarm~1/102020~1/bin/../lib/gcc/arm-none-eabi/10.2.1/thumb/v6-m/nofp\libgcc.a
LOAD c:/progra~2/gnuarm~1/102020~1/bin/../lib/gcc/arm-none-eabi/10.2.1/../../../../arm-none-eabi/lib/thumb/v6-m/nofp\libg.a
LOAD c:/progra~2/gnuarm~1/102020~1/bin/../lib/gcc/arm-none-eabi/10.2.1/../../../../arm-none-eabi/lib/thumb/v6-m/nofp\libc.a
END GROUP
START GROUP
LOAD c:/progra~2/gnuarm~1/102020~1/bin/../lib/gcc/arm-none-eabi/10.2.1/thumb/v6-m/nofp\libgcc.a
LOAD c:/progra~2/gnuarm~1/102020~1/bin/../lib/gcc/arm-none-eabi/10.2.1/../../../../arm-none-eabi/lib/thumb/v6-m/nofp\libc.a
LOAD c:/progra~2/gnuarm~1/102020~1/bin/../lib/gcc/arm-none-eabi/10.2.1/../../../../arm-none-eabi/lib/thumb/v6-m/nofp\libnosys.a
END GROUP
LOAD c:/progra~2/gnuarm~1/102020~1/bin/../lib/gcc/arm-none-eabi/10.2.1/thumb/v6-m/nofp/crtend.o
LOAD c:/progra~2/gnuarm~1/102020~1/bin/../lib/gcc/arm-none-eabi/10.2.1/thumb/v6-m/nofp/crtn.o
OUTPUT(drive.elf elf32-littlearm)
LOAD linker stubs

.ARM.attributes
                0x00000000       0x28
 .ARM.attributes
                0x00000000       0x1e c:/progra~2/gnuarm~1/102020~1/bin/../lib/gcc/arm-none-eabi/10.2.1/thumb/v6-m/nofp/crti.o
 .ARM.attributes
                0x0000001e       0x2c c:/progra~2/gnuarm~1/102020~1/bin/../lib/gcc/arm-none-eabi/10.2.1/thumb/v6-m/nofp/crtbegin.o
 .ARM.attributes
                0x0000004a       0x2b CMakeFiles\drive.dir\drive.c.obj
 .ARM.attributes
                0x00000075       0x2b CMakeFiles\drive.dir\D_\RPI\pico-sdk\src\rp2_common\hardware_gpio\gpio.c.obj
 .ARM.attributes
                0x000000a0       0x2b CMakeFiles\drive.dir\D_\RPI\pico-sdk\src\rp2_common\hardware_claim\claim.c.obj
 .ARM.attributes
                0x000000cb       0x2b CMakeFiles\drive.dir\D_\RPI\pico-sdk\src\rp2_common\hardware_sync\sync.c.obj
 .ARM.attributes
                0x000000f6       0x2b CMakeFiles\drive.dir\D_\RPI\pico-sdk\src\rp2_common\pico_platform\platform.c.obj
 .ARM.attributes
                0x00000121       0x2b CMakeFiles\drive.dir\D_\RPI\pico-sdk\src\common\pico_time\time.c.obj
 .ARM.attributes
                0x0000014c       0x2b CMakeFiles\drive.dir\D_\RPI\pico-sdk\src\rp2_common\hardware_timer\timer.c.obj
 .ARM.attributes
                0x00000177       0x2b CMakeFiles\drive.dir\D_\RPI\pico-sdk\src\common\pico_sync\lock_core.c.obj
 .ARM.attributes
                0x000001a2       0x2b CMakeFiles\drive.dir\D_\RPI\pico-sdk\src\common\pico_sync\mutex.c.obj
 .ARM.attributes
                0x000001cd       0x2b CMakeFiles\drive.dir\D_\RPI\pico-sdk\src\common\pico_util\pheap.c.obj
 .ARM.attributes
                0x000001f8       0x2b CMakeFiles\drive.dir\D_\RPI\pico-sdk\src\rp2_common\pico_runtime\runtime.c.obj
 .ARM.attributes
                0x00000223       0x2b CMakeFiles\drive.dir\D_\RPI\pico-sdk\src\rp2_common\hardware_clocks\clocks.c.obj
 .ARM.attributes
                0x0000024e       0x2b CMakeFiles\drive.dir\D_\RPI\pico-sdk\src\rp2_common\hardware_watchdog\watchdog.c.obj
 .ARM.attributes
                0x00000279       0x2b CMakeFiles\drive.dir\D_\RPI\pico-sdk\src\rp2_common\hardware_xosc\xosc.c.obj
 .ARM.attributes
                0x000002a4       0x2b CMakeFiles\drive.dir\D_\RPI\pico-sdk\src\rp2_common\hardware_pll\pll.c.obj
 .ARM.attributes
                0x000002cf       0x2b CMakeFiles\drive.dir\D_\RPI\pico-sdk\src\rp2_common\hardware_irq\irq.c.obj
 .ARM.attributes
                0x000002fa       0x22 CMakeFiles\drive.dir\D_\RPI\pico-sdk\src\rp2_common\hardware_irq\irq_handler_chain.S.obj
 .ARM.attributes
                0x0000031c       0x2b CMakeFiles\drive.dir\D_\RPI\pico-sdk\src\rp2_common\pico_printf\printf.c.obj
 .ARM.attributes
                0x00000347       0x22 CMakeFiles\drive.dir\D_\RPI\pico-sdk\src\rp2_common\pico_bit_ops\bit_ops_aeabi.S.obj
 .ARM.attributes
                0x00000369       0x2b CMakeFiles\drive.dir\D_\RPI\pico-sdk\src\rp2_common\pico_bootrom\bootrom.c.obj
 .ARM.attributes
                0x00000394       0x22 CMakeFiles\drive.dir\D_\RPI\pico-sdk\src\rp2_common\pico_divider\divider.S.obj
 .ARM.attributes
                0x000003b6       0x22 CMakeFiles\drive.dir\D_\RPI\pico-sdk\src\rp2_common\pico_double\double_aeabi.S.obj
 .ARM.attributes
                0x000003d8       0x2b CMakeFiles\drive.dir\D_\RPI\pico-sdk\src\rp2_common\pico_double\double_init_rom.c.obj
 .ARM.attributes
                0x00000403       0x22 CMakeFiles\drive.dir\D_\RPI\pico-sdk\src\rp2_common\pico_double\double_v1_rom_shim.S.obj
 .ARM.attributes
                0x00000425       0x22 CMakeFiles\drive.dir\D_\RPI\pico-sdk\src\rp2_common\pico_float\float_aeabi.S.obj
 .ARM.attributes
                0x00000447       0x2b CMakeFiles\drive.dir\D_\RPI\pico-sdk\src\rp2_common\pico_float\float_init_rom.c.obj
 .ARM.attributes
                0x00000472       0x22 CMakeFiles\drive.dir\D_\RPI\pico-sdk\src\rp2_common\pico_float\float_v1_rom_shim.S.obj
 .ARM.attributes
                0x00000494       0x2b CMakeFiles\drive.dir\D_\RPI\pico-sdk\src\rp2_common\pico_malloc\pico_malloc.c.obj
 .ARM.attributes
                0x000004bf       0x22 CMakeFiles\drive.dir\D_\RPI\pico-sdk\src\rp2_common\pico_mem_ops\mem_ops_aeabi.S.obj
 .ARM.attributes
                0x000004e1       0x22 CMakeFiles\drive.dir\D_\RPI\pico-sdk\src\rp2_common\pico_standard_link\crt0.S.obj
 .ARM.attributes
                0x00000503       0x32 CMakeFiles\drive.dir\D_\RPI\pico-sdk\src\rp2_common\pico_standard_link\binary_info.c.obj
 .ARM.attributes
                0x00000535       0x2b CMakeFiles\drive.dir\D_\RPI\pico-sdk\src\rp2_common\pico_stdio\stdio.c.obj
 .ARM.attributes
                0x00000560       0x1b C:\Users\Ben\AppData\Local\Temp\ccIqYea4.o
 .ARM.attributes
                0x0000057b       0x1e c:/progra~2/gnuarm~1/102020~1/bin/../lib/gcc/arm-none-eabi/10.2.1/thumb/v6-m/nofp\libgcc.a(_dvmd_tls.o)
 .ARM.attributes
                0x00000599       0x2c c:/progra~2/gnuarm~1/102020~1/bin/../lib/gcc/arm-none-eabi/10.2.1/../../../../arm-none-eabi/lib/thumb/v6-m/nofp\libg.a(lib_a-calloc.o)
 .ARM.attributes
                0x000005c5       0x2c c:/progra~2/gnuarm~1/102020~1/bin/../lib/gcc/arm-none-eabi/10.2.1/../../../../arm-none-eabi/lib/thumb/v6-m/nofp\libg.a(lib_a-callocr.o)
 .ARM.attributes
                0x000005f1       0x2c c:/progra~2/gnuarm~1/102020~1/bin/../lib/gcc/arm-none-eabi/10.2.1/../../../../arm-none-eabi/lib/thumb/v6-m/nofp\libg.a(lib_a-impure.o)
 .ARM.attributes
                0x0000061d       0x2c c:/progra~2/gnuarm~1/102020~1/bin/../lib/gcc/arm-none-eabi/10.2.1/../../../../arm-none-eabi/lib/thumb/v6-m/nofp\libg.a(lib_a-malloc.o)
 .ARM.attributes
                0x00000649       0x2c c:/progra~2/gnuarm~1/102020~1/bin/../lib/gcc/arm-none-eabi/10.2.1/../../../../arm-none-eabi/lib/thumb/v6-m/nofp\libg.a(lib_a-mallocr.o)
 .ARM.attributes
                0x00000675       0x2c c:/progra~2/gnuarm~1/102020~1/bin/../lib/gcc/arm-none-eabi/10.2.1/../../../../arm-none-eabi/lib/thumb/v6-m/nofp\libg.a(lib_a-mlock.o)
 .ARM.attributes
                0x000006a1       0x2c c:/progra~2/gnuarm~1/102020~1/bin/../lib/gcc/arm-none-eabi/10.2.1/../../../../arm-none-eabi/lib/thumb/v6-m/nofp\libg.a(lib_a-sbrkr.o)
 .ARM.attributes
                0x000006cd       0x2c c:/progra~2/gnuarm~1/102020~1/bin/../lib/gcc/arm-none-eabi/10.2.1/../../../../arm-none-eabi/lib/thumb/v6-m/nofp\libg.a(lib_a-strlen-stub.o)
 .ARM.attributes
                0x000006f9       0x2c c:/progra~2/gnuarm~1/102020~1/bin/../lib/gcc/arm-none-eabi/10.2.1/../../../../arm-none-eabi/lib/thumb/v6-m/nofp\libg.a(lib_a-freer.o)
 .ARM.attributes
                0x00000725       0x2c c:/progra~2/gnuarm~1/102020~1/bin/../lib/gcc/arm-none-eabi/10.2.1/../../../../arm-none-eabi/lib/thumb/v6-m/nofp\libg.a(lib_a-lock.o)
 .ARM.attributes
                0x00000751       0x2c c:/progra~2/gnuarm~1/102020~1/bin/../lib/gcc/arm-none-eabi/10.2.1/../../../../arm-none-eabi/lib/thumb/v6-m/nofp\libg.a(lib_a-reent.o)

.comment        0x00000000       0x4d
 .comment       0x00000000       0x4d CMakeFiles\drive.dir\drive.c.obj
                                 0x4e (size before relaxing)
 .comment       0x0000004d       0x4e CMakeFiles\drive.dir\D_\RPI\pico-sdk\src\rp2_common\hardware_gpio\gpio.c.obj
 .comment       0x0000004d       0x4e CMakeFiles\drive.dir\D_\RPI\pico-sdk\src\rp2_common\hardware_claim\claim.c.obj
 .comment       0x0000004d       0x4e CMakeFiles\drive.dir\D_\RPI\pico-sdk\src\rp2_common\hardware_sync\sync.c.obj
 .comment       0x0000004d       0x4e CMakeFiles\drive.dir\D_\RPI\pico-sdk\src\rp2_common\pico_platform\platform.c.obj
 .comment       0x0000004d       0x4e CMakeFiles\drive.dir\D_\RPI\pico-sdk\src\common\pico_time\time.c.obj
 .comment       0x0000004d       0x4e CMakeFiles\drive.dir\D_\RPI\pico-sdk\src\rp2_common\hardware_timer\timer.c.obj
 .comment       0x0000004d       0x4e CMakeFiles\drive.dir\D_\RPI\pico-sdk\src\common\pico_sync\lock_core.c.obj
 .comment       0x0000004d       0x4e CMakeFiles\drive.dir\D_\RPI\pico-sdk\src\common\pico_sync\mutex.c.obj
 .comment       0x0000004d       0x4e CMakeFiles\drive.dir\D_\RPI\pico-sdk\src\common\pico_util\pheap.c.obj
 .comment       0x0000004d       0x4e CMakeFiles\drive.dir\D_\RPI\pico-sdk\src\rp2_common\pico_runtime\runtime.c.obj
 .comment       0x0000004d       0x4e CMakeFiles\drive.dir\D_\RPI\pico-sdk\src\rp2_common\hardware_clocks\clocks.c.obj
 .comment       0x0000004d       0x4e CMakeFiles\drive.dir\D_\RPI\pico-sdk\src\rp2_common\hardware_watchdog\watchdog.c.obj
 .comment       0x0000004d       0x4e CMakeFiles\drive.dir\D_\RPI\pico-sdk\src\rp2_common\hardware_xosc\xosc.c.obj
 .comment       0x0000004d       0x4e CMakeFiles\drive.dir\D_\RPI\pico-sdk\src\rp2_common\hardware_pll\pll.c.obj
 .comment       0x0000004d       0x4e CMakeFiles\drive.dir\D_\RPI\pico-sdk\src\rp2_common\hardware_irq\irq.c.obj
 .comment       0x0000004d       0x4e CMakeFiles\drive.dir\D_\RPI\pico-sdk\src\rp2_common\pico_printf\printf.c.obj
 .comment       0x0000004d       0x4e CMakeFiles\drive.dir\D_\RPI\pico-sdk\src\rp2_common\pico_bootrom\bootrom.c.obj
 .comment       0x0000004d       0x4e CMakeFiles\drive.dir\D_\RPI\pico-sdk\src\rp2_common\pico_double\double_init_rom.c.obj
 .comment       0x0000004d       0x4e CMakeFiles\drive.dir\D_\RPI\pico-sdk\src\rp2_common\pico_float\float_init_rom.c.obj
 .comment       0x0000004d       0x4e CMakeFiles\drive.dir\D_\RPI\pico-sdk\src\rp2_common\pico_malloc\pico_malloc.c.obj
 .comment       0x0000004d       0x4e CMakeFiles\drive.dir\D_\RPI\pico-sdk\src\rp2_common\pico_standard_link\binary_info.c.obj
 .comment       0x0000004d       0x4e CMakeFiles\drive.dir\D_\RPI\pico-sdk\src\rp2_common\pico_stdio\stdio.c.obj

.debug_info     0x00000000    0x101a3
 .debug_info    0x00000000      0x7ff CMakeFiles\drive.dir\drive.c.obj
 .debug_info    0x000007ff     0x1141 CMakeFiles\drive.dir\D_\RPI\pico-sdk\src\rp2_common\hardware_gpio\gpio.c.obj
 .debug_info    0x00001940      0x620 CMakeFiles\drive.dir\D_\RPI\pico-sdk\src\rp2_common\hardware_claim\claim.c.obj
 .debug_info    0x00001f60      0x4a5 CMakeFiles\drive.dir\D_\RPI\pico-sdk\src\rp2_common\hardware_sync\sync.c.obj
 .debug_info    0x00002405      0x1d5 CMakeFiles\drive.dir\D_\RPI\pico-sdk\src\rp2_common\pico_platform\platform.c.obj
 .debug_info    0x000025da     0x36f2 CMakeFiles\drive.dir\D_\RPI\pico-sdk\src\common\pico_time\time.c.obj
 .debug_info    0x00005ccc      0xf9d CMakeFiles\drive.dir\D_\RPI\pico-sdk\src\rp2_common\hardware_timer\timer.c.obj
 .debug_info    0x00006c69      0x1c5 CMakeFiles\drive.dir\D_\RPI\pico-sdk\src\common\pico_sync\lock_core.c.obj
 .debug_info    0x00006e2e      0xd59 CMakeFiles\drive.dir\D_\RPI\pico-sdk\src\common\pico_sync\mutex.c.obj
 .debug_info    0x00007b87     0x1164 CMakeFiles\drive.dir\D_\RPI\pico-sdk\src\common\pico_util\pheap.c.obj
 .debug_info    0x00008ceb      0x993 CMakeFiles\drive.dir\D_\RPI\pico-sdk\src\rp2_common\pico_runtime\runtime.c.obj
 .debug_info    0x0000967e     0x1068 CMakeFiles\drive.dir\D_\RPI\pico-sdk\src\rp2_common\hardware_clocks\clocks.c.obj
 .debug_info    0x0000a6e6      0x49c CMakeFiles\drive.dir\D_\RPI\pico-sdk\src\rp2_common\hardware_watchdog\watchdog.c.obj
 .debug_info    0x0000ab82      0x214 CMakeFiles\drive.dir\D_\RPI\pico-sdk\src\rp2_common\hardware_xosc\xosc.c.obj
 .debug_info    0x0000ad96      0x3c1 CMakeFiles\drive.dir\D_\RPI\pico-sdk\src\rp2_common\hardware_pll\pll.c.obj
 .debug_info    0x0000b157     0x1807 CMakeFiles\drive.dir\D_\RPI\pico-sdk\src\rp2_common\hardware_irq\irq.c.obj
 .debug_info    0x0000c95e       0x26 CMakeFiles\drive.dir\D_\RPI\pico-sdk\src\rp2_common\hardware_irq\irq_handler_chain.S.obj
 .debug_info    0x0000c984     0x1a32 CMakeFiles\drive.dir\D_\RPI\pico-sdk\src\rp2_common\pico_printf\printf.c.obj
 .debug_info    0x0000e3b6       0x22 CMakeFiles\drive.dir\D_\RPI\pico-sdk\src\rp2_common\pico_bit_ops\bit_ops_aeabi.S.obj
 .debug_info    0x0000e3d8      0x231 CMakeFiles\drive.dir\D_\RPI\pico-sdk\src\rp2_common\pico_bootrom\bootrom.c.obj
 .debug_info    0x0000e609       0x22 CMakeFiles\drive.dir\D_\RPI\pico-sdk\src\rp2_common\pico_divider\divider.S.obj
 .debug_info    0x0000e62b       0x22 CMakeFiles\drive.dir\D_\RPI\pico-sdk\src\rp2_common\pico_double\double_aeabi.S.obj
 .debug_info    0x0000e64d      0x2a0 CMakeFiles\drive.dir\D_\RPI\pico-sdk\src\rp2_common\pico_double\double_init_rom.c.obj
 .debug_info    0x0000e8ed       0x22 CMakeFiles\drive.dir\D_\RPI\pico-sdk\src\rp2_common\pico_double\double_v1_rom_shim.S.obj
 .debug_info    0x0000e90f       0x22 CMakeFiles\drive.dir\D_\RPI\pico-sdk\src\rp2_common\pico_float\float_aeabi.S.obj
 .debug_info    0x0000e931      0x2ef CMakeFiles\drive.dir\D_\RPI\pico-sdk\src\rp2_common\pico_float\float_init_rom.c.obj
 .debug_info    0x0000ec20       0x22 CMakeFiles\drive.dir\D_\RPI\pico-sdk\src\rp2_common\pico_float\float_v1_rom_shim.S.obj
 .debug_info    0x0000ec42      0x1e7 CMakeFiles\drive.dir\D_\RPI\pico-sdk\src\rp2_common\pico_malloc\pico_malloc.c.obj
 .debug_info    0x0000ee29       0x22 CMakeFiles\drive.dir\D_\RPI\pico-sdk\src\rp2_common\pico_mem_ops\mem_ops_aeabi.S.obj
 .debug_info    0x0000ee4b       0x22 CMakeFiles\drive.dir\D_\RPI\pico-sdk\src\rp2_common\pico_standard_link\crt0.S.obj
 .debug_info    0x0000ee6d      0x2c5 CMakeFiles\drive.dir\D_\RPI\pico-sdk\src\rp2_common\pico_standard_link\binary_info.c.obj
 .debug_info    0x0000f132     0x1071 CMakeFiles\drive.dir\D_\RPI\pico-sdk\src\rp2_common\pico_stdio\stdio.c.obj

.debug_abbrev   0x00000000     0x39d4
 .debug_abbrev  0x00000000      0x2e9 CMakeFiles\drive.dir\drive.c.obj
 .debug_abbrev  0x000002e9      0x309 CMakeFiles\drive.dir\D_\RPI\pico-sdk\src\rp2_common\hardware_gpio\gpio.c.obj
 .debug_abbrev  0x000005f2      0x276 CMakeFiles\drive.dir\D_\RPI\pico-sdk\src\rp2_common\hardware_claim\claim.c.obj
 .debug_abbrev  0x00000868      0x212 CMakeFiles\drive.dir\D_\RPI\pico-sdk\src\rp2_common\hardware_sync\sync.c.obj
 .debug_abbrev  0x00000a7a       0xe7 CMakeFiles\drive.dir\D_\RPI\pico-sdk\src\rp2_common\pico_platform\platform.c.obj
 .debug_abbrev  0x00000b61      0x589 CMakeFiles\drive.dir\D_\RPI\pico-sdk\src\common\pico_time\time.c.obj
 .debug_abbrev  0x000010ea      0x34c CMakeFiles\drive.dir\D_\RPI\pico-sdk\src\rp2_common\hardware_timer\timer.c.obj
 .debug_abbrev  0x00001436      0x133 CMakeFiles\drive.dir\D_\RPI\pico-sdk\src\common\pico_sync\lock_core.c.obj
 .debug_abbrev  0x00001569      0x32b CMakeFiles\drive.dir\D_\RPI\pico-sdk\src\common\pico_sync\mutex.c.obj
 .debug_abbrev  0x00001894      0x297 CMakeFiles\drive.dir\D_\RPI\pico-sdk\src\common\pico_util\pheap.c.obj
 .debug_abbrev  0x00001b2b      0x348 CMakeFiles\drive.dir\D_\RPI\pico-sdk\src\rp2_common\pico_runtime\runtime.c.obj
 .debug_abbrev  0x00001e73      0x386 CMakeFiles\drive.dir\D_\RPI\pico-sdk\src\rp2_common\hardware_clocks\clocks.c.obj
 .debug_abbrev  0x000021f9      0x1b1 CMakeFiles\drive.dir\D_\RPI\pico-sdk\src\rp2_common\hardware_watchdog\watchdog.c.obj
 .debug_abbrev  0x000023aa      0x12c CMakeFiles\drive.dir\D_\RPI\pico-sdk\src\rp2_common\hardware_xosc\xosc.c.obj
 .debug_abbrev  0x000024d6      0x1bc CMakeFiles\drive.dir\D_\RPI\pico-sdk\src\rp2_common\hardware_pll\pll.c.obj
 .debug_abbrev  0x00002692      0x494 CMakeFiles\drive.dir\D_\RPI\pico-sdk\src\rp2_common\hardware_irq\irq.c.obj
 .debug_abbrev  0x00002b26       0x14 CMakeFiles\drive.dir\D_\RPI\pico-sdk\src\rp2_common\hardware_irq\irq_handler_chain.S.obj
 .debug_abbrev  0x00002b3a      0x384 CMakeFiles\drive.dir\D_\RPI\pico-sdk\src\rp2_common\pico_printf\printf.c.obj
 .debug_abbrev  0x00002ebe       0x12 CMakeFiles\drive.dir\D_\RPI\pico-sdk\src\rp2_common\pico_bit_ops\bit_ops_aeabi.S.obj
 .debug_abbrev  0x00002ed0       0xf8 CMakeFiles\drive.dir\D_\RPI\pico-sdk\src\rp2_common\pico_bootrom\bootrom.c.obj
 .debug_abbrev  0x00002fc8       0x12 CMakeFiles\drive.dir\D_\RPI\pico-sdk\src\rp2_common\pico_divider\divider.S.obj
 .debug_abbrev  0x00002fda       0x12 CMakeFiles\drive.dir\D_\RPI\pico-sdk\src\rp2_common\pico_double\double_aeabi.S.obj
 .debug_abbrev  0x00002fec      0x162 CMakeFiles\drive.dir\D_\RPI\pico-sdk\src\rp2_common\pico_double\double_init_rom.c.obj
 .debug_abbrev  0x0000314e       0x12 CMakeFiles\drive.dir\D_\RPI\pico-sdk\src\rp2_common\pico_double\double_v1_rom_shim.S.obj
 .debug_abbrev  0x00003160       0x12 CMakeFiles\drive.dir\D_\RPI\pico-sdk\src\rp2_common\pico_float\float_aeabi.S.obj
 .debug_abbrev  0x00003172      0x17a CMakeFiles\drive.dir\D_\RPI\pico-sdk\src\rp2_common\pico_float\float_init_rom.c.obj
 .debug_abbrev  0x000032ec       0x12 CMakeFiles\drive.dir\D_\RPI\pico-sdk\src\rp2_common\pico_float\float_v1_rom_shim.S.obj
 .debug_abbrev  0x000032fe      0x111 CMakeFiles\drive.dir\D_\RPI\pico-sdk\src\rp2_common\pico_malloc\pico_malloc.c.obj
 .debug_abbrev  0x0000340f       0x12 CMakeFiles\drive.dir\D_\RPI\pico-sdk\src\rp2_common\pico_mem_ops\mem_ops_aeabi.S.obj
 .debug_abbrev  0x00003421       0x12 CMakeFiles\drive.dir\D_\RPI\pico-sdk\src\rp2_common\pico_standard_link\crt0.S.obj
 .debug_abbrev  0x00003433       0xad CMakeFiles\drive.dir\D_\RPI\pico-sdk\src\rp2_common\pico_standard_link\binary_info.c.obj
 .debug_abbrev  0x000034e0      0x4f4 CMakeFiles\drive.dir\D_\RPI\pico-sdk\src\rp2_common\pico_stdio\stdio.c.obj

.debug_loc      0x00000000     0xb1e2
 .debug_loc     0x00000000      0x23b CMakeFiles\drive.dir\drive.c.obj
 .debug_loc     0x0000023b      0xafe CMakeFiles\drive.dir\D_\RPI\pico-sdk\src\rp2_common\hardware_gpio\gpio.c.obj
 .debug_loc     0x00000d39      0x457 CMakeFiles\drive.dir\D_\RPI\pico-sdk\src\rp2_common\hardware_claim\claim.c.obj
 .debug_loc     0x00001190      0x1d7 CMakeFiles\drive.dir\D_\RPI\pico-sdk\src\rp2_common\hardware_sync\sync.c.obj
 .debug_loc     0x00001367       0xe9 CMakeFiles\drive.dir\D_\RPI\pico-sdk\src\rp2_common\pico_platform\platform.c.obj
 .debug_loc     0x00001450     0x2a3f CMakeFiles\drive.dir\D_\RPI\pico-sdk\src\common\pico_time\time.c.obj
 .debug_loc     0x00003e8f      0x831 CMakeFiles\drive.dir\D_\RPI\pico-sdk\src\rp2_common\hardware_timer\timer.c.obj
 .debug_loc     0x000046c0       0xa2 CMakeFiles\drive.dir\D_\RPI\pico-sdk\src\common\pico_sync\lock_core.c.obj
 .debug_loc     0x00004762      0x61a CMakeFiles\drive.dir\D_\RPI\pico-sdk\src\common\pico_sync\mutex.c.obj
 .debug_loc     0x00004d7c     0x13a5 CMakeFiles\drive.dir\D_\RPI\pico-sdk\src\common\pico_util\pheap.c.obj
 .debug_loc     0x00006121      0x3d7 CMakeFiles\drive.dir\D_\RPI\pico-sdk\src\rp2_common\pico_runtime\runtime.c.obj
 .debug_loc     0x000064f8      0x890 CMakeFiles\drive.dir\D_\RPI\pico-sdk\src\rp2_common\hardware_clocks\clocks.c.obj
 .debug_loc     0x00006d88      0x267 CMakeFiles\drive.dir\D_\RPI\pico-sdk\src\rp2_common\hardware_watchdog\watchdog.c.obj
 .debug_loc     0x00006fef       0x71 CMakeFiles\drive.dir\D_\RPI\pico-sdk\src\rp2_common\hardware_xosc\xosc.c.obj
 .debug_loc     0x00007060      0x278 CMakeFiles\drive.dir\D_\RPI\pico-sdk\src\rp2_common\hardware_pll\pll.c.obj
 .debug_loc     0x000072d8     0x1240 CMakeFiles\drive.dir\D_\RPI\pico-sdk\src\rp2_common\hardware_irq\irq.c.obj
 .debug_loc     0x00008518     0x203e CMakeFiles\drive.dir\D_\RPI\pico-sdk\src\rp2_common\pico_printf\printf.c.obj
 .debug_loc     0x0000a556      0x16f CMakeFiles\drive.dir\D_\RPI\pico-sdk\src\rp2_common\pico_bootrom\bootrom.c.obj
 .debug_loc     0x0000a6c5       0x59 CMakeFiles\drive.dir\D_\RPI\pico-sdk\src\rp2_common\pico_double\double_init_rom.c.obj
 .debug_loc     0x0000a71e       0x73 CMakeFiles\drive.dir\D_\RPI\pico-sdk\src\rp2_common\pico_float\float_init_rom.c.obj
 .debug_loc     0x0000a791       0xbe CMakeFiles\drive.dir\D_\RPI\pico-sdk\src\rp2_common\pico_malloc\pico_malloc.c.obj
 .debug_loc     0x0000a84f      0x993 CMakeFiles\drive.dir\D_\RPI\pico-sdk\src\rp2_common\pico_stdio\stdio.c.obj

.debug_aranges  0x00000000      0xc48
 .debug_aranges
                0x00000000       0x28 CMakeFiles\drive.dir\drive.c.obj
 .debug_aranges
                0x00000028       0xa0 CMakeFiles\drive.dir\D_\RPI\pico-sdk\src\rp2_common\hardware_gpio\gpio.c.obj
 .debug_aranges
                0x000000c8       0x48 CMakeFiles\drive.dir\D_\RPI\pico-sdk\src\rp2_common\hardware_claim\claim.c.obj
 .debug_aranges
                0x00000110       0x50 CMakeFiles\drive.dir\D_\RPI\pico-sdk\src\rp2_common\hardware_sync\sync.c.obj
 .debug_aranges
                0x00000160       0x28 CMakeFiles\drive.dir\D_\RPI\pico-sdk\src\rp2_common\pico_platform\platform.c.obj
 .debug_aranges
                0x00000188       0xc8 CMakeFiles\drive.dir\D_\RPI\pico-sdk\src\common\pico_time\time.c.obj
 .debug_aranges
                0x00000250       0x68 CMakeFiles\drive.dir\D_\RPI\pico-sdk\src\rp2_common\hardware_timer\timer.c.obj
 .debug_aranges
                0x000002b8       0x20 CMakeFiles\drive.dir\D_\RPI\pico-sdk\src\common\pico_sync\lock_core.c.obj
 .debug_aranges
                0x000002d8       0x48 CMakeFiles\drive.dir\D_\RPI\pico-sdk\src\common\pico_sync\mutex.c.obj
 .debug_aranges
                0x00000320       0x70 CMakeFiles\drive.dir\D_\RPI\pico-sdk\src\common\pico_util\pheap.c.obj
 .debug_aranges
                0x00000390       0x60 CMakeFiles\drive.dir\D_\RPI\pico-sdk\src\rp2_common\pico_runtime\runtime.c.obj
 .debug_aranges
                0x000003f0       0x70 CMakeFiles\drive.dir\D_\RPI\pico-sdk\src\rp2_common\hardware_clocks\clocks.c.obj
 .debug_aranges
                0x00000460       0x50 CMakeFiles\drive.dir\D_\RPI\pico-sdk\src\rp2_common\hardware_watchdog\watchdog.c.obj
 .debug_aranges
                0x000004b0       0x30 CMakeFiles\drive.dir\D_\RPI\pico-sdk\src\rp2_common\hardware_xosc\xosc.c.obj
 .debug_aranges
                0x000004e0       0x28 CMakeFiles\drive.dir\D_\RPI\pico-sdk\src\rp2_common\hardware_pll\pll.c.obj
 .debug_aranges
                0x00000508       0x90 CMakeFiles\drive.dir\D_\RPI\pico-sdk\src\rp2_common\hardware_irq\irq.c.obj
 .debug_aranges
                0x00000598       0x20 CMakeFiles\drive.dir\D_\RPI\pico-sdk\src\rp2_common\hardware_irq\irq_handler_chain.S.obj
 .debug_aranges
                0x000005b8       0x90 CMakeFiles\drive.dir\D_\RPI\pico-sdk\src\rp2_common\pico_printf\printf.c.obj
 .debug_aranges
                0x00000648       0x68 CMakeFiles\drive.dir\D_\RPI\pico-sdk\src\rp2_common\pico_bit_ops\bit_ops_aeabi.S.obj
 .debug_aranges
                0x000006b0       0x30 CMakeFiles\drive.dir\D_\RPI\pico-sdk\src\rp2_common\pico_bootrom\bootrom.c.obj
 .debug_aranges
                0x000006e0       0x40 CMakeFiles\drive.dir\D_\RPI\pico-sdk\src\rp2_common\pico_divider\divider.S.obj
 .debug_aranges
                0x00000720      0x140 CMakeFiles\drive.dir\D_\RPI\pico-sdk\src\rp2_common\pico_double\double_aeabi.S.obj
 .debug_aranges
                0x00000860       0x20 CMakeFiles\drive.dir\D_\RPI\pico-sdk\src\rp2_common\pico_double\double_init_rom.c.obj
 .debug_aranges
                0x00000880       0xc8 CMakeFiles\drive.dir\D_\RPI\pico-sdk\src\rp2_common\pico_double\double_v1_rom_shim.S.obj
 .debug_aranges
                0x00000948      0x130 CMakeFiles\drive.dir\D_\RPI\pico-sdk\src\rp2_common\pico_float\float_aeabi.S.obj
 .debug_aranges
                0x00000a78       0x20 CMakeFiles\drive.dir\D_\RPI\pico-sdk\src\rp2_common\pico_float\float_init_rom.c.obj
 .debug_aranges
                0x00000a98       0x50 CMakeFiles\drive.dir\D_\RPI\pico-sdk\src\rp2_common\pico_float\float_v1_rom_shim.S.obj
 .debug_aranges
                0x00000ae8       0x30 CMakeFiles\drive.dir\D_\RPI\pico-sdk\src\rp2_common\pico_malloc\pico_malloc.c.obj
 .debug_aranges
                0x00000b18       0x38 CMakeFiles\drive.dir\D_\RPI\pico-sdk\src\rp2_common\pico_mem_ops\mem_ops_aeabi.S.obj
 .debug_aranges
                0x00000b50       0x28 CMakeFiles\drive.dir\D_\RPI\pico-sdk\src\rp2_common\pico_standard_link\crt0.S.obj
 .debug_aranges
                0x00000b78       0x18 CMakeFiles\drive.dir\D_\RPI\pico-sdk\src\rp2_common\pico_standard_link\binary_info.c.obj
 .debug_aranges
                0x00000b90       0xb8 CMakeFiles\drive.dir\D_\RPI\pico-sdk\src\rp2_common\pico_stdio\stdio.c.obj

.debug_ranges   0x00000000     0x1f10
 .debug_ranges  0x00000000       0x30 CMakeFiles\drive.dir\drive.c.obj
 .debug_ranges  0x00000030       0xa8 CMakeFiles\drive.dir\D_\RPI\pico-sdk\src\rp2_common\hardware_gpio\gpio.c.obj
 .debug_ranges  0x000000d8       0xd8 CMakeFiles\drive.dir\D_\RPI\pico-sdk\src\rp2_common\hardware_claim\claim.c.obj
 .debug_ranges  0x000001b0       0xb8 CMakeFiles\drive.dir\D_\RPI\pico-sdk\src\rp2_common\hardware_sync\sync.c.obj
 .debug_ranges  0x00000268       0x18 CMakeFiles\drive.dir\D_\RPI\pico-sdk\src\rp2_common\pico_platform\platform.c.obj
 .debug_ranges  0x00000280      0x7e8 CMakeFiles\drive.dir\D_\RPI\pico-sdk\src\common\pico_time\time.c.obj
 .debug_ranges  0x00000a68      0x2f0 CMakeFiles\drive.dir\D_\RPI\pico-sdk\src\rp2_common\hardware_timer\timer.c.obj
 .debug_ranges  0x00000d58       0x10 CMakeFiles\drive.dir\D_\RPI\pico-sdk\src\common\pico_sync\lock_core.c.obj
 .debug_ranges  0x00000d68      0x338 CMakeFiles\drive.dir\D_\RPI\pico-sdk\src\common\pico_sync\mutex.c.obj
 .debug_ranges  0x000010a0      0x240 CMakeFiles\drive.dir\D_\RPI\pico-sdk\src\common\pico_util\pheap.c.obj
 .debug_ranges  0x000012e0       0x68 CMakeFiles\drive.dir\D_\RPI\pico-sdk\src\rp2_common\pico_runtime\runtime.c.obj
 .debug_ranges  0x00001348       0x78 CMakeFiles\drive.dir\D_\RPI\pico-sdk\src\rp2_common\hardware_clocks\clocks.c.obj
 .debug_ranges  0x000013c0       0x40 CMakeFiles\drive.dir\D_\RPI\pico-sdk\src\rp2_common\hardware_watchdog\watchdog.c.obj
 .debug_ranges  0x00001400       0x20 CMakeFiles\drive.dir\D_\RPI\pico-sdk\src\rp2_common\hardware_xosc\xosc.c.obj
 .debug_ranges  0x00001420       0x18 CMakeFiles\drive.dir\D_\RPI\pico-sdk\src\rp2_common\hardware_pll\pll.c.obj
 .debug_ranges  0x00001438      0x3b0 CMakeFiles\drive.dir\D_\RPI\pico-sdk\src\rp2_common\hardware_irq\irq.c.obj
 .debug_ranges  0x000017e8      0x108 CMakeFiles\drive.dir\D_\RPI\pico-sdk\src\rp2_common\pico_printf\printf.c.obj
 .debug_ranges  0x000018f0       0x60 CMakeFiles\drive.dir\D_\RPI\pico-sdk\src\rp2_common\pico_bit_ops\bit_ops_aeabi.S.obj
 .debug_ranges  0x00001950       0x38 CMakeFiles\drive.dir\D_\RPI\pico-sdk\src\rp2_common\pico_bootrom\bootrom.c.obj
 .debug_ranges  0x00001988       0x38 CMakeFiles\drive.dir\D_\RPI\pico-sdk\src\rp2_common\pico_divider\divider.S.obj
 .debug_ranges  0x000019c0      0x138 CMakeFiles\drive.dir\D_\RPI\pico-sdk\src\rp2_common\pico_double\double_aeabi.S.obj
 .debug_ranges  0x00001af8       0x30 CMakeFiles\drive.dir\D_\RPI\pico-sdk\src\rp2_common\pico_double\double_init_rom.c.obj
 .debug_ranges  0x00001b28       0xc0 CMakeFiles\drive.dir\D_\RPI\pico-sdk\src\rp2_common\pico_double\double_v1_rom_shim.S.obj
 .debug_ranges  0x00001be8      0x128 CMakeFiles\drive.dir\D_\RPI\pico-sdk\src\rp2_common\pico_float\float_aeabi.S.obj
 .debug_ranges  0x00001d10       0x28 CMakeFiles\drive.dir\D_\RPI\pico-sdk\src\rp2_common\pico_float\float_init_rom.c.obj
 .debug_ranges  0x00001d38       0x48 CMakeFiles\drive.dir\D_\RPI\pico-sdk\src\rp2_common\pico_float\float_v1_rom_shim.S.obj
 .debug_ranges  0x00001d80       0x20 CMakeFiles\drive.dir\D_\RPI\pico-sdk\src\rp2_common\pico_malloc\pico_malloc.c.obj
 .debug_ranges  0x00001da0       0x30 CMakeFiles\drive.dir\D_\RPI\pico-sdk\src\rp2_common\pico_mem_ops\mem_ops_aeabi.S.obj
 .debug_ranges  0x00001dd0       0x20 CMakeFiles\drive.dir\D_\RPI\pico-sdk\src\rp2_common\pico_standard_link\crt0.S.obj
 .debug_ranges  0x00001df0      0x120 CMakeFiles\drive.dir\D_\RPI\pico-sdk\src\rp2_common\pico_stdio\stdio.c.obj

.debug_line     0x00000000     0xae8e
 .debug_line    0x00000000      0x3e6 CMakeFiles\drive.dir\drive.c.obj
 .debug_line    0x000003e6      0x82e CMakeFiles\drive.dir\D_\RPI\pico-sdk\src\rp2_common\hardware_gpio\gpio.c.obj
 .debug_line    0x00000c14      0x425 CMakeFiles\drive.dir\D_\RPI\pico-sdk\src\rp2_common\hardware_claim\claim.c.obj
 .debug_line    0x00001039      0x3c3 CMakeFiles\drive.dir\D_\RPI\pico-sdk\src\rp2_common\hardware_sync\sync.c.obj
 .debug_line    0x000013fc      0x203 CMakeFiles\drive.dir\D_\RPI\pico-sdk\src\rp2_common\pico_platform\platform.c.obj
 .debug_line    0x000015ff     0x16f8 CMakeFiles\drive.dir\D_\RPI\pico-sdk\src\common\pico_time\time.c.obj
 .debug_line    0x00002cf7      0x9b1 CMakeFiles\drive.dir\D_\RPI\pico-sdk\src\rp2_common\hardware_timer\timer.c.obj
 .debug_line    0x000036a8      0x22f CMakeFiles\drive.dir\D_\RPI\pico-sdk\src\common\pico_sync\lock_core.c.obj
 .debug_line    0x000038d7      0x7a1 CMakeFiles\drive.dir\D_\RPI\pico-sdk\src\common\pico_sync\mutex.c.obj
 .debug_line    0x00004078      0x84a CMakeFiles\drive.dir\D_\RPI\pico-sdk\src\common\pico_util\pheap.c.obj
 .debug_line    0x000048c2      0x763 CMakeFiles\drive.dir\D_\RPI\pico-sdk\src\rp2_common\pico_runtime\runtime.c.obj
 .debug_line    0x00005025      0x9ac CMakeFiles\drive.dir\D_\RPI\pico-sdk\src\rp2_common\hardware_clocks\clocks.c.obj
 .debug_line    0x000059d1      0x375 CMakeFiles\drive.dir\D_\RPI\pico-sdk\src\rp2_common\hardware_watchdog\watchdog.c.obj
 .debug_line    0x00005d46      0x274 CMakeFiles\drive.dir\D_\RPI\pico-sdk\src\rp2_common\hardware_xosc\xosc.c.obj
 .debug_line    0x00005fba      0x359 CMakeFiles\drive.dir\D_\RPI\pico-sdk\src\rp2_common\hardware_pll\pll.c.obj
 .debug_line    0x00006313      0xd39 CMakeFiles\drive.dir\D_\RPI\pico-sdk\src\rp2_common\hardware_irq\irq.c.obj
 .debug_line    0x0000704c       0x79 CMakeFiles\drive.dir\D_\RPI\pico-sdk\src\rp2_common\hardware_irq\irq_handler_chain.S.obj
 .debug_line    0x000070c5     0x11bd CMakeFiles\drive.dir\D_\RPI\pico-sdk\src\rp2_common\pico_printf\printf.c.obj
 .debug_line    0x00008282      0x13c CMakeFiles\drive.dir\D_\RPI\pico-sdk\src\rp2_common\pico_bit_ops\bit_ops_aeabi.S.obj
 .debug_line    0x000083be      0x1b0 CMakeFiles\drive.dir\D_\RPI\pico-sdk\src\rp2_common\pico_bootrom\bootrom.c.obj
 .debug_line    0x0000856e      0x2bd CMakeFiles\drive.dir\D_\RPI\pico-sdk\src\rp2_common\pico_divider\divider.S.obj
 .debug_line    0x0000882b      0x3f8 CMakeFiles\drive.dir\D_\RPI\pico-sdk\src\rp2_common\pico_double\double_aeabi.S.obj
 .debug_line    0x00008c23      0x2f2 CMakeFiles\drive.dir\D_\RPI\pico-sdk\src\rp2_common\pico_double\double_init_rom.c.obj
 .debug_line    0x00008f15      0x693 CMakeFiles\drive.dir\D_\RPI\pico-sdk\src\rp2_common\pico_double\double_v1_rom_shim.S.obj
 .debug_line    0x000095a8      0x3b6 CMakeFiles\drive.dir\D_\RPI\pico-sdk\src\rp2_common\pico_float\float_aeabi.S.obj
 .debug_line    0x0000995e      0x2f4 CMakeFiles\drive.dir\D_\RPI\pico-sdk\src\rp2_common\pico_float\float_init_rom.c.obj
 .debug_line    0x00009c52      0x1bc CMakeFiles\drive.dir\D_\RPI\pico-sdk\src\rp2_common\pico_float\float_v1_rom_shim.S.obj
 .debug_line    0x00009e0e      0x1b6 CMakeFiles\drive.dir\D_\RPI\pico-sdk\src\rp2_common\pico_malloc\pico_malloc.c.obj
 .debug_line    0x00009fc4       0xb6 CMakeFiles\drive.dir\D_\RPI\pico-sdk\src\rp2_common\pico_mem_ops\mem_ops_aeabi.S.obj
 .debug_line    0x0000a07a       0xcd CMakeFiles\drive.dir\D_\RPI\pico-sdk\src\rp2_common\pico_standard_link\crt0.S.obj
 .debug_line    0x0000a147      0x186 CMakeFiles\drive.dir\D_\RPI\pico-sdk\src\rp2_common\pico_standard_link\binary_info.c.obj
 .debug_line    0x0000a2cd      0xbc1 CMakeFiles\drive.dir\D_\RPI\pico-sdk\src\rp2_common\pico_stdio\stdio.c.obj

.debug_str      0x00000000     0x2a5c
 .debug_str     0x00000000      0x402 CMakeFiles\drive.dir\drive.c.obj
                                0x4c2 (size before relaxing)
 .debug_str     0x00000402      0x494 CMakeFiles\drive.dir\D_\RPI\pico-sdk\src\rp2_common\hardware_gpio\gpio.c.obj
                                0x7ab (size before relaxing)
 .debug_str     0x00000896      0x1bf CMakeFiles\drive.dir\D_\RPI\pico-sdk\src\rp2_common\hardware_claim\claim.c.obj
                                0x35d (size before relaxing)
 .debug_str     0x00000a55       0xcc CMakeFiles\drive.dir\D_\RPI\pico-sdk\src\rp2_common\hardware_sync\sync.c.obj
                                0x321 (size before relaxing)
 .debug_str     0x00000b21       0x76 CMakeFiles\drive.dir\D_\RPI\pico-sdk\src\rp2_common\pico_platform\platform.c.obj
                                0x214 (size before relaxing)
 .debug_str     0x00000b97      0x600 CMakeFiles\drive.dir\D_\RPI\pico-sdk\src\common\pico_time\time.c.obj