Archive member included to satisfy reference by file (symbol)

c:/progra~2/gnuarm~1/102020~1/bin/../lib/gcc/arm-none-eabi/10.2.1/thumb/v6-m/nofp\libgcc.a(_dvmd_tls.o)
                              CMakeFiles\flashpio.dir\D_\RPI\pico-sdk\src\rp2_common\pico_divider\divider.S.obj (__aeabi_idiv0)
c:/progra~2/gnuarm~1/102020~1/bin/../lib/gcc/arm-none-eabi/10.2.1/../../../../arm-none-eabi/lib/thumb/v6-m/nofp\libg.a(lib_a-calloc.o)
                              CMakeFiles\flashpio.dir\D_\RPI\pico-sdk\src\rp2_common\pico_malloc\pico_malloc.c.obj (calloc)
c:/progra~2/gnuarm~1/102020~1/bin/../lib/gcc/arm-none-eabi/10.2.1/../../../../arm-none-eabi/lib/thumb/v6-m/nofp\libg.a(lib_a-callocr.o)
                              c:/progra~2/gnuarm~1/102020~1/bin/../lib/gcc/arm-none-eabi/10.2.1/../../../../arm-none-eabi/lib/thumb/v6-m/nofp\libg.a(lib_a-calloc.o) (_calloc_r)
c:/progra~2/gnuarm~1/102020~1/bin/../lib/gcc/arm-none-eabi/10.2.1/../../../../arm-none-eabi/lib/thumb/v6-m/nofp\libg.a(lib_a-impure.o)
                              c:/progra~2/gnuarm~1/102020~1/bin/../lib/gcc/arm-none-eabi/10.2.1/../../../../arm-none-eabi/lib/thumb/v6-m/nofp\libg.a(lib_a-calloc.o) (_impure_ptr)
c:/progra~2/gnuarm~1/102020~1/bin/../lib/gcc/arm-none-eabi/10.2.1/../../../../arm-none-eabi/lib/thumb/v6-m/nofp\libg.a(lib_a-init.o)
                              c:/progra~2/gnuarm~1/102020~1/bin/../lib/gcc/arm-none-eabi/10.2.1/../../../../arm-none-eabi/lib/thumb/v6-m/nofp/crt0.o (__libc_init_array)
c:/progra~2/gnuarm~1/102020~1/bin/../lib/gcc/arm-none-eabi/10.2.1/../../../../arm-none-eabi/lib/thumb/v6-m/nofp\libg.a(lib_a-malloc.o)
                              CMakeFiles\flashpio.dir\D_\RPI\pico-sdk\src\rp2_common\pico_malloc\pico_malloc.c.obj (malloc)
c:/progra~2/gnuarm~1/102020~1/bin/../lib/gcc/arm-none-eabi/10.2.1/../../../../arm-none-eabi/lib/thumb/v6-m/nofp\libg.a(lib_a-mallocr.o)
                              c:/progra~2/gnuarm~1/102020~1/bin/../lib/gcc/arm-none-eabi/10.2.1/../../../../arm-none-eabi/lib/thumb/v6-m/nofp\libg.a(lib_a-callocr.o) (_malloc_r)
c:/progra~2/gnuarm~1/102020~1/bin/../lib/gcc/arm-none-eabi/10.2.1/../../../../arm-none-eabi/lib/thumb/v6-m/nofp\libg.a(lib_a-mlock.o)
                              c:/progra~2/gnuarm~1/102020~1/bin/../lib/gcc/arm-none-eabi/10.2.1/../../../../arm-none-eabi/lib/thumb/v6-m/nofp\libg.a(lib_a-mallocr.o) (__malloc_lock)
c:/progra~2/gnuarm~1/102020~1/bin/../lib/gcc/arm-none-eabi/10.2.1/../../../../arm-none-eabi/lib/thumb/v6-m/nofp\libg.a(lib_a-sbrkr.o)
                              c:/progra~2/gnuarm~1/102020~1/bin/../lib/gcc/arm-none-eabi/10.2.1/../../../../arm-none-eabi/lib/thumb/v6-m/nofp\libg.a(lib_a-mallocr.o) (_sbrk_r)
c:/progra~2/gnuarm~1/102020~1/bin/../lib/gcc/arm-none-eabi/10.2.1/../../../../arm-none-eabi/lib/thumb/v6-m/nofp\libg.a(lib_a-strlen-stub.o)
                              CMakeFiles\flashpio.dir\D_\RPI\pico-sdk\src\rp2_common\pico_stdio\stdio.c.obj (strlen)
c:/progra~2/gnuarm~1/102020~1/bin/../lib/gcc/arm-none-eabi/10.2.1/../../../../arm-none-eabi/lib/thumb/v6-m/nofp\libg.a(lib_a-freer.o)
                              c:/progra~2/gnuarm~1/102020~1/bin/../lib/gcc/arm-none-eabi/10.2.1/../../../../arm-none-eabi/lib/thumb/v6-m/nofp\libg.a(lib_a-malloc.o) (_free_r)
c:/progra~2/gnuarm~1/102020~1/bin/../lib/gcc/arm-none-eabi/10.2.1/../../../../arm-none-eabi/lib/thumb/v6-m/nofp\libg.a(lib_a-lock.o)
                              c:/progra~2/gnuarm~1/102020~1/bin/../lib/gcc/arm-none-eabi/10.2.1/../../../../arm-none-eabi/lib/thumb/v6-m/nofp\libg.a(lib_a-mlock.o) (__retarget_lock_acquire_recursive)
c:/progra~2/gnuarm~1/102020~1/bin/../lib/gcc/arm-none-eabi/10.2.1/../../../../arm-none-eabi/lib/thumb/v6-m/nofp\libg.a(lib_a-reent.o)
                              c:/progra~2/gnuarm~1/102020~1/bin/../lib/gcc/arm-none-eabi/10.2.1/../../../../arm-none-eabi/lib/thumb/v6-m/nofp\libg.a(lib_a-sbrkr.o) (errno)

Discarded input sections

 .text          0x00000000        0x0 c:/progra~2/gnuarm~1/102020~1/bin/../lib/gcc/arm-none-eabi/10.2.1/thumb/v6-m/nofp/crti.o
 .data          0x00000000        0x0 c:/progra~2/gnuarm~1/102020~1/bin/../lib/gcc/arm-none-eabi/10.2.1/thumb/v6-m/nofp/crti.o
 .bss           0x00000000        0x0 c:/progra~2/gnuarm~1/102020~1/bin/../lib/gcc/arm-none-eabi/10.2.1/thumb/v6-m/nofp/crti.o
 .data          0x00000000        0x4 c:/progra~2/gnuarm~1/102020~1/bin/../lib/gcc/arm-none-eabi/10.2.1/thumb/v6-m/nofp/crtbegin.o
 .rodata        0x00000000       0x24 c:/progra~2/gnuarm~1/102020~1/bin/../lib/gcc/arm-none-eabi/10.2.1/thumb/v6-m/nofp/crtbegin.o
 .fini_array    0x00000000        0x4 c:/progra~2/gnuarm~1/102020~1/bin/../lib/gcc/arm-none-eabi/10.2.1/thumb/v6-m/nofp/crtbegin.o
 .text          0x00000000       0x80 c:/progra~2/gnuarm~1/102020~1/bin/../lib/gcc/arm-none-eabi/10.2.1/../../../../arm-none-eabi/lib/thumb/v6-m/nofp/crt0.o
[...]
Memory Configuration

Name             Origin             Length             Attributes
FLASH            0x10000000         0x00200000         xr
RAM              0x20000000         0x00040000         xrw
SCRATCH_X        0x20040000         0x00001000         xrw
SCRATCH_Y        0x20041000         0x00001000         xrw
*default*        0x00000000         0xffffffff

Linker script and memory map

LOAD c:/progra~2/gnuarm~1/102020~1/bin/../lib/gcc/arm-none-eabi/10.2.1/thumb/v6-m/nofp/crti.o
LOAD c:/progra~2/gnuarm~1/102020~1/bin/../lib/gcc/arm-none-eabi/10.2.1/thumb/v6-m/nofp/crtbegin.o
LOAD c:/progra~2/gnuarm~1/102020~1/bin/../lib/gcc/arm-none-eabi/10.2.1/../../../../arm-none-eabi/lib/thumb/v6-m/nofp/crt0.o

.flash_begin    0x10000000        0x0
                0x10000000                __flash_binary_start = .

.boot2          0x10000000      0x100
                0x10000000                __boot2_start__ = .
 *(.boot2)
 .boot2         0x10000000      0x100 C:\Users\Ben\AppData\Local\Temp\ccgQoBB8.o
                0x10000100                __boot2_end__ = .
                0x00000001                ASSERT (((__boot2_end__ - __boot2_start__) == 0x100), ERROR: Pico second stage bootloader must be 256 bytes in size)

.text           0x10000100     0x4a68
                0x10000100                __reset_start = .
 *(.reset)
 .reset         0x10000100       0xc4 CMakeFiles\flashpio.dir\D_\RPI\pico-sdk\src\rp2_common\pico_standard_link\crt0.S.obj
                0x10000104                _entry_point
                0x10000196                __get_current_exception
 .reset         0x100001c4       0x30 CMakeFiles\flashpio.dir\D_\RPI\pico-sdk\src\rp2_common\pico_standard_link\binary_info.c.obj
                0x10000200                . = ALIGN (0x100)
 *fill*         0x100001f4        0xc 
                0x10000200                __reset_end = .
                0x00000001                ASSERT (((__reset_end - __reset_start) == 0x100), ERROR: reset section should only be 256 bytes)
 *(.vectors)
 .vectors       0x10000200       0xd4 CMakeFiles\flashpio.dir\D_\RPI\pico-sdk\src\rp2_common\pico_standard_link\crt0.S.obj
                0x10000200                __vectors
                0x100002c0                isr_invalid
                0x100002c2                isr_nmi
                0x100002c4                isr_hardfault
                0x100002c6                isr_svcall
                0x100002c8                isr_pendsv
                0x100002ca                isr_systick
                0x100002cc                isr_irq11
                0x100002cc                isr_irq5
                0x100002cc                isr_irq23
                0x100002cc                isr_irq18
                0x100002cc                isr_irq31
                0x100002cc                isr_irq28
                0x100002cc                isr_irq19
                0x100002cc                isr_irq0
                0x100002cc                isr_irq6
                0x100002cc                isr_irq27
                0x100002cc                isr_irq12
                0x100002cc                isr_irq22
                0x100002cc                isr_irq13
                0x100002cc                isr_irq17
                0x100002cc                isr_irq14
                0x100002cc                isr_irq2
                0x100002cc                isr_irq10
                0x100002cc                isr_irq8
                0x100002cc                isr_irq24
                0x100002cc                isr_irq1
                0x100002cc                isr_irq7
                0x100002cc                isr_irq21
                0x100002cc                isr_irq20
                0x100002cc                isr_irq15
                0x100002cc                isr_irq25
                0x100002cc                __unhandled_user_irq
                0x100002cc                isr_irq4
                0x100002cc                isr_irq16
                0x100002cc                isr_irq29
                0x100002cc                isr_irq26
                0x100002cc                isr_irq3
                0x100002cc                isr_irq30
                0x100002cc                isr_irq9
                0x100002d2                unhandled_user_irq_num_in_r0
 *(.init)
 .init          0x100002d4        0x4 c:/progra~2/gnuarm~1/102020~1/bin/../lib/gcc/arm-none-eabi/10.2.1/thumb/v6-m/nofp/crti.o
                0x100002d4                _init
 *(EXCLUDE_FILE(*libm.a: *libc.a:*lib_a-mem*.o *libgcc.a:) .text*)
 .text          0x100002d8       0x48 c:/progra~2/gnuarm~1/102020~1/bin/../lib/gcc/arm-none-eabi/10.2.1/thumb/v6-m/nofp/crtbegin.o
 .text.main     0x10000320      0x144 CMakeFiles\flashpio.dir\flashpio.c.obj
                0x10000320                main
 .text.gpio_set_function
                0x10000464       0x30 CMakeFiles\flashpio.dir\D_\RPI\pico-sdk\src\rp2_common\hardware_gpio\gpio.c.obj
                0x10000464                gpio_set_function
 .text.hw_claim_lock
                0x10000494       0x18 CMakeFiles\flashpio.dir\D_\RPI\pico-sdk\src\rp2_common\hardware_claim\claim.c.obj
                0x10000494                hw_claim_lock
 .text.hw_claim_unlock
                0x100004ac       0x14 CMakeFiles\flashpio.dir\D_\RPI\pico-sdk\src\rp2_common\hardware_claim\claim.c.obj
                0x100004ac                hw_claim_unlock
 .text.hw_claim_or_assert
                0x100004c0       0x34 CMakeFiles\flashpio.dir\D_\RPI\pico-sdk\src\rp2_common\hardware_claim\claim.c.obj
                0x100004c0                hw_claim_or_assert
 .text.hw_claim_unused_from_range
                0x100004f4       0x56 CMakeFiles\flashpio.dir\D_\RPI\pico-sdk\src\rp2_common\hardware_claim\claim.c.obj
                0x100004f4                hw_claim_unused_from_range
 *fill*         0x1000054a        0x2 
 .text.spin_locks_reset
                0x1000054c       0x20 CMakeFiles\flashpio.dir\D_\RPI\pico-sdk\src\rp2_common\hardware_sync\sync.c.obj
                0x1000054c                spin_locks_reset
 .text.next_striped_spin_lock_num
                0x1000056c       0x1c CMakeFiles\flashpio.dir\D_\RPI\pico-sdk\src\rp2_common\hardware_sync\sync.c.obj
                0x1000056c                next_striped_spin_lock_num
 .text.running_on_fpga
                0x10000588       0x14 CMakeFiles\flashpio.dir\D_\RPI\pico-sdk\src\rp2_common\pico_platform\platform.c.obj
                0x10000588                running_on_fpga
 .text.timer_pool_entry_comparator
                0x1000059c       0x7c CMakeFiles\flashpio.dir\D_\RPI\pico-sdk\src\common\pico_time\time.c.obj
                0x1000059c                timer_pool_entry_comparator
 .text.ph_add_child_node
                0x10000618       0xa4 CMakeFiles\flashpio.dir\D_\RPI\pico-sdk\src\common\pico_time\time.c.obj
 .text.ph_merge_nodes
                0x100006bc       0x3e CMakeFiles\flashpio.dir\D_\RPI\pico-sdk\src\common\pico_time\time.c.obj
 *fill*         0x100006fa        0x2 
 .text.add_alarm_under_lock
                0x100006fc      0x184 CMakeFiles\flashpio.dir\D_\RPI\pico-sdk\src\common\pico_time\time.c.obj
 .text.alarm_pool_alarm_callback
                0x10000880      0x2f4 CMakeFiles\flashpio.dir\D_\RPI\pico-sdk\src\common\pico_time\time.c.obj
 .text.alarm_pool_create
                0x10000b74       0x6c CMakeFiles\flashpio.dir\D_\RPI\pico-sdk\src\common\pico_time\time.c.obj
                0x10000b74                alarm_pool_create
 .text.alarm_pool_init_default
                0x10000be0       0x20 CMakeFiles\flashpio.dir\D_\RPI\pico-sdk\src\common\pico_time\time.c.obj
                0x10000be0                alarm_pool_init_default
 .text.hardware_alarm_irq_handler
                0x10000c00       0x8c CMakeFiles\flashpio.dir\D_\RPI\pico-sdk\src\rp2_common\hardware_timer\timer.c.obj
 .text.hardware_alarm_claim
                0x10000c8c       0x18 CMakeFiles\flashpio.dir\D_\RPI\pico-sdk\src\rp2_common\hardware_timer\timer.c.obj
                0x10000c8c                hardware_alarm_claim
 .text.time_us_64
                0x10000ca4       0x18 CMakeFiles\flashpio.dir\D_\RPI\pico-sdk\src\rp2_common\hardware_timer\timer.c.obj
                0x10000ca4                time_us_64
 .text.hardware_alarm_set_callback
                0x10000cbc       0x90 CMakeFiles\flashpio.dir\D_\RPI\pico-sdk\src\rp2_common\hardware_timer\timer.c.obj
                0x10000cbc                hardware_alarm_set_callback
 .text.hardware_alarm_set_target
                0x10000d4c       0xd0 CMakeFiles\flashpio.dir\D_\RPI\pico-sdk\src\rp2_common\hardware_timer\timer.c.obj
                0x10000d4c                hardware_alarm_set_target
 .text.hardware_alarm_cancel
                0x10000e1c       0x40 CMakeFiles\flashpio.dir\D_\RPI\pico-sdk\src\rp2_common\hardware_timer\timer.c.obj
                0x10000e1c                hardware_alarm_cancel
 .text.lock_init
                0x10000e5c       0x30 CMakeFiles\flashpio.dir\D_\RPI\pico-sdk\src\common\pico_sync\lock_core.c.obj
                0x10000e5c                lock_init
 .text.mutex_init
                0x10000e8c       0x16 CMakeFiles\flashpio.dir\D_\RPI\pico-sdk\src\common\pico_sync\mutex.c.obj
                0x10000e8c                mutex_init
 *fill*         0x10000ea2        0x2 
 .text.ph_add_child_node
                0x10000ea4       0xa4 CMakeFiles\flashpio.dir\D_\RPI\pico-sdk\src\common\pico_util\pheap.c.obj
 .text.ph_merge_nodes
                0x10000f48       0x3e CMakeFiles\flashpio.dir\D_\RPI\pico-sdk\src\common\pico_util\pheap.c.obj
 *fill*         0x10000f86        0x2 
 .text.ph_clear
                0x10000f88       0x74 CMakeFiles\flashpio.dir\D_\RPI\pico-sdk\src\common\pico_util\pheap.c.obj
                0x10000f88                ph_clear
 .text.ph_create
                0x10000ffc       0x2c CMakeFiles\flashpio.dir\D_\RPI\pico-sdk\src\common\pico_util\pheap.c.obj
                0x10000ffc                ph_create
 .text.ph_merge_two_pass
                0x10001028       0xa8 CMakeFiles\flashpio.dir\D_\RPI\pico-sdk\src\common\pico_util\pheap.c.obj
                0x10001028                ph_merge_two_pass
 .text.ph_remove_any_head
                0x100010d0      0x108 CMakeFiles\flashpio.dir\D_\RPI\pico-sdk\src\common\pico_util\pheap.c.obj
 .text.ph_remove_head_reserve
                0x100011d8       0x14 CMakeFiles\flashpio.dir\D_\RPI\pico-sdk\src\common\pico_util\pheap.c.obj
                0x100011d8                ph_remove_head_reserve
 .text.ph_delete
                0x100011ec       0xf8 CMakeFiles\flashpio.dir\D_\RPI\pico-sdk\src\common\pico_util\pheap.c.obj
                0x100011ec                ph_delete
 .text.runtime_init
                0x100012e4       0xcc CMakeFiles\flashpio.dir\D_\RPI\pico-sdk\src\rp2_common\pico_runtime\runtime.c.obj
                0x100012e4                runtime_init
 .text._exit    0x100013b0        0x4 CMakeFiles\flashpio.dir\D_\RPI\pico-sdk\src\rp2_common\pico_runtime\runtime.c.obj
                0x100013b0                _exit
 .text._sbrk    0x100013b4       0x38 CMakeFiles\flashpio.dir\D_\RPI\pico-sdk\src\rp2_common\pico_runtime\runtime.c.obj
                0x100013b4                _sbrk
 .text.exit     0x100013ec        0x6 CMakeFiles\flashpio.dir\D_\RPI\pico-sdk\src\rp2_common\pico_runtime\runtime.c.obj
                0x100013ec                exit
 *fill*         0x100013f2        0x2 
 .text.__assert_func
                0x100013f4       0x3c CMakeFiles\flashpio.dir\D_\RPI\pico-sdk\src\rp2_common\pico_runtime\runtime.c.obj
                0x100013f4                __assert_func
 .text.panic    0x10001430       0x30 CMakeFiles\flashpio.dir\D_\RPI\pico-sdk\src\rp2_common\pico_runtime\runtime.c.obj
                0x10001430                panic
 .text.clock_configure
                0x10001460       0xe8 CMakeFiles\flashpio.dir\D_\RPI\pico-sdk\src\rp2_common\hardware_clocks\clocks.c.obj
                0x10001460                clock_configure
 .text.clocks_init
                0x10001548      0x124 CMakeFiles\flashpio.dir\D_\RPI\pico-sdk\src\rp2_common\hardware_clocks\clocks.c.obj
                0x10001548                clocks_init
 .text.watchdog_start_tick
                0x1000166c       0x10 CMakeFiles\flashpio.dir\D_\RPI\pico-sdk\src\rp2_common\hardware_watchdog\watchdog.c.obj
                0x1000166c                watchdog_start_tick
 .text.xosc_init
                0x1000167c       0x28 CMakeFiles\flashpio.dir\D_\RPI\pico-sdk\src\rp2_common\hardware_xosc\xosc.c.obj
                0x1000167c                xosc_init
 .text.pll_init
                0x100016a4       0xd4 CMakeFiles\flashpio.dir\D_\RPI\pico-sdk\src\rp2_common\hardware_pll\pll.c.obj
                0x100016a4                pll_init
 .text.set_raw_irq_handler_and_unlock
                0x10001778       0x28 CMakeFiles\flashpio.dir\D_\RPI\pico-sdk\src\rp2_common\hardware_irq\irq.c.obj
 .text.make_branch
                0x100017a0       0x34 CMakeFiles\flashpio.dir\D_\RPI\pico-sdk\src\rp2_common\hardware_irq\irq.c.obj
 .text.insert_branch_and_link
                0x100017d4       0x40 CMakeFiles\flashpio.dir\D_\RPI\pico-sdk\src\rp2_common\hardware_irq\irq.c.obj
 .text.irq_is_enabled
                0x10001814       0x18 CMakeFiles\flashpio.dir\D_\RPI\pico-sdk\src\rp2_common\hardware_irq\irq.c.obj
                0x10001814                irq_is_enabled
 .text.irq_set_mask_enabled
                0x1000182c       0x20 CMakeFiles\flashpio.dir\D_\RPI\pico-sdk\src\rp2_common\hardware_irq\irq.c.obj
                0x1000182c                irq_set_mask_enabled
 .text.irq_set_enabled
                0x1000184c        0xe CMakeFiles\flashpio.dir\D_\RPI\pico-sdk\src\rp2_common\hardware_irq\irq.c.obj
                0x1000184c                irq_set_enabled
 *fill*         0x1000185a        0x2 
 .text.irq_get_vtable_handler
                0x1000185c       0x10 CMakeFiles\flashpio.dir\D_\RPI\pico-sdk\src\rp2_common\hardware_irq\irq.c.obj
                0x1000185c                irq_get_vtable_handler
 .text.irq_set_exclusive_handler
                0x1000186c       0x54 CMakeFiles\flashpio.dir\D_\RPI\pico-sdk\src\rp2_common\hardware_irq\irq.c.obj
                0x1000186c                irq_set_exclusive_handler
 .text.irq_remove_handler
                0x100018c0      0x1b4 CMakeFiles\flashpio.dir\D_\RPI\pico-sdk\src\rp2_common\hardware_irq\irq.c.obj
                0x100018c0                irq_remove_handler
 .text.irq_set_priority
                0x10001a74       0x28 CMakeFiles\flashpio.dir\D_\RPI\pico-sdk\src\rp2_common\hardware_irq\irq.c.obj
                0x10001a74                irq_set_priority
 .text.irq_add_tail_to_free_list
                0x10001a9c       0xf8 CMakeFiles\flashpio.dir\D_\RPI\pico-sdk\src\rp2_common\hardware_irq\irq.c.obj
                0x10001a9c                irq_add_tail_to_free_list
 .text.irq_init_priorities
                0x10001b94       0x16 CMakeFiles\flashpio.dir\D_\RPI\pico-sdk\src\rp2_common\hardware_irq\irq.c.obj
                0x10001b94                irq_init_priorities
 .text._out_null
                0x10001baa        0x2 CMakeFiles\flashpio.dir\D_\RPI\pico-sdk\src\rp2_common\pico_printf\printf.c.obj
 .text._out_fct
                0x10001bac        0xe CMakeFiles\flashpio.dir\D_\RPI\pico-sdk\src\rp2_common\pico_printf\printf.c.obj
 .text._atoi    0x10001bba       0x24 CMakeFiles\flashpio.dir\D_\RPI\pico-sdk\src\rp2_common\pico_printf\printf.c.obj
 .text._out_rev
                0x10001bde       0xae CMakeFiles\flashpio.dir\D_\RPI\pico-sdk\src\rp2_common\pico_printf\printf.c.obj
 .text._ntoa_format
                0x10001c8c      0x112 CMakeFiles\flashpio.dir\D_\RPI\pico-sdk\src\rp2_common\pico_printf\printf.c.obj
 .text._ntoa_long
                0x10001d9e       0xbc CMakeFiles\flashpio.dir\D_\RPI\pico-sdk\src\rp2_common\pico_printf\printf.c.obj
 .text._ntoa_long_long
                0x10001e5a       0xe2 CMakeFiles\flashpio.dir\D_\RPI\pico-sdk\src\rp2_common\pico_printf\printf.c.obj
 .text._etoa    0x10001f3c      0x404 CMakeFiles\flashpio.dir\D_\RPI\pico-sdk\src\rp2_common\pico_printf\printf.c.obj
 .text._ftoa    0x10002340      0x354 CMakeFiles\flashpio.dir\D_\RPI\pico-sdk\src\rp2_common\pico_printf\printf.c.obj
 .text._vsnprintf
                0x10002694      0x624 CMakeFiles\flashpio.dir\D_\RPI\pico-sdk\src\rp2_common\pico_printf\printf.c.obj
 .text.vfctprintf
                0x10002cb8       0x20 CMakeFiles\flashpio.dir\D_\RPI\pico-sdk\src\rp2_common\pico_printf\printf.c.obj
                0x10002cb8                vfctprintf
 .text          0x10002cd8       0x10 CMakeFiles\flashpio.dir\D_\RPI\pico-sdk\src\rp2_common\pico_bit_ops\bit_ops_aeabi.S.obj
 .text.rom_func_lookup
                0x10002ce8       0x10 CMakeFiles\flashpio.dir\D_\RPI\pico-sdk\src\rp2_common\pico_bootrom\bootrom.c.obj
                0x10002ce8                rom_func_lookup
 .text.rom_data_lookup
                0x10002cf8       0x10 CMakeFiles\flashpio.dir\D_\RPI\pico-sdk\src\rp2_common\pico_bootrom\bootrom.c.obj
                0x10002cf8                rom_data_lookup
 .text.rom_funcs_lookup
                0x10002d08       0x36 CMakeFiles\flashpio.dir\D_\RPI\pico-sdk\src\rp2_common\pico_bootrom\bootrom.c.obj
                0x10002d08                rom_funcs_lookup
 *fill*         0x10002d3e        0x2 
 .text.__wrap___aeabi_idiv
                0x10002d40       0x58 CMakeFiles\flashpio.dir\D_\RPI\pico-sdk\src\rp2_common\pico_divider\divider.S.obj
                0x10002d40                __wrap___aeabi_idivmod
                0x10002d40                divmod_s32s32
                0x10002d40                div_s32s32
                0x10002d40                __wrap___aeabi_idiv
                0x10002d48                divmod_s32s32_unsafe
                0x10002d74                divmod_s32s32_savestate
 .text.__wrap___aeabi_uidiv
                0x10002d98       0x54 CMakeFiles\flashpio.dir\D_\RPI\pico-sdk\src\rp2_common\pico_divider\divider.S.obj
                0x10002d98                __wrap___aeabi_uidiv
                0x10002d98                __wrap___aeabi_uidivmod
                0x10002d98                div_u32u32
                0x10002d98                divmod_u32u32
                0x10002da0                divmod_u32u32_unsafe
                0x10002dc8                divmod_u32u32_savestate
 .text.__wrap___aeabi_ldiv
                0x10002dec      0x430 CMakeFiles\flashpio.dir\D_\RPI\pico-sdk\src\rp2_common\pico_divider\divider.S.obj
                0x10002dec                div_s64s64
                0x10002dec                divmod_s64s64
                0x10002dec                __wrap___aeabi_ldivmod
                0x10002e24                divmod_u64u64
                0x10002e24                div_u64u64
                0x10002e24                __wrap___aeabi_uldivmod
                0x10002e34                divmod_u64u64_savestate
                0x10002e5c                divmod_s64s64_unsafe
                0x10002ee4                divmod_u64u64_unsafe
 .text.__wrap___aeabi_darithmetic
                0x1000321c       0x54 CMakeFiles\flashpio.dir\D_\RPI\pico-sdk\src\rp2_common\pico_double\double_aeabi.S.obj
                0x1000321c                __wrap___aeabi_drsub
                0x10003222                __wrap___aeabi_dsub
                0x10003234                __wrap___aeabi_dadd
                0x10003246                __wrap___aeabi_ddiv
                0x10003258                __wrap___aeabi_dmul
 .text.__wrap___aeabi_cdcmple
                0x10003270       0x6c CMakeFiles\flashpio.dir\D_\RPI\pico-sdk\src\rp2_common\pico_double\double_aeabi.S.obj
                0x10003270                __wrap___aeabi_cdrcmple
                0x10003280                __wrap___aeabi_cdcmpeq
                0x10003280                __wrap___aeabi_cdcmple
 .text.__wrap___aeabi_dcmplt
                0x100032dc        0xc CMakeFiles\flashpio.dir\D_\RPI\pico-sdk\src\rp2_common\pico_double\double_aeabi.S.obj
                0x100032dc                __wrap___aeabi_dcmplt
 .text.__wrap___aeabi_dcmple
                0x100032e8       0x10 CMakeFiles\flashpio.dir\D_\RPI\pico-sdk\src\rp2_common\pico_double\double_aeabi.S.obj
                0x100032e8                __wrap___aeabi_dcmple
 .text.__wrap___aeabi_dcmpge
                0x100032f8       0x10 CMakeFiles\flashpio.dir\D_\RPI\pico-sdk\src\rp2_common\pico_double\double_aeabi.S.obj
                0x100032f8                __wrap___aeabi_dcmpge
 .text.__wrap___aeabi_dcmpgt
                0x10003308        0xa CMakeFiles\flashpio.dir\D_\RPI\pico-sdk\src\rp2_common\pico_double\double_aeabi.S.obj
                0x10003308                __wrap___aeabi_dcmpgt
 .text.__wrap___aeabi_dcmpun
                0x10003312       0x1c CMakeFiles\flashpio.dir\D_\RPI\pico-sdk\src\rp2_common\pico_double\double_aeabi.S.obj
                0x10003312                __wrap___aeabi_dcmpun
 *fill*         0x1000332e        0x2 
 .text.__wrap___aeabi_i2d
                0x10003330       0x38 CMakeFiles\flashpio.dir\D_\RPI\pico-sdk\src\rp2_common\pico_double\double_aeabi.S.obj
                0x10003330                __wrap___aeabi_ui2d
                0x10003338                __wrap___aeabi_i2d
 .text.__wrap___aeabi_d2iz
                0x10003368       0x48 CMakeFiles\flashpio.dir\D_\RPI\pico-sdk\src\rp2_common\pico_double\double_aeabi.S.obj
                0x10003368                double2int_z
                0x10003368                __wrap___aeabi_d2iz
 .text.__wrap___aeabi_d2uiz
                0x100033b0       0x18 CMakeFiles\flashpio.dir\D_\RPI\pico-sdk\src\rp2_common\pico_double\double_aeabi.S.obj
                0x100033b0                __wrap___aeabi_d2uiz
                0x100033b0                double2uint
 .text.__aeabi_double_init
                0x100033c8       0xb8 CMakeFiles\flashpio.dir\D_\RPI\pico-sdk\src\rp2_common\pico_double\double_init_rom.c.obj
                0x100033c8                __aeabi_double_init
 .text.double_table_shim_on_use_helper
                0x10003480       0x34 CMakeFiles\flashpio.dir\D_\RPI\pico-sdk\src\rp2_common\pico_double\double_v1_rom_shim.S.obj
                0x10003480                double_table_shim_on_use_helper
 .text.__wrap___aeabi_dsub
                0x100034b4       0x10 CMakeFiles\flashpio.dir\D_\RPI\pico-sdk\src\rp2_common\pico_double\double_v1_rom_shim.S.obj
                0x100034b4                drsub_shim
                0x100034ba                dsub_shim
 .text.dadd_shim
                0x100034c4      0x15c CMakeFiles\flashpio.dir\D_\RPI\pico-sdk\src\rp2_common\pico_double\double_v1_rom_shim.S.obj
                0x100034c4                dadd_shim
 .text.dmul_shim
                0x10003620      0x15c CMakeFiles\flashpio.dir\D_\RPI\pico-sdk\src\rp2_common\pico_double\double_v1_rom_shim.S.obj
                0x10003620                dmul_shim
 .text.ddiv_shim
                0x1000377c      0x1b0 CMakeFiles\flashpio.dir\D_\RPI\pico-sdk\src\rp2_common\pico_double\double_v1_rom_shim.S.obj
                0x1000377c                ddiv_shim
 .text.dcordic_rot_step
                0x1000392c       0x7c CMakeFiles\flashpio.dir\D_\RPI\pico-sdk\src\rp2_common\pico_double\double_v1_rom_shim.S.obj
                0x1000392c                dcordic_rot_step
 .text.double2uint_shim
                0x100039a8        0xe CMakeFiles\flashpio.dir\D_\RPI\pico-sdk\src\rp2_common\pico_double\double_v1_rom_shim.S.obj
                0x100039a8                double2uint_shim
                0x100039aa                double2ufix_shim
 *fill*         0x100039b6        0x2 
 .text.double2uint64_shim
                0x100039b8       0x6c CMakeFiles\flashpio.dir\D_\RPI\pico-sdk\src\rp2_common\pico_double\double_v1_rom_shim.S.obj
                0x100039b8                double2uint64_shim
                0x100039ba                double2ufix64_shim
                0x100039d4                d2fix_a
 .text.dunpacks
                0x10003a24       0x3c CMakeFiles\flashpio.dir\D_\RPI\pico-sdk\src\rp2_common\pico_double\double_v1_rom_shim.S.obj
                0x10003a24                dunpacks
 .text.__aeabi_float_init
                0x10003a60       0xfc CMakeFiles\flashpio.dir\D_\RPI\pico-sdk\src\rp2_common\pico_float\float_init_rom.c.obj
                0x10003a60                __aeabi_float_init
 .text.float_table_shim_on_use_helper
                0x10003b5c       0x34 CMakeFiles\flashpio.dir\D_\RPI\pico-sdk\src\rp2_common\pico_float\float_v1_rom_shim.S.obj
                0x10003b5c                float_table_shim_on_use_helper
 .text.__wrap_malloc
                0x10003b90        0x8 CMakeFiles\flashpio.dir\D_\RPI\pico-sdk\src\rp2_common\pico_malloc\pico_malloc.c.obj
                0x10003b90                __wrap_malloc
 .text.__wrap_calloc
                0x10003b98        0x8 CMakeFiles\flashpio.dir\D_\RPI\pico-sdk\src\rp2_common\pico_malloc\pico_malloc.c.obj
                0x10003b98                __wrap_calloc
 .text          0x10003ba0       0x10 CMakeFiles\flashpio.dir\D_\RPI\pico-sdk\src\rp2_common\pico_mem_ops\mem_ops_aeabi.S.obj
                0x10003ba0                __aeabi_mem_init
 .text.memset   0x10003bb0        0xc CMakeFiles\flashpio.dir\D_\RPI\pico-sdk\src\rp2_common\pico_mem_ops\mem_ops_aeabi.S.obj
                0x10003bb0                __wrap_memset
 .text.memcpy   0x10003bbc        0xc CMakeFiles\flashpio.dir\D_\RPI\pico-sdk\src\rp2_common\pico_mem_ops\mem_ops_aeabi.S.obj
                0x10003bbc                __wrap_memcpy
                0x10003bbc                __wrap___aeabi_memcpy
 .text.stdio_out_chars_crlf
                0x10003bc8       0x80 CMakeFiles\flashpio.dir\D_\RPI\pico-sdk\src\rp2_common\pico_stdio\stdio.c.obj
 .text.stdio_stack_buffer_flush
                0x10003c48       0x44 CMakeFiles\flashpio.dir\D_\RPI\pico-sdk\src\rp2_common\pico_stdio\stdio.c.obj
 .text.stdio_buffered_printer
                0x10003c8c       0x20 CMakeFiles\flashpio.dir\D_\RPI\pico-sdk\src\rp2_common\pico_stdio\stdio.c.obj
 .text.stdout_serialize_begin
                0x10003cac       0x2c CMakeFiles\flashpio.dir\D_\RPI\pico-sdk\src\rp2_common\pico_stdio\stdio.c.obj
                0x10003cac                stdout_serialize_begin
 .text.stdout_serialize_end
                0x10003cd8       0x10 CMakeFiles\flashpio.dir\D_\RPI\pico-sdk\src\rp2_common\pico_stdio\stdio.c.obj
                0x10003cd8                stdout_serialize_end
 .text.stdio_put_string
                0x10003ce8       0x84 CMakeFiles\flashpio.dir\D_\RPI\pico-sdk\src\rp2_common\pico_stdio\stdio.c.obj
 .text.stdio_flush
                0x10003d6c       0x20 CMakeFiles\flashpio.dir\D_\RPI\pico-sdk\src\rp2_common\pico_stdio\stdio.c.obj
                0x10003d6c                stdio_flush
 .text.__wrap_puts
                0x10003d8c       0x1c CMakeFiles\flashpio.dir\D_\RPI\pico-sdk\src\rp2_common\pico_stdio\stdio.c.obj
                0x10003d8c                __wrap_puts
 .text.__wrap_vprintf
                0x10003da8       0x44 CMakeFiles\flashpio.dir\D_\RPI\pico-sdk\src\rp2_common\pico_stdio\stdio.c.obj
                0x10003da8                __wrap_vprintf
 .text.__wrap_printf
                0x10003dec       0x18 CMakeFiles\flashpio.dir\D_\RPI\pico-sdk\src\rp2_common\pico_stdio\stdio.c.obj
                0x10003dec                __wrap_printf
 .text._pio_can_add_program_at_offset
                0x10003e04       0xa0 CMakeFiles\flashpio.dir\D_\RPI\pico-sdk\src\rp2_common\hardware_pio\pio.c.obj
 .text._pio_find_offset_for_program
                0x10003ea4       0xac CMakeFiles\flashpio.dir\D_\RPI\pico-sdk\src\rp2_common\hardware_pio\pio.c.obj
 .text._pio_add_program_at_offset
                0x10003f50       0xa4 CMakeFiles\flashpio.dir\D_\RPI\pico-sdk\src\rp2_common\hardware_pio\pio.c.obj
 .text.pio_claim_unused_sm
                0x10003ff4       0x68 CMakeFiles\flashpio.dir\D_\RPI\pico-sdk\src\rp2_common\hardware_pio\pio.c.obj
                0x10003ff4                pio_claim_unused_sm
 .text.pio_add_program
                0x1000405c       0x38 CMakeFiles\flashpio.dir\D_\RPI\pico-sdk\src\rp2_common\hardware_pio\pio.c.obj
                0x1000405c                pio_add_program
 .text.pio_sm_set_consecutive_pindirs
                0x10004094       0x8c CMakeFiles\flashpio.dir\D_\RPI\pico-sdk\src\rp2_common\hardware_pio\pio.c.obj
                0x10004094                pio_sm_set_consecutive_pindirs
 .text.pio_sm_init
                0x10004120       0xe4 CMakeFiles\flashpio.dir\D_\RPI\pico-sdk\src\rp2_common\hardware_pio\pio.c.obj
                0x10004120                pio_sm_init
 .text.calloc   0x10004204       0x18 c:/progra~2/gnuarm~1/102020~1/bin/../lib/gcc/arm-none-eabi/10.2.1/../../../../arm-none-eabi/lib/thumb/v6-m/nofp\libg.a(lib_a-calloc.o)
                0x10004204                calloc
 .text._calloc_r
                0x1000421c       0x5c c:/progra~2/gnuarm~1/102020~1/bin/../lib/gcc/arm-none-eabi/10.2.1/../../../../arm-none-eabi/lib/thumb/v6-m/nofp\libg.a(lib_a-callocr.o)
                0x1000421c                _calloc_r
 .text.malloc   0x10004278       0x14 c:/progra~2/gnuarm~1/102020~1/bin/../lib/gcc/arm-none-eabi/10.2.1/../../../../arm-none-eabi/lib/thumb/v6-m/nofp\libg.a(lib_a-malloc.o)
                0x10004278                malloc
 .text._malloc_r
                0x1000428c      0x580 c:/progra~2/gnuarm~1/102020~1/bin/../lib/gcc/arm-none-eabi/10.2.1/../../../../arm-none-eabi/lib/thumb/v6-m/nofp\libg.a(lib_a-mallocr.o)
                0x1000428c                _malloc_r
 .text.__malloc_lock
                0x1000480c       0x10 c:/progra~2/gnuarm~1/102020~1/bin/../lib/gcc/arm-none-eabi/10.2.1/../../../../arm-none-eabi/lib/thumb/v6-m/nofp\libg.a(lib_a-mlock.o)
                0x1000480c                __malloc_lock
 .text.__malloc_unlock
                0x1000481c       0x10 c:/progra~2/gnuarm~1/102020~1/bin/../lib/gcc/arm-none-eabi/10.2.1/../../../../arm-none-eabi/lib/thumb/v6-m/nofp\libg.a(lib_a-mlock.o)
                0x1000481c                __malloc_unlock
 .text._sbrk_r  0x1000482c       0x24 c:/progra~2/gnuarm~1/102020~1/bin/../lib/gcc/arm-none-eabi/10.2.1/../../../../arm-none-eabi/lib/thumb/v6-m/nofp\libg.a(lib_a-sbrkr.o)
                0x1000482c                _sbrk_r
 .text.strlen   0x10004850       0x5c c:/progra~2/gnuarm~1/102020~1/bin/../lib/gcc/arm-none-eabi/10.2.1/../../../../arm-none-eabi/lib/thumb/v6-m/nofp\libg.a(lib_a-strlen-stub.o)
                0x10004850                strlen
 .text._malloc_trim_r
                0x100048ac       0x9c c:/progra~2/gnuarm~1/102020~1/bin/../lib/gcc/arm-none-eabi/10.2.1/../../../../arm-none-eabi/lib/thumb/v6-m/nofp\libg.a(lib_a-freer.o)
                0x100048ac                _malloc_trim_r
 .text._free_r  0x10004948      0x1c4 c:/progra~2/gnuarm~1/102020~1/bin/../lib/gcc/arm-none-eabi/10.2.1/../../../../arm-none-eabi/lib/thumb/v6-m/nofp\libg.a(lib_a-freer.o)
                0x10004948                _free_r
 .text.__retarget_lock_acquire_recursive
                0x10004b0c        0x4 c:/progra~2/gnuarm~1/102020~1/bin/../lib/gcc/arm-none-eabi/10.2.1/../../../../arm-none-eabi/lib/thumb/v6-m/nofp\libg.a(lib_a-lock.o)
                0x10004b0c                __retarget_lock_acquire_recursive
 .text.__retarget_lock_release_recursive
                0x10004b10        0x4 c:/progra~2/gnuarm~1/102020~1/bin/../lib/gcc/arm-none-eabi/10.2.1/../../../../arm-none-eabi/lib/thumb/v6-m/nofp\libg.a(lib_a-lock.o)
                0x10004b10                __retarget_lock_release_recursive
 *(.fini)
 .fini          0x10004b14        0x4 c:/progra~2/gnuarm~1/102020~1/bin/../lib/gcc/arm-none-eabi/10.2.1/thumb/v6-m/nofp/crti.o
                0x10004b14                _fini
 .fini.__stub   0x10004b18       0x50 linker stubs
 *crtbegin.o(.ctors)
 *crtbegin?.o(.ctors)
 *(EXCLUDE_FILE(*crtend.o *crtend?.o) .ctors)
 *(SORT_BY_NAME(.ctors.*))
 *(.ctors)
 *crtbegin.o(.dtors)
 *crtbegin?.o(.dtors)
 *(EXCLUDE_FILE(*crtend.o *crtend?.o) .dtors)
 *(SORT_BY_NAME(.dtors.*))
 *(.dtors)
 *(.eh_frame*)
 .eh_frame      0x10004b68        0x0 c:/progra~2/gnuarm~1/102020~1/bin/../lib/gcc/arm-none-eabi/10.2.1/thumb/v6-m/nofp/crtbegin.o
                0x10004b68                . = ALIGN (0x4)

.glue_7         0x10004b68        0x0
 .glue_7        0x10004b68        0x0 linker stubs

.glue_7t        0x10004b68        0x0
 .glue_7t       0x10004b68        0x0 linker stubs

.vfp11_veneer   0x10004b68        0x0
 .vfp11_veneer  0x10004b68        0x0 linker stubs

.v4_bx          0x10004b68        0x0
 .v4_bx         0x10004b68        0x0 linker stubs

.iplt           0x10004b68        0x0
 .iplt          0x10004b68        0x0 c:/progra~2/gnuarm~1/102020~1/bin/../lib/gcc/arm-none-eabi/10.2.1/thumb/v6-m/nofp/crtbegin.o

.rodata         0x10004b68      0xe4c
 *(EXCLUDE_FILE(*libm.a: *libc.a:*lib_a-mem*.o *libgcc.a:) .rodata*)
 .rodata.main.str1.4
                0x10004b68       0x88 CMakeFiles\flashpio.dir\flashpio.c.obj
 .rodata.__func__.3
                0x10004bf0       0x13 CMakeFiles\flashpio.dir\flashpio.c.obj
 *fill*         0x10004c03        0x1 
 .rodata.flashpio_program
                0x10004c04        0x6 CMakeFiles\flashpio.dir\flashpio.c.obj
 *fill*         0x10004c0a        0x2 
 .rodata.flashpio_program_instructions
                0x10004c0c        0x8 CMakeFiles\flashpio.dir\flashpio.c.obj
 .rodata.alarm_pool_dump_key.str1.4
                0x10004c14       0x5f CMakeFiles\flashpio.dir\D_\RPI\pico-sdk\src\common\pico_time\time.c.obj
 *fill*         0x10004c73        0x1 
 .rodata.ph_add_child_node.str1.4
                0x10004c74       0x8a CMakeFiles\flashpio.dir\D_\RPI\pico-sdk\src\common\pico_time\time.c.obj
 *fill*         0x10004cfe        0x2 
 .rodata.add_alarm_under_lock.str1.4
                0x10004d00       0x27 CMakeFiles\flashpio.dir\D_\RPI\pico-sdk\src\common\pico_time\time.c.obj
 *fill*         0x10004d27        0x1 
 .rodata.alarm_pool_alarm_callback.str1.4
                0x10004d28       0x7d CMakeFiles\flashpio.dir\D_\RPI\pico-sdk\src\common\pico_time\time.c.obj
 *fill*         0x10004da5        0x3 
 .rodata.__func__.2
                0x10004da8       0x12 CMakeFiles\flashpio.dir\D_\RPI\pico-sdk\src\common\pico_time\time.c.obj
 *fill*         0x10004dba        0x2 
 .rodata.__func__.3
                0x10004dbc       0x14 CMakeFiles\flashpio.dir\D_\RPI\pico-sdk\src\common\pico_time\time.c.obj
 .rodata.__func__.4
                0x10004dd0       0x12 CMakeFiles\flashpio.dir\D_\RPI\pico-sdk\src\common\pico_time\time.c.obj
 *fill*         0x10004de2        0x2 
 .rodata.__func__.5
                0x10004de4        0xa CMakeFiles\flashpio.dir\D_\RPI\pico-sdk\src\common\pico_time\time.c.obj
 *fill*         0x10004dee        0x2 
 .rodata.__func__.6
                0x10004df0        0xc CMakeFiles\flashpio.dir\D_\RPI\pico-sdk\src\common\pico_time\time.c.obj
 .rodata.__func__.7
                0x10004dfc       0x15 CMakeFiles\flashpio.dir\D_\RPI\pico-sdk\src\common\pico_time\time.c.obj
 *fill*         0x10004e11        0x3 
 .rodata.__func__.8
                0x10004e14       0x1a CMakeFiles\flashpio.dir\D_\RPI\pico-sdk\src\common\pico_time\time.c.obj
 *fill*         0x10004e2e        0x2 
 .rodata.__func__.9
                0x10004e30        0xa CMakeFiles\flashpio.dir\D_\RPI\pico-sdk\src\common\pico_time\time.c.obj
 *fill*         0x10004e3a        0x2 
 .rodata.hardware_alarm_claim.str1.4
                0x10004e3c       0x22 CMakeFiles\flashpio.dir\D_\RPI\pico-sdk\src\rp2_common\hardware_timer\timer.c.obj
 *fill*         0x10004e5e        0x2 
 .rodata.hardware_alarm_set_target.str1.4
                0x10004e60       0x5a CMakeFiles\flashpio.dir\D_\RPI\pico-sdk\src\rp2_common\hardware_timer\timer.c.obj
 *fill*         0x10004eba        0x2 
 .rodata.__func__.0
                0x10004ebc       0x1a CMakeFiles\flashpio.dir\D_\RPI\pico-sdk\src\rp2_common\hardware_timer\timer.c.obj
 *fill*         0x10004ed6        0x2 
 .rodata.lock_init.str1.4
                0x10004ed8       0x5d CMakeFiles\flashpio.dir\D_\RPI\pico-sdk\src\common\pico_sync\lock_core.c.obj
 *fill*         0x10004f35        0x3 
 .rodata.__func__.0
                0x10004f38        0xa CMakeFiles\flashpio.dir\D_\RPI\pico-sdk\src\common\pico_sync\lock_core.c.obj
 *fill*         0x10004f42        0x2 
 .rodata.str1.4
                0x10004f44       0x4f CMakeFiles\flashpio.dir\D_\RPI\pico-sdk\src\common\pico_sync\mutex.c.obj
 *fill*         0x10004f93        0x1 
 .rodata.__func__.0
                0x10004f94        0xb CMakeFiles\flashpio.dir\D_\RPI\pico-sdk\src\common\pico_sync\mutex.c.obj
 *fill*         0x10004f9f        0x1 
 .rodata.__func__.2
                0x10004fa0       0x15 CMakeFiles\flashpio.dir\D_\RPI\pico-sdk\src\common\pico_sync\mutex.c.obj
 .rodata.ph_add_child_node.str1.4
                0x10004fb5       0x8a CMakeFiles\flashpio.dir\D_\RPI\pico-sdk\src\common\pico_util\pheap.c.obj
 *fill*         0x10004fb5        0x3 
 .rodata.ph_remove_any_head.str1.4
                0x10004fb8       0x84 CMakeFiles\flashpio.dir\D_\RPI\pico-sdk\src\common\pico_util\pheap.c.obj
 .rodata.ph_delete.str1.4
                0x1000503c       0x26 CMakeFiles\flashpio.dir\D_\RPI\pico-sdk\src\common\pico_util\pheap.c.obj
 *fill*         0x10005062        0x2 
 .rodata.__func__.0
                0x10005064        0xa CMakeFiles\flashpio.dir\D_\RPI\pico-sdk\src\common\pico_util\pheap.c.obj
 *fill*         0x1000506e        0x2 
 .rodata.__func__.1
                0x10005070       0x13 CMakeFiles\flashpio.dir\D_\RPI\pico-sdk\src\common\pico_util\pheap.c.obj
 *fill*         0x10005083        0x1 
 .rodata.__func__.2
                0x10005084       0x12 CMakeFiles\flashpio.dir\D_\RPI\pico-sdk\src\common\pico_util\pheap.c.obj
 *fill*         0x10005096        0x2 
 .rodata.__func__.3
                0x10005098        0xc CMakeFiles\flashpio.dir\D_\RPI\pico-sdk\src\common\pico_util\pheap.c.obj
 .rodata.__assert_func.str1.4
                0x100050a4       0x3f CMakeFiles\flashpio.dir\D_\RPI\pico-sdk\src\rp2_common\pico_runtime\runtime.c.obj
                                 0x43 (size before relaxing)
 *fill*         0x100050e3        0x1 
 .rodata.panic.str1.4
                0x100050e4       0x12 CMakeFiles\flashpio.dir\D_\RPI\pico-sdk\src\rp2_common\pico_runtime\runtime.c.obj
 *fill*         0x100050f6        0x2 
 .rodata.clock_configure.str1.4
                0x100050f8       0x4c CMakeFiles\flashpio.dir\D_\RPI\pico-sdk\src\rp2_common\hardware_clocks\clocks.c.obj
 .rodata.__func__.1
                0x10005144       0x10 CMakeFiles\flashpio.dir\D_\RPI\pico-sdk\src\rp2_common\hardware_clocks\clocks.c.obj
 .rodata.pll_init.str1.4
                0x10005154       0xcf CMakeFiles\flashpio.dir\D_\RPI\pico-sdk\src\rp2_common\hardware_pll\pll.c.obj
 *fill*         0x10005223        0x1 
 .rodata.__func__.0
                0x10005224        0x9 CMakeFiles\flashpio.dir\D_\RPI\pico-sdk\src\rp2_common\hardware_pll\pll.c.obj
 *fill*         0x1000522d        0x3 
 .rodata.make_branch.str1.4
                0x10005230       0x42 CMakeFiles\flashpio.dir\D_\RPI\pico-sdk\src\rp2_common\hardware_irq\irq.c.obj
 *fill*         0x10005272        0x2 
 .rodata.irq_set_exclusive_handler.str1.4
                0x10005274       0x36 CMakeFiles\flashpio.dir\D_\RPI\pico-sdk\src\rp2_common\hardware_irq\irq.c.obj
 *fill*         0x100052aa        0x2 
 .rodata.irq_add_shared_handler.str1.4
                0x100052ac       0xd9 CMakeFiles\flashpio.dir\D_\RPI\pico-sdk\src\rp2_common\hardware_irq\irq.c.obj
 *fill*         0x10005385        0x3 
 .rodata.irq_remove_handler.str1.4
                0x10005388       0x2a CMakeFiles\flashpio.dir\D_\RPI\pico-sdk\src\rp2_common\hardware_irq\irq.c.obj
 *fill*         0x100053b2        0x2 
 .rodata.irq_add_tail_to_free_list.str1.4
                0x100053b4       0x32 CMakeFiles\flashpio.dir\D_\RPI\pico-sdk\src\rp2_common\hardware_irq\irq.c.obj
                                 0x3a (size before relaxing)
 *fill*         0x100053e6        0x2 
 .rodata.__func__.0
                0x100053e8       0x1a CMakeFiles\flashpio.dir\D_\RPI\pico-sdk\src\rp2_common\hardware_irq\irq.c.obj
 *fill*         0x10005402        0x2 
 .rodata.__func__.1
                0x10005404       0x17 CMakeFiles\flashpio.dir\D_\RPI\pico-sdk\src\rp2_common\hardware_irq\irq.c.obj
 *fill*         0x1000541b        0x1 
 .rodata.__func__.2
                0x1000541c       0x13 CMakeFiles\flashpio.dir\D_\RPI\pico-sdk\src\rp2_common\hardware_irq\irq.c.obj
 *fill*         0x1000542f        0x1 
 .rodata.__func__.3
                0x10005430        0xc CMakeFiles\flashpio.dir\D_\RPI\pico-sdk\src\rp2_common\hardware_irq\irq.c.obj
 .rodata.__func__.4
                0x1000543c        0xf CMakeFiles\flashpio.dir\D_\RPI\pico-sdk\src\rp2_common\hardware_irq\irq.c.obj
 *fill*         0x1000544b        0x1 
 .rodata.__func__.6
                0x1000544c       0x1a CMakeFiles\flashpio.dir\D_\RPI\pico-sdk\src\rp2_common\hardware_irq\irq.c.obj
 *fill*         0x10005466        0x2 
 .rodata._ftoa.str1.4
                0x10005468       0x15 CMakeFiles\flashpio.dir\D_\RPI\pico-sdk\src\rp2_common\pico_printf\printf.c.obj
 *fill*         0x1000547d        0x3 
 .rodata._vsnprintf
                0x10005480      0x1e0 CMakeFiles\flashpio.dir\D_\RPI\pico-sdk\src\rp2_common\pico_printf\printf.c.obj
 .rodata.pow10.0
                0x10005660       0x50 CMakeFiles\flashpio.dir\D_\RPI\pico-sdk\src\rp2_common\pico_printf\printf.c.obj
 .rodata.__aeabi_double_init.str1.4
                0x100056b0       0x9d CMakeFiles\flashpio.dir\D_\RPI\pico-sdk\src\rp2_common\pico_double\double_init_rom.c.obj
 *fill*         0x1000574d        0x3 
 .rodata.__func__.0
                0x10005750       0x14 CMakeFiles\flashpio.dir\D_\RPI\pico-sdk\src\rp2_common\pico_double\double_init_rom.c.obj
 .rodata.__aeabi_float_init.str1.4
                0x10005764       0x6f CMakeFiles\flashpio.dir\D_\RPI\pico-sdk\src\rp2_common\pico_float\float_init_rom.c.obj
                                 0x73 (size before relaxing)
 *fill*         0x100057d3        0x1 
 .rodata.__func__.0
                0x100057d4       0x13 CMakeFiles\flashpio.dir\D_\RPI\pico-sdk\src\rp2_common\pico_float\float_init_rom.c.obj
 *fill*         0x100057e7        0x1 
 .rodata.str1.4
                0x100057e8       0x30 CMakeFiles\flashpio.dir\D_\RPI\pico-sdk\src\rp2_common\pico_standard_link\binary_info.c.obj
 .rodata.__bi_40
                0x10005818        0xc CMakeFiles\flashpio.dir\D_\RPI\pico-sdk\src\rp2_common\pico_standard_link\binary_info.c.obj
 .rodata.__bi_71
                0x10005824        0xc CMakeFiles\flashpio.dir\D_\RPI\pico-sdk\src\rp2_common\pico_standard_link\binary_info.c.obj
 .rodata.crlf_str.1
                0x10005830        0x2 CMakeFiles\flashpio.dir\D_\RPI\pico-sdk\src\rp2_common\pico_stdio\stdio.c.obj
 *fill*         0x10005832        0x2 
 .rodata._pio_can_add_program_at_offset.str1.4
                0x10005834       0xa3 CMakeFiles\flashpio.dir\D_\RPI\pico-sdk\src\rp2_common\hardware_pio\pio.c.obj
                                 0xe7 (size before relaxing)
 *fill*         0x100058d7        0x1 
 .rodata._pio_find_offset_for_program.str1.4
                0x100058d8       0x28 CMakeFiles\flashpio.dir\D_\RPI\pico-sdk\src\rp2_common\hardware_pio\pio.c.obj
 .rodata._pio_add_program_at_offset.str1.4
                0x10005900       0x11 CMakeFiles\flashpio.dir\D_\RPI\pico-sdk\src\rp2_common\hardware_pio\pio.c.obj
 *fill*         0x10005911        0x3 
 .rodata.pio_claim_unused_sm.str1.4
                0x10005914       0x24 CMakeFiles\flashpio.dir\D_\RPI\pico-sdk\src\rp2_common\hardware_pio\pio.c.obj
 .rodata.pio_sm_set_consecutive_pindirs.str1.4
                0x10005938        0xa CMakeFiles\flashpio.dir\D_\RPI\pico-sdk\src\rp2_common\hardware_pio\pio.c.obj
 *fill*         0x10005942        0x2 
 .rodata.__func__.1
                0x10005944       0x1f CMakeFiles\flashpio.dir\D_\RPI\pico-sdk\src\rp2_common\hardware_pio\pio.c.obj
 *fill*         0x10005963        0x1 
 .rodata.__func__.3
                0x10005964       0x1f CMakeFiles\flashpio.dir\D_\RPI\pico-sdk\src\rp2_common\hardware_pio\pio.c.obj
 *fill*         0x10005983        0x1 
 .rodata.__func__.4
                0x10005984       0x1d CMakeFiles\flashpio.dir\D_\RPI\pico-sdk\src\rp2_common\hardware_pio\pio.c.obj
 *fill*         0x100059a1        0x3 
 .rodata.__func__.6
                0x100059a4        0xe CMakeFiles\flashpio.dir\D_\RPI\pico-sdk\src\rp2_common\hardware_pio\pio.c.obj
                0x100059b4                . = ALIGN (0x4)
 *fill*         0x100059b2        0x2 
 *(SORT_BY_ALIGNMENT(SORT_BY_NAME(.flashdata*)))
                0x100059b4                . = ALIGN (0x4)

.rel.dyn        0x100059b4        0x0
 .rel.iplt      0x100059b4        0x0 c:/progra~2/gnuarm~1/102020~1/bin/../lib/gcc/arm-none-eabi/10.2.1/thumb/v6-m/nofp/crtbegin.o

.ARM.extab
 *(.ARM.extab* .gnu.linkonce.armextab.*)
                0x100059b4                __exidx_start = .

.ARM.exidx
 *(.ARM.exidx* .gnu.linkonce.armexidx.*)
                0x100059b4                __exidx_end = .
                0x100059b4                . = ALIGN (0x4)
                0x100059b4                __binary_info_start = .

.binary_info    0x100059b4       0x18
 *(.binary_info.keep.*)
 .binary_info.keep.__bi_ptr18
                0x100059b4        0x4 CMakeFiles\flashpio.dir\D_\RPI\pico-sdk\src\rp2_common\pico_standard_link\binary_info.c.obj
 .binary_info.keep.__bi_ptr26
                0x100059b8        0x4 CMakeFiles\flashpio.dir\D_\RPI\pico-sdk\src\rp2_common\pico_standard_link\binary_info.c.obj
 .binary_info.keep.__bi_ptr34
                0x100059bc        0x4 CMakeFiles\flashpio.dir\D_\RPI\pico-sdk\src\rp2_common\pico_standard_link\binary_info.c.obj
 .binary_info.keep.__bi_ptr40
                0x100059c0        0x4 CMakeFiles\flashpio.dir\D_\RPI\pico-sdk\src\rp2_common\pico_standard_link\binary_info.c.obj
 .binary_info.keep.__bi_ptr46
                0x100059c4        0x4 CMakeFiles\flashpio.dir\D_\RPI\pico-sdk\src\rp2_common\pico_standard_link\binary_info.c.obj
 .binary_info.keep.__bi_ptr71
                0x100059c8        0x4 CMakeFiles\flashpio.dir\D_\RPI\pico-sdk\src\rp2_common\pico_standard_link\binary_info.c.obj
 *(.binary_info.*)
                0x100059cc                __binary_info_end = .
                0x100059cc                . = ALIGN (0x4)
                0x100059cc                __etext = .

.ram_vector_table
                0x20000000       0xc0
 *(.ram_vector_table)
 .ram_vector_table
                0x20000000       0xc0 CMakeFiles\flashpio.dir\D_\RPI\pico-sdk\src\rp2_common\pico_runtime\runtime.c.obj
                0x20000000                ram_vector_table

.data           0x200000c0      0x9dc load address 0x100059cc
                0x200000c0                __data_start__ = .
 *(vtable)
 *(.time_critical*)
 .time_critical.mutex_enter_blocking
                0x200000c0       0x64 CMakeFiles\flashpio.dir\D_\RPI\pico-sdk\src\common\pico_sync\mutex.c.obj
                0x200000c0                mutex_enter_blocking
 .time_critical.mutex_try_enter
                0x20000124       0x4a CMakeFiles\flashpio.dir\D_\RPI\pico-sdk\src\common\pico_sync\mutex.c.obj
                0x20000124                mutex_try_enter
 *fill*         0x2000016e        0x2 
 .time_critical.mutex_exit
                0x20000170       0x4c CMakeFiles\flashpio.dir\D_\RPI\pico-sdk\src\common\pico_sync\mutex.c.obj
                0x20000170                mutex_exit
 *(.text*)
 .text          0x200001bc        0x4 c:/progra~2/gnuarm~1/102020~1/bin/../lib/gcc/arm-none-eabi/10.2.1/thumb/v6-m/nofp\libgcc.a(_dvmd_tls.o)
                0x200001bc                __aeabi_idiv0
                0x200001bc                __aeabi_ldiv0
 .text.__stub   0x200001c0       0x10 linker stubs
                0x200001d0                . = ALIGN (0x4)
 *(.rodata*)
                0x200001d0                . = ALIGN (0x4)
 *(.data*)
 .data.striped_spin_lock_num
                0x200001d0        0x1 CMakeFiles\flashpio.dir\D_\RPI\pico-sdk\src\rp2_common\hardware_sync\sync.c.obj
 *fill*         0x200001d1        0x3 
 .data          0x200001d4       0x48 CMakeFiles\flashpio.dir\D_\RPI\pico-sdk\src\rp2_common\hardware_irq\irq_handler_chain.S.obj
                0x200001d4                irq_handler_chain_slots
                0x20000204                irq_handler_chain_first_slot
                0x2000020e                irq_handler_chain_remove_tail
 *fill*         0x2000021c        0x4 
 .data.aeabi_bits_funcs
                0x20000220       0x10 CMakeFiles\flashpio.dir\D_\RPI\pico-sdk\src\rp2_common\pico_bit_ops\bit_ops_aeabi.S.obj
                0x20000220                aeabi_bits_funcs
                0x20000230                aeabi_bits_funcs_end
 .data.aeabi_mem_funcs
                0x20000230       0x10 CMakeFiles\flashpio.dir\D_\RPI\pico-sdk\src\rp2_common\pico_mem_ops\mem_ops_aeabi.S.obj
                0x20000230                aeabi_mem_funcs
                0x20000240                aeabi_mem_funcs_end
 .data._impure_ptr
                0x20000240        0x4 c:/progra~2/gnuarm~1/102020~1/bin/../lib/gcc/arm-none-eabi/10.2.1/../../../../arm-none-eabi/lib/thumb/v6-m/nofp\libg.a(lib_a-impure.o)
                0x20000240                _impure_ptr
 *fill*         0x20000244        0x4 
 .data.impure_data
                0x20000248      0x428 c:/progra~2/gnuarm~1/102020~1/bin/../lib/gcc/arm-none-eabi/10.2.1/../../../../arm-none-eabi/lib/thumb/v6-m/nofp\libg.a(lib_a-impure.o)
 .data.__malloc_av_
                0x20000670      0x408 c:/progra~2/gnuarm~1/102020~1/bin/../lib/gcc/arm-none-eabi/10.2.1/../../../../arm-none-eabi/lib/thumb/v6-m/nofp\libg.a(lib_a-mallocr.o)
                0x20000670                __malloc_av_
 .data.__malloc_sbrk_base
                0x20000a78        0x4 c:/progra~2/gnuarm~1/102020~1/bin/../lib/gcc/arm-none-eabi/10.2.1/../../../../arm-none-eabi/lib/thumb/v6-m/nofp\libg.a(lib_a-mallocr.o)
                0x20000a78                __malloc_sbrk_base
 .data.__malloc_trim_threshold
                0x20000a7c        0x4 c:/progra~2/gnuarm~1/102020~1/bin/../lib/gcc/arm-none-eabi/10.2.1/../../../../arm-none-eabi/lib/thumb/v6-m/nofp\libg.a(lib_a-mallocr.o)
                0x20000a7c                __malloc_trim_threshold
                0x20000a80                . = ALIGN (0x4)
 *(.after_data.*)
                0x20000a80                . = ALIGN (0x4)
                0x20000a80                PROVIDE (__mutex_array_start = .)
 *(SORT_BY_NAME(.mutex_array.*))
 *(.mutex_array)
 .mutex_array   0x20000a80        0x8 CMakeFiles\flashpio.dir\D_\RPI\pico-sdk\src\rp2_common\pico_stdio\stdio.c.obj
                0x20000a88                PROVIDE (__mutex_array_end = .)
                0x20000a88                . = ALIGN (0x4)
                0x20000a88                PROVIDE (__preinit_array_start = .)
 *(SORT_BY_NAME(.preinit_array.*))
 .preinit_array.00001
                0x20000a88        0x4 CMakeFiles\flashpio.dir\D_\RPI\pico-sdk\src\rp2_common\pico_mem_ops\mem_ops_aeabi.S.obj
 .preinit_array.00010
                0x20000a8c        0x4 CMakeFiles\flashpio.dir\D_\RPI\pico-sdk\src\rp2_common\pico_bit_ops\bit_ops_aeabi.S.obj
 .preinit_array.00020
                0x20000a90        0x4 CMakeFiles\flashpio.dir\D_\RPI\pico-sdk\src\rp2_common\pico_double\double_aeabi.S.obj
 .preinit_array.00020
                0x20000a94        0x4 CMakeFiles\flashpio.dir\D_\RPI\pico-sdk\src\rp2_common\pico_float\float_aeabi.S.obj
 *(.preinit_array)
                0x20000a98                PROVIDE (__preinit_array_end = .)
                0x20000a98                . = ALIGN (0x4)
                0x20000a98                PROVIDE (__init_array_start = .)
 *(SORT_BY_NAME(.init_array.*))
 *(.init_array)
 .init_array    0x20000a98        0x4 c:/progra~2/gnuarm~1/102020~1/bin/../lib/gcc/arm-none-eabi/10.2.1/thumb/v6-m/nofp/crtbegin.o
                0x20000a9c                PROVIDE (__init_array_end = .)
                0x20000a9c                . = ALIGN (0x4)
                [!provide]                PROVIDE (__fini_array_start = .)
 *(SORT_BY_NAME(.fini_array.*))
 *(.fini_array)
                [!provide]                PROVIDE (__fini_array_end = .)
 *(.jcr)
                0x20000a9c                . = ALIGN (0x4)
                0x20000a9c                __data_end__ = .

.igot.plt       0x20000a9c        0x0 load address 0x100063a8
 .igot.plt      0x20000a9c        0x0 c:/progra~2/gnuarm~1/102020~1/bin/../lib/gcc/arm-none-eabi/10.2.1/thumb/v6-m/nofp/crtbegin.o

.uninitialized_data
                0x20000a9c        0x0 load address 0x100063a8
                0x20000a9c                . = ALIGN (0x4)
 *(.uninitialized_data*)

.scratch_x      0x20040000        0x0 load address 0x100063a8
                0x20040000                __scratch_x_start__ = .
 *(.scratch_x.*)
                0x20040000                . = ALIGN (0x4)
                0x20040000                __scratch_x_end__ = .
                0x100063a8                __scratch_x_source__ = LOADADDR (.scratch_x)

.scratch_y      0x20041000        0x0 load address 0x100063a8
                0x20041000                __scratch_y_start__ = .
 *(.scratch_y.*)
                0x20041000                . = ALIGN (0x4)
                0x20041000                __scratch_y_end__ = .
                0x100063a8                __scratch_y_source__ = LOADADDR (.scratch_y)

.bss            0x20000a9c      0x2d0
                0x20000a9c                . = ALIGN (0x4)
                0x20000a9c                __bss_start__ = .
 *(SORT_BY_ALIGNMENT(SORT_BY_NAME(.bss*)))
 .bss           0x20000a9c       0x1c c:/progra~2/gnuarm~1/102020~1/bin/../lib/gcc/arm-none-eabi/10.2.1/thumb/v6-m/nofp/crtbegin.o
 .bss.__lock___malloc_recursive_mutex
                0x20000ab8        0x1 c:/progra~2/gnuarm~1/102020~1/bin/../lib/gcc/arm-none-eabi/10.2.1/../../../../arm-none-eabi/lib/thumb/v6-m/nofp\libg.a(lib_a-lock.o)
                0x20000ab8                __lock___malloc_recursive_mutex
 *fill*         0x20000ab9        0x3 
 .bss.__malloc_current_mallinfo
                0x20000abc       0x28 c:/progra~2/gnuarm~1/102020~1/bin/../lib/gcc/arm-none-eabi/10.2.1/../../../../arm-none-eabi/lib/thumb/v6-m/nofp\libg.a(lib_a-mallocr.o)
                0x20000abc                __malloc_current_mallinfo
 .bss.__malloc_max_sbrked_mem
                0x20000ae4        0x4 c:/progra~2/gnuarm~1/102020~1/bin/../lib/gcc/arm-none-eabi/10.2.1/../../../../arm-none-eabi/lib/thumb/v6-m/nofp\libg.a(lib_a-mallocr.o)
                0x20000ae4                __malloc_max_sbrked_mem
 .bss.__malloc_max_total_mem
                0x20000ae8        0x4 c:/progra~2/gnuarm~1/102020~1/bin/../lib/gcc/arm-none-eabi/10.2.1/../../../../arm-none-eabi/lib/thumb/v6-m/nofp\libg.a(lib_a-mallocr.o)
                0x20000ae8                __malloc_max_total_mem
 .bss.__malloc_top_pad
                0x20000aec        0x4 c:/progra~2/gnuarm~1/102020~1/bin/../lib/gcc/arm-none-eabi/10.2.1/../../../../arm-none-eabi/lib/thumb/v6-m/nofp\libg.a(lib_a-mallocr.o)
                0x20000aec                __malloc_top_pad
 .bss._used_instruction_space
                0x20000af0        0x8 CMakeFiles\flashpio.dir\D_\RPI\pico-sdk\src\rp2_common\hardware_pio\pio.c.obj
 .bss.alarm_callbacks
                0x20000af8       0x10 CMakeFiles\flashpio.dir\D_\RPI\pico-sdk\src\rp2_common\hardware_timer\timer.c.obj
 .bss.configured_freq
                0x20000b08       0x28 CMakeFiles\flashpio.dir\D_\RPI\pico-sdk\src\rp2_common\hardware_clocks\clocks.c.obj
 .bss.default_alarm_pool
                0x20000b30        0x4 CMakeFiles\flashpio.dir\D_\RPI\pico-sdk\src\common\pico_time\time.c.obj
 .bss.drivers   0x20000b34        0x4 CMakeFiles\flashpio.dir\D_\RPI\pico-sdk\src\rp2_common\pico_stdio\stdio.c.obj
 .bss.errno     0x20000b38        0x4 c:/progra~2/gnuarm~1/102020~1/bin/../lib/gcc/arm-none-eabi/10.2.1/../../../../arm-none-eabi/lib/thumb/v6-m/nofp\libg.a(lib_a-reent.o)
                0x20000b38                errno
 .bss.filter    0x20000b3c        0x4 CMakeFiles\flashpio.dir\D_\RPI\pico-sdk\src\rp2_common\pico_stdio\stdio.c.obj
 .bss.heap_end.0
                0x20000b40        0x4 CMakeFiles\flashpio.dir\D_\RPI\pico-sdk\src\rp2_common\pico_runtime\runtime.c.obj
 .bss.pools     0x20000b44       0x10 CMakeFiles\flashpio.dir\D_\RPI\pico-sdk\src\common\pico_time\time.c.obj
 .bss.sd_table  0x20000b54      0x100 CMakeFiles\flashpio.dir\D_\RPI\pico-sdk\src\rp2_common\pico_double\double_init_rom.c.obj
                0x20000b54                sd_table
 .bss.sf_clz_func
                0x20000c54        0x4 CMakeFiles\flashpio.dir\D_\RPI\pico-sdk\src\rp2_common\pico_float\float_init_rom.c.obj
                0x20000c54                sf_clz_func
 .bss.sf_table  0x20000c58      0x100 CMakeFiles\flashpio.dir\D_\RPI\pico-sdk\src\rp2_common\pico_float\float_init_rom.c.obj
                0x20000c58                sf_table
 .bss.target_hi
                0x20000d58       0x10 CMakeFiles\flashpio.dir\D_\RPI\pico-sdk\src\rp2_common\hardware_timer\timer.c.obj
 .bss.claimed   0x20000d68        0x1 CMakeFiles\flashpio.dir\D_\RPI\pico-sdk\src\rp2_common\hardware_timer\timer.c.obj
 .bss.claimed   0x20000d69        0x1 CMakeFiles\flashpio.dir\D_\RPI\pico-sdk\src\rp2_common\hardware_pio\pio.c.obj
 .bss.irq_hander_chain_free_slot_head
                0x20000d6a        0x1 CMakeFiles\flashpio.dir\D_\RPI\pico-sdk\src\rp2_common\hardware_irq\irq.c.obj
 .bss.timer_callbacks_pending
                0x20000d6b        0x1 CMakeFiles\flashpio.dir\D_\RPI\pico-sdk\src\rp2_common\hardware_timer\timer.c.obj
 *(COMMON)
                0x20000d6c                . = ALIGN (0x4)
                0x20000d6c                __bss_end__ = .

.heap           0x20000d6c      0x800
                0x20000d6c                __end__ = .
                0x20000d6c                end = __end__
 *(.heap*)
 .heap          0x20000d6c      0x800 CMakeFiles\flashpio.dir\D_\RPI\pico-sdk\src\rp2_common\pico_standard_link\crt0.S.obj
                0x2000156c                __HeapLimit = .

.stack1_dummy   0x20040000        0x0
 *(.stack1*)

.stack_dummy    0x20041000      0x800
 *(.stack*)
 .stack         0x20041000      0x800 CMakeFiles\flashpio.dir\D_\RPI\pico-sdk\src\rp2_common\pico_standard_link\crt0.S.obj

.flash_end      0x100063a8        0x0
                0x100063a8                __flash_binary_end = .
                0x20040000                __StackLimit = (ORIGIN (RAM) + LENGTH (RAM))
                0x20041000                __StackOneTop = (ORIGIN (SCRATCH_X) + LENGTH (SCRATCH_X))
                0x20042000                __StackTop = (ORIGIN (SCRATCH_Y) + LENGTH (SCRATCH_Y))
                0x20041000                __StackOneBottom = (__StackOneTop - SIZEOF (.stack1_dummy))
                0x20041800                __StackBottom = (__StackTop - SIZEOF (.stack_dummy))
                0x20042000                PROVIDE (__stack = __StackTop)
                0x00000001                ASSERT ((__StackLimit >= __HeapLimit), region RAM overflowed)
LOAD CMakeFiles\flashpio.dir\flashpio.c.obj
LOAD CMakeFiles\flashpio.dir\D_\RPI\pico-sdk\src\rp2_common\pico_stdlib\stdlib.c.obj
LOAD CMakeFiles\flashpio.dir\D_\RPI\pico-sdk\src\rp2_common\hardware_gpio\gpio.c.obj
LOAD CMakeFiles\flashpio.dir\D_\RPI\pico-sdk\src\rp2_common\hardware_claim\claim.c.obj
LOAD CMakeFiles\flashpio.dir\D_\RPI\pico-sdk\src\rp2_common\hardware_sync\sync.c.obj
LOAD CMakeFiles\flashpio.dir\D_\RPI\pico-sdk\src\rp2_common\pico_platform\platform.c.obj
LOAD CMakeFiles\flashpio.dir\D_\RPI\pico-sdk\src\rp2_common\hardware_uart\uart.c.obj
LOAD CMakeFiles\flashpio.dir\D_\RPI\pico-sdk\src\rp2_common\hardware_divider\divider.S.obj
LOAD CMakeFiles\flashpio.dir\D_\RPI\pico-sdk\src\common\pico_time\time.c.obj
LOAD CMakeFiles\flashpio.dir\D_\RPI\pico-sdk\src\common\pico_time\timeout_helper.c.obj
LOAD CMakeFiles\flashpio.dir\D_\RPI\pico-sdk\src\rp2_common\hardware_timer\timer.c.obj
LOAD CMakeFiles\flashpio.dir\D_\RPI\pico-sdk\src\common\pico_sync\sem.c.obj
LOAD CMakeFiles\flashpio.dir\D_\RPI\pico-sdk\src\common\pico_sync\lock_core.c.obj
LOAD CMakeFiles\flashpio.dir\D_\RPI\pico-sdk\src\common\pico_sync\mutex.c.obj
LOAD CMakeFiles\flashpio.dir\D_\RPI\pico-sdk\src\common\pico_sync\critical_section.c.obj
LOAD CMakeFiles\flashpio.dir\D_\RPI\pico-sdk\src\common\pico_util\datetime.c.obj
LOAD CMakeFiles\flashpio.dir\D_\RPI\pico-sdk\src\common\pico_util\pheap.c.obj
LOAD CMakeFiles\flashpio.dir\D_\RPI\pico-sdk\src\common\pico_util\queue.c.obj
LOAD CMakeFiles\flashpio.dir\D_\RPI\pico-sdk\src\rp2_common\pico_runtime\runtime.c.obj
LOAD CMakeFiles\flashpio.dir\D_\RPI\pico-sdk\src\rp2_common\hardware_clocks\clocks.c.obj
LOAD CMakeFiles\flashpio.dir\D_\RPI\pico-sdk\src\rp2_common\hardware_watchdog\watchdog.c.obj
LOAD CMakeFiles\flashpio.dir\D_\RPI\pico-sdk\src\rp2_common\hardware_xosc\xosc.c.obj
LOAD CMakeFiles\flashpio.dir\D_\RPI\pico-sdk\src\rp2_common\hardware_pll\pll.c.obj
LOAD CMakeFiles\flashpio.dir\D_\RPI\pico-sdk\src\rp2_common\hardware_vreg\vreg.c.obj
LOAD CMakeFiles\flashpio.dir\D_\RPI\pico-sdk\src\rp2_common\hardware_irq\irq.c.obj
LOAD CMakeFiles\flashpio.dir\D_\RPI\pico-sdk\src\rp2_common\hardware_irq\irq_handler_chain.S.obj
LOAD CMakeFiles\flashpio.dir\D_\RPI\pico-sdk\src\rp2_common\pico_printf\printf.c.obj
LOAD CMakeFiles\flashpio.dir\D_\RPI\pico-sdk\src\rp2_common\pico_bit_ops\bit_ops_aeabi.S.obj
LOAD CMakeFiles\flashpio.dir\D_\RPI\pico-sdk\src\rp2_common\pico_bootrom\bootrom.c.obj
LOAD CMakeFiles\flashpio.dir\D_\RPI\pico-sdk\src\rp2_common\pico_divider\divider.S.obj
LOAD CMakeFiles\flashpio.dir\D_\RPI\pico-sdk\src\rp2_common\pico_double\double_aeabi.S.obj
LOAD CMakeFiles\flashpio.dir\D_\RPI\pico-sdk\src\rp2_common\pico_double\double_init_rom.c.obj
LOAD CMakeFiles\flashpio.dir\D_\RPI\pico-sdk\src\rp2_common\pico_double\double_math.c.obj
LOAD CMakeFiles\flashpio.dir\D_\RPI\pico-sdk\src\rp2_common\pico_double\double_v1_rom_shim.S.obj
LOAD CMakeFiles\flashpio.dir\D_\RPI\pico-sdk\src\rp2_common\pico_int64_ops\pico_int64_ops_aeabi.S.obj
LOAD CMakeFiles\flashpio.dir\D_\RPI\pico-sdk\src\rp2_common\pico_float\float_aeabi.S.obj
LOAD CMakeFiles\flashpio.dir\D_\RPI\pico-sdk\src\rp2_common\pico_float\float_init_rom.c.obj
LOAD CMakeFiles\flashpio.dir\D_\RPI\pico-sdk\src\rp2_common\pico_float\float_math.c.obj
LOAD CMakeFiles\flashpio.dir\D_\RPI\pico-sdk\src\rp2_common\pico_float\float_v1_rom_shim.S.obj
LOAD CMakeFiles\flashpio.dir\D_\RPI\pico-sdk\src\rp2_common\pico_malloc\pico_malloc.c.obj
LOAD CMakeFiles\flashpio.dir\D_\RPI\pico-sdk\src\rp2_common\pico_mem_ops\mem_ops_aeabi.S.obj
LOAD CMakeFiles\flashpio.dir\D_\RPI\pico-sdk\src\rp2_common\pico_standard_link\crt0.S.obj
LOAD CMakeFiles\flashpio.dir\D_\RPI\pico-sdk\src\rp2_common\pico_standard_link\new_delete.cpp.obj
LOAD CMakeFiles\flashpio.dir\D_\RPI\pico-sdk\src\rp2_common\pico_standard_link\binary_info.c.obj
LOAD CMakeFiles\flashpio.dir\D_\RPI\pico-sdk\src\rp2_common\pico_stdio\stdio.c.obj
LOAD CMakeFiles\flashpio.dir\D_\RPI\pico-sdk\src\rp2_common\pico_stdio_uart\stdio_uart.c.obj
LOAD CMakeFiles\flashpio.dir\D_\RPI\pico-sdk\src\rp2_common\hardware_pio\pio.c.obj
LOAD C:\Users\Ben\AppData\Local\Temp\ccgQoBB8.o
LOAD c:/progra~2/gnuarm~1/102020~1/bin/../lib/gcc/arm-none-eabi/10.2.1/../../../../arm-none-eabi/lib/thumb/v6-m/nofp\libstdc++.a
LOAD c:/progra~2/gnuarm~1/102020~1/bin/../lib/gcc/arm-none-eabi/10.2.1/../../../../arm-none-eabi/lib/thumb/v6-m/nofp\libm.a
START GROUP
LOAD c:/progra~2/gnuarm~1/102020~1/bin/../lib/gcc/arm-none-eabi/10.2.1/thumb/v6-m/nofp\libgcc.a
LOAD c:/progra~2/gnuarm~1/102020~1/bin/../lib/gcc/arm-none-eabi/10.2.1/../../../../arm-none-eabi/lib/thumb/v6-m/nofp\libg.a
LOAD c:/progra~2/gnuarm~1/102020~1/bin/../lib/gcc/arm-none-eabi/10.2.1/../../../../arm-none-eabi/lib/thumb/v6-m/nofp\libc.a
END GROUP
START GROUP
LOAD c:/progra~2/gnuarm~1/102020~1/bin/../lib/gcc/arm-none-eabi/10.2.1/thumb/v6-m/nofp\libgcc.a
LOAD c:/progra~2/gnuarm~1/102020~1/bin/../lib/gcc/arm-none-eabi/10.2.1/../../../../arm-none-eabi/lib/thumb/v6-m/nofp\libc.a
LOAD c:/progra~2/gnuarm~1/102020~1/bin/../lib/gcc/arm-none-eabi/10.2.1/../../../../arm-none-eabi/lib/thumb/v6-m/nofp\libnosys.a
END GROUP
LOAD c:/progra~2/gnuarm~1/102020~1/bin/../lib/gcc/arm-none-eabi/10.2.1/thumb/v6-m/nofp/crtend.o
LOAD c:/progra~2/gnuarm~1/102020~1/bin/../lib/gcc/arm-none-eabi/10.2.1/thumb/v6-m/nofp/crtn.o
OUTPUT(flashpio.elf elf32-littlearm)
LOAD linker stubs

.ARM.attributes
                0x00000000       0x28
 .ARM.attributes
                0x00000000       0x1e c:/progra~2/gnuarm~1/102020~1/bin/../lib/gcc/arm-none-eabi/10.2.1/thumb/v6-m/nofp/crti.o
 .ARM.attributes
                0x0000001e       0x2c c:/progra~2/gnuarm~1/102020~1/bin/../lib/gcc/arm-none-eabi/10.2.1/thumb/v6-m/nofp/crtbegin.o
 .ARM.attributes
                0x0000004a       0x2b CMakeFiles\flashpio.dir\flashpio.c.obj
 .ARM.attributes
                0x00000075       0x2b CMakeFiles\flashpio.dir\D_\RPI\pico-sdk\src\rp2_common\hardware_gpio\gpio.c.obj
 .ARM.attributes
                0x000000a0       0x2b CMakeFiles\flashpio.dir\D_\RPI\pico-sdk\src\rp2_common\hardware_claim\claim.c.obj
 .ARM.attributes
                0x000000cb       0x2b CMakeFiles\flashpio.dir\D_\RPI\pico-sdk\src\rp2_common\hardware_sync\sync.c.obj
 .ARM.attributes
                0x000000f6       0x2b CMakeFiles\flashpio.dir\D_\RPI\pico-sdk\src\rp2_common\pico_platform\platform.c.obj
 .ARM.attributes
                0x00000121       0x2b CMakeFiles\flashpio.dir\D_\RPI\pico-sdk\src\common\pico_time\time.c.obj
 .ARM.attributes
                0x0000014c       0x2b CMakeFiles\flashpio.dir\D_\RPI\pico-sdk\src\rp2_common\hardware_timer\timer.c.obj
 .ARM.attributes
                0x00000177       0x2b CMakeFiles\flashpio.dir\D_\RPI\pico-sdk\src\common\pico_sync\lock_core.c.obj
 .ARM.attributes
                0x000001a2       0x2b CMakeFiles\flashpio.dir\D_\RPI\pico-sdk\src\common\pico_sync\mutex.c.obj
 .ARM.attributes
                0x000001cd       0x2b CMakeFiles\flashpio.dir\D_\RPI\pico-sdk\src\common\pico_util\pheap.c.obj
 .ARM.attributes
                0x000001f8       0x2b CMakeFiles\flashpio.dir\D_\RPI\pico-sdk\src\rp2_common\pico_runtime\runtime.c.obj
 .ARM.attributes
                0x00000223       0x2b CMakeFiles\flashpio.dir\D_\RPI\pico-sdk\src\rp2_common\hardware_clocks\clocks.c.obj
 .ARM.attributes
                0x0000024e       0x2b CMakeFiles\flashpio.dir\D_\RPI\pico-sdk\src\rp2_common\hardware_watchdog\watchdog.c.obj
 .ARM.attributes
                0x00000279       0x2b CMakeFiles\flashpio.dir\D_\RPI\pico-sdk\src\rp2_common\hardware_xosc\xosc.c.obj
 .ARM.attributes
                0x000002a4       0x2b CMakeFiles\flashpio.dir\D_\RPI\pico-sdk\src\rp2_common\hardware_pll\pll.c.obj
 .ARM.attributes
                0x000002cf       0x2b CMakeFiles\flashpio.dir\D_\RPI\pico-sdk\src\rp2_common\hardware_irq\irq.c.obj
 .ARM.attributes
                0x000002fa       0x22 CMakeFiles\flashpio.dir\D_\RPI\pico-sdk\src\rp2_common\hardware_irq\irq_handler_chain.S.obj
 .ARM.attributes
                0x0000031c       0x2b CMakeFiles\flashpio.dir\D_\RPI\pico-sdk\src\rp2_common\pico_printf\printf.c.obj
 .ARM.attributes
                0x00000347       0x22 CMakeFiles\flashpio.dir\D_\RPI\pico-sdk\src\rp2_common\pico_bit_ops\bit_ops_aeabi.S.obj
 .ARM.attributes
                0x00000369       0x2b CMakeFiles\flashpio.dir\D_\RPI\pico-sdk\src\rp2_common\pico_bootrom\bootrom.c.obj
 .ARM.attributes
                0x00000394       0x22 CMakeFiles\flashpio.dir\D_\RPI\pico-sdk\src\rp2_common\pico_divider\divider.S.obj
 .ARM.attributes
                0x000003b6       0x22 CMakeFiles\flashpio.dir\D_\RPI\pico-sdk\src\rp2_common\pico_double\double_aeabi.S.obj
 .ARM.attributes
                0x000003d8       0x2b CMakeFiles\flashpio.dir\D_\RPI\pico-sdk\src\rp2_common\pico_double\double_init_rom.c.obj
 .ARM.attributes
                0x00000403       0x22 CMakeFiles\flashpio.dir\D_\RPI\pico-sdk\src\rp2_common\pico_double\double_v1_rom_shim.S.obj
 .ARM.attributes
                0x00000425       0x22 CMakeFiles\flashpio.dir\D_\RPI\pico-sdk\src\rp2_common\pico_float\float_aeabi.S.obj
 .ARM.attributes
                0x00000447       0x2b CMakeFiles\flashpio.dir\D_\RPI\pico-sdk\src\rp2_common\pico_float\float_init_rom.c.obj
 .ARM.attributes
                0x00000472       0x22 CMakeFiles\flashpio.dir\D_\RPI\pico-sdk\src\rp2_common\pico_float\float_v1_rom_shim.S.obj
 .ARM.attributes
                0x00000494       0x2b CMakeFiles\flashpio.dir\D_\RPI\pico-sdk\src\rp2_common\pico_malloc\pico_malloc.c.obj
 .ARM.attributes
                0x000004bf       0x22 CMakeFiles\flashpio.dir\D_\RPI\pico-sdk\src\rp2_common\pico_mem_ops\mem_ops_aeabi.S.obj
 .ARM.attributes
                0x000004e1       0x22 CMakeFiles\flashpio.dir\D_\RPI\pico-sdk\src\rp2_common\pico_standard_link\crt0.S.obj
 .ARM.attributes
                0x00000503       0x32 CMakeFiles\flashpio.dir\D_\RPI\pico-sdk\src\rp2_common\pico_standard_link\binary_info.c.obj
 .ARM.attributes
                0x00000535       0x2b CMakeFiles\flashpio.dir\D_\RPI\pico-sdk\src\rp2_common\pico_stdio\stdio.c.obj
 .ARM.attributes
                0x00000560       0x2b CMakeFiles\flashpio.dir\D_\RPI\pico-sdk\src\rp2_common\hardware_pio\pio.c.obj
 .ARM.attributes
                0x0000058b       0x1b C:\Users\Ben\AppData\Local\Temp\ccgQoBB8.o
 .ARM.attributes
                0x000005a6       0x1e c:/progra~2/gnuarm~1/102020~1/bin/../lib/gcc/arm-none-eabi/10.2.1/thumb/v6-m/nofp\libgcc.a(_dvmd_tls.o)
 .ARM.attributes
                0x000005c4       0x2c c:/progra~2/gnuarm~1/102020~1/bin/../lib/gcc/arm-none-eabi/10.2.1/../../../../arm-none-eabi/lib/thumb/v6-m/nofp\libg.a(lib_a-calloc.o)
 .ARM.attributes
                0x000005f0       0x2c c:/progra~2/gnuarm~1/102020~1/bin/../lib/gcc/arm-none-eabi/10.2.1/../../../../arm-none-eabi/lib/thumb/v6-m/nofp\libg.a(lib_a-callocr.o)
 .ARM.attributes
                0x0000061c       0x2c c:/progra~2/gnuarm~1/102020~1/bin/../lib/gcc/arm-none-eabi/10.2.1/../../../../arm-none-eabi/lib/thumb/v6-m/nofp\libg.a(lib_a-impure.o)
 .ARM.attributes
                0x00000648       0x2c c:/progra~2/gnuarm~1/102020~1/bin/../lib/gcc/arm-none-eabi/10.2.1/../../../../arm-none-eabi/lib/thumb/v6-m/nofp\libg.a(lib_a-malloc.o)
 .ARM.attributes
                0x00000674       0x2c c:/progra~2/gnuarm~1/102020~1/bin/../lib/gcc/arm-none-eabi/10.2.1/../../../../arm-none-eabi/lib/thumb/v6-m/nofp\libg.a(lib_a-mallocr.o)
 .ARM.attributes
                0x000006a0       0x2c c:/progra~2/gnuarm~1/102020~1/bin/../lib/gcc/arm-none-eabi/10.2.1/../../../../arm-none-eabi/lib/thumb/v6-m/nofp\libg.a(lib_a-mlock.o)
 .ARM.attributes
                0x000006cc       0x2c c:/progra~2/gnuarm~1/102020~1/bin/../lib/gcc/arm-none-eabi/10.2.1/../../../../arm-none-eabi/lib/thumb/v6-m/nofp\libg.a(lib_a-sbrkr.o)
 .ARM.attributes
                0x000006f8       0x2c c:/progra~2/gnuarm~1/102020~1/bin/../lib/gcc/arm-none-eabi/10.2.1/../../../../arm-none-eabi/lib/thumb/v6-m/nofp\libg.a(lib_a-strlen-stub.o)
 .ARM.attributes
                0x00000724       0x2c c:/progra~2/gnuarm~1/102020~1/bin/../lib/gcc/arm-none-eabi/10.2.1/../../../../arm-none-eabi/lib/thumb/v6-m/nofp\libg.a(lib_a-freer.o)
 .ARM.attributes
                0x00000750       0x2c c:/progra~2/gnuarm~1/102020~1/bin/../lib/gcc/arm-none-eabi/10.2.1/../../../../arm-none-eabi/lib/thumb/v6-m/nofp\libg.a(lib_a-lock.o)
 .ARM.attributes
                0x0000077c       0x2c c:/progra~2/gnuarm~1/102020~1/bin/../lib/gcc/arm-none-eabi/10.2.1/../../../../arm-none-eabi/lib/thumb/v6-m/nofp\libg.a(lib_a-reent.o)

.comment        0x00000000       0x4d
 .comment       0x00000000       0x4d CMakeFiles\flashpio.dir\flashpio.c.obj
                                 0x4e (size before relaxing)
 .comment       0x0000004d       0x4e CMakeFiles\flashpio.dir\D_\RPI\pico-sdk\src\rp2_common\hardware_gpio\gpio.c.obj
 .comment       0x0000004d       0x4e CMakeFiles\flashpio.dir\D_\RPI\pico-sdk\src\rp2_common\hardware_claim\claim.c.obj
 .comment       0x0000004d       0x4e CMakeFiles\flashpio.dir\D_\RPI\pico-sdk\src\rp2_common\hardware_sync\sync.c.obj
 .comment       0x0000004d       0x4e CMakeFiles\flashpio.dir\D_\RPI\pico-sdk\src\rp2_common\pico_platform\platform.c.obj
 .comment       0x0000004d       0x4e CMakeFiles\flashpio.dir\D_\RPI\pico-sdk\src\common\pico_time\time.c.obj
 .comment       0x0000004d       0x4e CMakeFiles\flashpio.dir\D_\RPI\pico-sdk\src\rp2_common\hardware_timer\timer.c.obj
 .comment       0x0000004d       0x4e CMakeFiles\flashpio.dir\D_\RPI\pico-sdk\src\common\pico_sync\lock_core.c.obj
 .comment       0x0000004d       0x4e CMakeFiles\flashpio.dir\D_\RPI\pico-sdk\src\common\pico_sync\mutex.c.obj
 .comment       0x0000004d       0x4e CMakeFiles\flashpio.dir\D_\RPI\pico-sdk\src\common\pico_util\pheap.c.obj
 .comment       0x0000004d       0x4e CMakeFiles\flashpio.dir\D_\RPI\pico-sdk\src\rp2_common\pico_runtime\runtime.c.obj
 .comment       0x0000004d       0x4e CMakeFiles\flashpio.dir\D_\RPI\pico-sdk\src\rp2_common\hardware_clocks\clocks.c.obj
 .comment       0x0000004d       0x4e CMakeFiles\flashpio.dir\D_\RPI\pico-sdk\src\rp2_common\hardware_watchdog\watchdog.c.obj
 .comment       0x0000004d       0x4e CMakeFiles\flashpio.dir\D_\RPI\pico-sdk\src\rp2_common\hardware_xosc\xosc.c.obj
 .comment       0x0000004d       0x4e CMakeFiles\flashpio.dir\D_\RPI\pico-sdk\src\rp2_common\hardware_pll\pll.c.obj
 .comment       0x0000004d       0x4e CMakeFiles\flashpio.dir\D_\RPI\pico-sdk\src\rp2_common\hardware_irq\irq.c.obj
 .comment       0x0000004d       0x4e CMakeFiles\flashpio.dir\D_\RPI\pico-sdk\src\rp2_common\pico_printf\printf.c.obj
 .comment       0x0000004d       0x4e CMakeFiles\flashpio.dir\D_\RPI\pico-sdk\src\rp2_common\pico_bootrom\bootrom.c.obj
 .comment       0x0000004d       0x4e CMakeFiles\flashpio.dir\D_\RPI\pico-sdk\src\rp2_common\pico_double\double_init_rom.c.obj
 .comment       0x0000004d       0x4e CMakeFiles\flashpio.dir\D_\RPI\pico-sdk\src\rp2_common\pico_float\float_init_rom.c.obj
 .comment       0x0000004d       0x4e CMakeFiles\flashpio.dir\D_\RPI\pico-sdk\src\rp2_common\pico_malloc\pico_malloc.c.obj
 .comment       0x0000004d       0x4e CMakeFiles\flashpio.dir\D_\RPI\pico-sdk\src\rp2_common\pico_standard_link\binary_info.c.obj
 .comment       0x0000004d       0x4e CMakeFiles\flashpio.dir\D_\RPI\pico-sdk\src\rp2_common\pico_stdio\stdio.c.obj
 .comment       0x0000004d       0x4e CMakeFiles\flashpio.dir\D_\RPI\pico-sdk\src\rp2_common\hardware_pio\pio.c.obj

.debug_info     0x00000000    0x12a3d
 .debug_info    0x00000000      0xeae CMakeFiles\flashpio.dir\flashpio.c.obj
 .debug_info    0x00000eae     0x1141 CMakeFiles\flashpio.dir\D_\RPI\pico-sdk\src\rp2_common\hardware_gpio\gpio.c.obj
 .debug_info    0x00001fef      0x620 CMakeFiles\flashpio.dir\D_\RPI\pico-sdk\src\rp2_common\hardware_claim\claim.c.obj
 .debug_info    0x0000260f      0x4a5 CMakeFiles\flashpio.dir\D_\RPI\pico-sdk\src\rp2_common\hardware_sync\sync.c.obj
 .debug_info    0x00002ab4      0x1d5 CMakeFiles\flashpio.dir\D_\RPI\pico-sdk\src\rp2_common\pico_platform\platform.c.obj
 .debug_info    0x00002c89     0x36f2 CMakeFiles\flashpio.dir\D_\RPI\pico-sdk\src\common\pico_time\time.c.obj
 .debug_info    0x0000637b      0xf9d CMakeFiles\flashpio.dir\D_\RPI\pico-sdk\src\rp2_common\hardware_timer\timer.c.obj
 .debug_info    0x00007318      0x1c5 CMakeFiles\flashpio.dir\D_\RPI\pico-sdk\src\common\pico_sync\lock_core.c.obj
 .debug_info    0x000074dd      0xd59 CMakeFiles\flashpio.dir\D_\RPI\pico-sdk\src\common\pico_sync\mutex.c.obj
 .debug_info    0x00008236     0x1164 CMakeFiles\flashpio.dir\D_\RPI\pico-sdk\src\common\pico_util\pheap.c.obj
 .debug_info    0x0000939a      0x993 CMakeFiles\flashpio.dir\D_\RPI\pico-sdk\src\rp2_common\pico_runtime\runtime.c.obj
 .debug_info    0x00009d2d     0x1068 CMakeFiles\flashpio.dir\D_\RPI\pico-sdk\src\rp2_common\hardware_clocks\clocks.c.obj
 .debug_info    0x0000ad95      0x49c CMakeFiles\flashpio.dir\D_\RPI\pico-sdk\src\rp2_common\hardware_watchdog\watchdog.c.obj
 .debug_info    0x0000b231      0x214 CMakeFiles\flashpio.dir\D_\RPI\pico-sdk\src\rp2_common\hardware_xosc\xosc.c.obj
 .debug_info    0x0000b445      0x3c1 CMakeFiles\flashpio.dir\D_\RPI\pico-sdk\src\rp2_common\hardware_pll\pll.c.obj
 .debug_info    0x0000b806     0x1807 CMakeFiles\flashpio.dir\D_\RPI\pico-sdk\src\rp2_common\hardware_irq\irq.c.obj
 .debug_info    0x0000d00d       0x26 CMakeFiles\flashpio.dir\D_\RPI\pico-sdk\src\rp2_common\hardware_irq\irq_handler_chain.S.obj
 .debug_info    0x0000d033     0x1a32 CMakeFiles\flashpio.dir\D_\RPI\pico-sdk\src\rp2_common\pico_printf\printf.c.obj
 .debug_info    0x0000ea65       0x22 CMakeFiles\flashpio.dir\D_\RPI\pico-sdk\src\rp2_common\pico_bit_ops\bit_ops_aeabi.S.obj
 .debug_info    0x0000ea87      0x231 CMakeFiles\flashpio.dir\D_\RPI\pico-sdk\src\rp2_common\pico_bootrom\bootrom.c.obj
 .debug_info    0x0000ecb8       0x22 CMakeFiles\flashpio.dir\D_\RPI\pico-sdk\src\rp2_common\pico_divider\divider.S.obj
 .debug_info    0x0000ecda       0x22 CMakeFiles\flashpio.dir\D_\RPI\pico-sdk\src\rp2_common\pico_double\double_aeabi.S.obj
 .debug_info    0x0000ecfc      0x2a0 CMakeFiles\flashpio.dir\D_\RPI\pico-sdk\src\rp2_common\pico_double\double_init_rom.c.obj
 .debug_info    0x0000ef9c       0x22 CMakeFiles\flashpio.dir\D_\RPI\pico-sdk\src\rp2_common\pico_double\double_v1_rom_shim.S.obj
 .debug_info    0x0000efbe       0x22 CMakeFiles\flashpio.dir\D_\RPI\pico-sdk\src\rp2_common\pico_float\float_aeabi.S.obj
 .debug_info    0x0000efe0      0x2ef CMakeFiles\flashpio.dir\D_\RPI\pico-sdk\src\rp2_common\pico_float\float_init_rom.c.obj
 .debug_info    0x0000f2cf       0x22 CMakeFiles\flashpio.dir\D_\RPI\pico-sdk\src\rp2_common\pico_float\float_v1_rom_shim.S.obj
 .debug_info    0x0000f2f1      0x1e7 CMakeFiles\flashpio.dir\D_\RPI\pico-sdk\src\rp2_common\pico_malloc\pico_malloc.c.obj
 .debug_info    0x0000f4d8       0x22 CMakeFiles\flashpio.dir\D_\RPI\pico-sdk\src\rp2_common\pico_mem_ops\mem_ops_aeabi.S.obj
 .debug_info    0x0000f4fa       0x22 CMakeFiles\flashpio.dir\D_\RPI\pico-sdk\src\rp2_common\pico_standard_link\crt0.S.obj
 .debug_info    0x0000f51c      0x2c5 CMakeFiles\flashpio.dir\D_\RPI\pico-sdk\src\rp2_common\pico_standard_link\binary_info.c.obj
 .debug_info    0x0000f7e1     0x1071 CMakeFiles\flashpio.dir\D_\RPI\pico-sdk\src\rp2_common\pico_stdio\stdio.c.obj
 .debug_info    0x00010852     0x21eb CMakeFiles\flashpio.dir\D_\RPI\pico-sdk\src\rp2_common\hardware_pio\pio.c.obj

.debug_abbrev   0x00000000     0x3e8f
 .debug_abbrev  0x00000000      0x389 CMakeFiles\flashpio.dir\flashpio.c.obj
 .debug_abbrev  0x00000389      0x309 CMakeFiles\flashpio.dir\D_\RPI\pico-sdk\src\rp2_common\hardware_gpio\gpio.c.obj
 .debug_abbrev  0x00000692      0x276 CMakeFiles\flashpio.dir\D_\RPI\pico-sdk\src\rp2_common\hardware_claim\claim.c.obj
 .debug_abbrev  0x00000908      0x212 CMakeFiles\flashpio.dir\D_\RPI\pico-sdk\src\rp2_common\hardware_sync\sync.c.obj
 .debug_abbrev  0x00000b1a       0xe7 CMakeFiles\flashpio.dir\D_\RPI\pico-sdk\src\rp2_common\pico_platform\platform.c.obj
 .debug_abbrev  0x00000c01      0x589 CMakeFiles\flashpio.dir\D_\RPI\pico-sdk\src\common\pico_time\time.c.obj
 .debug_abbrev  0x0000118a      0x34c CMakeFiles\flashpio.dir\D_\RPI\pico-sdk\src\rp2_common\hardware_timer\timer.c.obj
 .debug_abbrev  0x000014d6      0x133 CMakeFiles\flashpio.dir\D_\RPI\pico-sdk\src\common\pico_sync\lock_core.c.obj
 .debug_abbrev  0x00001609      0x32b CMakeFiles\flashpio.dir\D_\RPI\pico-sdk\src\common\pico_sync\mutex.c.obj
 .debug_abbrev  0x00001934      0x297 CMakeFiles\flashpio.dir\D_\RPI\pico-sdk\src\common\pico_util\pheap.c.obj
 .debug_abbrev  0x00001bcb      0x348 CMakeFiles\flashpio.dir\D_\RPI\pico-sdk\src\rp2_common\pico_runtime\runtime.c.obj
 .debug_abbrev  0x00001f13      0x386 CMakeFiles\flashpio.dir\D_\RPI\pico-sdk\src\rp2_common\hardware_clocks\clocks.c.obj
 .debug_abbrev  0x00002299      0x1b1 CMakeFiles\flashpio.dir\D_\RPI\pico-sdk\src\rp2_common\hardware_watchdog\watchdog.c.obj
 .debug_abbrev  0x0000244a      0x12c CMakeFiles\flashpio.dir\D_\RPI\pico-sdk\src\rp2_common\hardware_xosc\xosc.c.obj
 .debug_abbrev  0x00002576      0x1bc CMakeFiles\flashpio.dir\D_\RPI\pico-sdk\src\rp2_common\hardware_pll\pll.c.obj
 .debug_abbrev  0x00002732      0x494 CMakeFiles\flashpio.dir\D_\RPI\pico-sdk\src\rp2_common\hardware_irq\irq.c.obj
 .debug_abbrev  0x00002bc6       0x14 CMakeFiles\flashpio.dir\D_\RPI\pico-sdk\src\rp2_common\hardware_irq\irq_handler_chain.S.obj
 .debug_abbrev  0x00002bda      0x384 CMakeFiles\flashpio.dir\D_\RPI\pico-sdk\src\rp2_common\pico_printf\printf.c.obj
 .debug_abbrev  0x00002f5e       0x12 CMakeFiles\flashpio.dir\D_\RPI\pico-sdk\src\rp2_common\pico_bit_ops\bit_ops_aeabi.S.obj
 .debug_abbrev  0x00002f70       0xf8 CMakeFiles\flashpio.dir\D_\RPI\pico-sdk\src\rp2_common\pico_bootrom\bootrom.c.obj
 .debug_abbrev  0x00003068       0x12 CMakeFiles\flashpio.dir\D_\RPI\pico-sdk\src\rp2_common\pico_divider\divider.S.obj
 .debug_abbrev  0x0000307a       0x12 CMakeFiles\flashpio.dir\D_\RPI\pico-sdk\src\rp2_common\pico_double\double_aeabi.S.obj
 .debug_abbrev  0x0000308c      0x162 CMakeFiles\flashpio.dir\D_\RPI\pico-sdk\src\rp2_common\pico_double\double_init_rom.c.obj
 .debug_abbrev  0x000031ee       0x12 CMakeFiles\flashpio.dir\D_\RPI\pico-sdk\src\rp2_common\pico_double\double_v1_rom_shim.S.obj
 .debug_abbrev  0x00003200       0x12 CMakeFiles\flashpio.dir\D_\RPI\pico-sdk\src\rp2_common\pico_float\float_aeabi.S.obj
 .debug_abbrev  0x00003212      0x17a CMakeFiles\flashpio.dir\D_\RPI\pico-sdk\src\rp2_common\pico_float\float_init_rom.c.obj
 .debug_abbrev  0x0000338c       0x12 CMakeFiles\flashpio.dir\D_\RPI\pico-sdk\src\rp2_common\pico_float\float_v1_rom_shim.S.obj
 .debug_abbrev  0x0000339e      0x111 CMakeFiles\flashpio.dir\D_\RPI\pico-sdk\src\rp2_common\pico_malloc\pico_malloc.c.obj
 .debug_abbrev  0x000034af       0x12 CMakeFiles\flashpio.dir\D_\RPI\pico-sdk\src\rp2_common\pico_mem_ops\mem_ops_aeabi.S.obj
 .debug_abbrev  0x000034c1       0x12 CMakeFiles\flashpio.dir\D_\RPI\pico-sdk\src\rp2_common\pico_standard_link\crt0.S.obj
 .debug_abbrev  0x000034d3       0xad CMakeFiles\flashpio.dir\D_\RPI\pico-sdk\src\rp2_common\pico_standard_link\binary_info.c.obj
 .debug_abbrev  0x00003580      0x4f4 CMakeFiles\flashpio.dir\D_\RPI\pico-sdk\src\rp2_common\pico_stdio\stdio.c.obj
 .debug_abbrev  0x00003a74      0x41b CMakeFiles\flashpio.dir\D_\RPI\pico-sdk\src\rp2_common\hardware_pio\pio.c.obj

.debug_loc      0x00000000     0xd2dc
 .debug_loc     0x00000000      0x58b CMakeFiles\flashpio.dir\flashpio.c.obj
 .debug_loc     0x0000058b      0xafe CMakeFiles\flashpio.dir\D_\RPI\pico-sdk\src\rp2_common\hardware_gpio\gpio.c.obj
 .debug_loc     0x00001089      0x457 CMakeFiles\flashpio.dir\D_\RPI\pico-sdk\src\rp2_common\hardware_claim\claim.c.obj
 .debug_loc     0x000014e0      0x1d7 CMakeFiles\flashpio.dir\D_\RPI\pico-sdk\src\rp2_common\hardware_sync\sync.c.obj
 .debug_loc     0x000016b7       0xe9 CMakeFiles\flashpio.dir\D_\RPI\pico-sdk\src\rp2_common\pico_platform\platform.c.obj
 .debug_loc     0x000017a0     0x2a3f CMakeFiles\flashpio.dir\D_\RPI\pico-sdk\src\common\pico_time\time.c.obj
 .debug_loc     0x000041df      0x831 CMakeFiles\flashpio.dir\D_\RPI\pico-sdk\src\rp2_common\hardware_timer\timer.c.obj
 .debug_loc     0x00004a10       0xa2 CMakeFiles\flashpio.dir\D_\RPI\pico-sdk\src\common\pico_sync\lock_core.c.obj
 .debug_loc     0x00004ab2      0x61a CMakeFiles\flashpio.dir\D_\RPI\pico-sdk\src\common\pico_sync\mutex.c.obj
 .debug_loc     0x000050cc     0x13a5 CMakeFiles\flashpio.dir\D_\RPI\pico-sdk\src\common\pico_util\pheap.c.obj
 .debug_loc     0x00006471      0x3d7 CMakeFiles\flashpio.dir\D_\RPI\pico-sdk\src\rp2_common\pico_runtime\runtime.c.obj
 .debug_loc     0x00006848      0x890 CMakeFiles\flashpio.dir\D_\RPI\pico-sdk\src\rp2_common\hardware_clocks\clocks.c.obj
 .debug_loc     0x000070d8      0x267 CMakeFiles\flashpio.dir\D_\RPI\pico-sdk\src\rp2_common\hardware_watchdog\watchdog.c.obj
 .debug_loc     0x0000733f       0x71 CMakeFiles\flashpio.dir\D_\RPI\pico-sdk\src\rp2_common\hardware_xosc\xosc.c.obj
 .debug_loc     0x000073b0      0x278 CMakeFiles\flashpio.dir\D_\RPI\pico-sdk\src\rp2_common\hardware_pll\pll.c.obj
 .debug_loc     0x00007628     0x1240 CMakeFiles\flashpio.dir\D_\RPI\pico-sdk\src\rp2_common\hardware_irq\irq.c.obj
 .debug_loc     0x00008868     0x203e CMakeFiles\flashpio.dir\D_\RPI\pico-sdk\src\rp2_common\pico_printf\printf.c.obj
 .debug_loc     0x0000a8a6      0x16f CMakeFiles\flashpio.dir\D_\RPI\pico-sdk\src\rp2_common\pico_bootrom\bootrom.c.obj
 .debug_loc     0x0000aa15       0x59 CMakeFiles\flashpio.dir\D_\RPI\pico-sdk\src\rp2_common\pico_double\double_init_rom.c.obj
 .debug_loc     0x0000aa6e       0x73 CMakeFiles\flashpio.dir\D_\RPI\pico-sdk\src\rp2_common\pico_float\float_init_rom.c.obj
 .debug_loc     0x0000aae1       0xbe CMakeFiles\flashpio.dir\D_\RPI\pico-sdk\src\rp2_common\pico_malloc\pico_malloc.c.obj
 .debug_loc     0x0000ab9f      0x993 CMakeFiles\flashpio.dir\D_\RPI\pico-sdk\src\rp2_common\pico_stdio\stdio.c.obj
 .debug_loc     0x0000b532     0x1daa CMakeFiles\flashpio.dir\D_\RPI\pico-sdk\src\rp2_common\hardware_pio\pio.c.obj

.debug_aranges  0x00000000      0xcf0
 .debug_aranges
                0x00000000       0x20 CMakeFiles\flashpio.dir\flashpio.c.obj
 .debug_aranges
                0x00000020       0xa0 CMakeFiles\flashpio.dir\D_\RPI\pico-sdk\src\rp2_common\hardware_gpio\gpio.c.obj
 .debug_aranges
                0x000000c0       0x48 CMakeFiles\flashpio.dir\D_\RPI\pico-sdk\src\rp2_common\hardware_claim\claim.c.obj
 .debug_aranges
                0x00000108       0x50 CMakeFiles\flashpio.dir\D_\RPI\pico-sdk\src\rp2_common\hardware_sync\sync.c.obj
 .debug_aranges
                0x00000158       0x28 CMakeFiles\flashpio.dir\D_\RPI\pico-sdk\src\rp2_common\pico_platform\platform.c.obj
 .debug_aranges
                0x00000180       0xc8 CMakeFiles\flashpio.dir\D_\RPI\pico-sdk\src\common\pico_time\time.c.obj
 .debug_aranges
                0x00000248       0x68 CMakeFiles\flashpio.dir\D_\RPI\pico-sdk\src\rp2_common\hardware_timer\timer.c.obj
 .debug_aranges
                0x000002b0       0x20 CMakeFiles\flashpio.dir\D_\RPI\pico-sdk\src\common\pico_sync\lock_core.c.obj
 .debug_aranges
                0x000002d0       0x48 CMakeFiles\flashpio.dir\D_\RPI\pico-sdk\src\common\pico_sync\mutex.c.obj
 .debug_aranges
                0x00000318       0x70 CMakeFiles\flashpio.dir\D_\RPI\pico-sdk\src\common\pico_util\pheap.c.obj
 .debug_aranges
                0x00000388       0x60 CMakeFiles\flashpio.dir\D_\RPI\pico-sdk\src\rp2_common\pico_runtime\runtime.c.obj
 .debug_aranges
                0x000003e8       0x70 CMakeFiles\flashpio.dir\D_\RPI\pico-sdk\src\rp2_common\hardware_clocks\clocks.c.obj
 .debug_aranges
                0x00000458       0x50 CMakeFiles\flashpio.dir\D_\RPI\pico-sdk\src\rp2_common\hardware_watchdog\watchdog.c.obj
 .debug_aranges
                0x000004a8       0x30 CMakeFiles\flashpio.dir\D_\RPI\pico-sdk\src\rp2_common\hardware_xosc\xosc.c.obj
 .debug_aranges
                0x000004d8       0x28 CMakeFiles\flashpio.dir\D_\RPI\pico-sdk\src\rp2_common\hardware_pll\pll.c.obj
 .debug_aranges
                0x00000500       0x90 CMakeFiles\flashpio.dir\D_\RPI\pico-sdk\src\rp2_common\hardware_irq\irq.c.obj
 .debug_aranges
                0x00000590       0x20 CMakeFiles\flashpio.dir\D_\RPI\pico-sdk\src\rp2_common\hardware_irq\irq_handler_chain.S.obj
 .debug_aranges
                0x000005b0       0x90 CMakeFiles\flashpio.dir\D_\RPI\pico-sdk\src\rp2_common\pico_printf\printf.c.obj
 .debug_aranges
                0x00000640       0x68 CMakeFiles\flashpio.dir\D_\RPI\pico-sdk\src\rp2_common\pico_bit_ops\bit_ops_aeabi.S.obj
 .debug_aranges
                0x000006a8       0x30 CMakeFiles\flashpio.dir\D_\RPI\pico-sdk\src\rp2_common\pico_bootrom\bootrom.c.obj
 .debug_aranges
                0x000006d8       0x40 CMakeFiles\flashpio.dir\D_\RPI\pico-sdk\src\rp2_common\pico_divider\divider.S.obj
 .debug_aranges
                0x00000718      0x140 CMakeFiles\flashpio.dir\D_\RPI\pico-sdk\src\rp2_common\pico_double\double_aeabi.S.obj
 .debug_aranges
                0x00000858       0x20 CMakeFiles\flashpio.dir\D_\RPI\pico-sdk\src\rp2_common\pico_double\double_init_rom.c.obj
 .debug_aranges
                0x00000878       0xc8 CMakeFiles\flashpio.dir\D_\RPI\pico-sdk\src\rp2_common\pico_double\double_v1_rom_shim.S.obj
 .debug_aranges
                0x00000940      0x130 CMakeFiles\flashpio.dir\D_\RPI\pico-sdk\src\rp2_common\pico_float\float_aeabi.S.obj
 .debug_aranges
                0x00000a70       0x20 CMakeFiles\flashpio.dir\D_\RPI\pico-sdk\src\rp2_common\pico_float\float_init_rom.c.obj
 .debug_aranges
                0x00000a90       0x50 CMakeFiles\flashpio.dir\D_\RPI\pico-sdk\src\rp2_common\pico_float\float_v1_rom_shim.S.obj
 .debug_aranges
                0x00000ae0       0x30 CMakeFiles\flashpio.dir\D_\RPI\pico-sdk\src\rp2_common\pico_malloc\pico_malloc.c.obj
 .debug_aranges
                0x00000b10       0x38 CMakeFiles\flashpio.dir\D_\RPI\pico-sdk\src\rp2_common\pico_mem_ops\mem_ops_aeabi.S.obj
 .debug_aranges
                0x00000b48       0x28 CMakeFiles\flashpio.dir\D_\RPI\pico-sdk\src\rp2_common\pico_standard_link\crt0.S.obj
 .debug_aranges
                0x00000b70       0x18 CMakeFiles\flashpio.dir\D_\RPI\pico-sdk\src\rp2_common\pico_standard_link\binary_info.c.obj
 .debug_aranges
                0x00000b88       0xb8 CMakeFiles\flashpio.dir\D_\RPI\pico-sdk\src\rp2_common\pico_stdio\stdio.c.obj
 .debug_aranges
                0x00000c40       0xb0 CMakeFiles\flashpio.dir\D_\RPI\pico-sdk\src\rp2_common\hardware_pio\pio.c.obj

.debug_ranges   0x00000000     0x23f0
 .debug_ranges  0x00000000      0x108 CMakeFiles\flashpio.dir\flashpio.c.obj
 .debug_ranges  0x00000108       0xa8 CMakeFiles\flashpio.dir\D_\RPI\pico-sdk\src\rp2_common\hardware_gpio\gpio.c.obj
 .debug_ranges  0x000001b0       0xd8 CMakeFiles\flashpio.dir\D_\RPI\pico-sdk\src\rp2_common\hardware_claim\claim.c.obj
 .debug_ranges  0x00000288       0xb8 CMakeFiles\flashpio.dir\D_\RPI\pico-sdk\src\rp2_common\hardware_sync\sync.c.obj
 .debug_ranges  0x00000340       0x18 CMakeFiles\flashpio.dir\D_\RPI\pico-sdk\src\rp2_common\pico_platform\platform.c.obj
 .debug_ranges  0x00000358      0x7e8 CMakeFiles\flashpio.dir\D_\RPI\pico-sdk\src\common\pico_time\time.c.obj
 .debug_ranges  0x00000b40      0x2f0 CMakeFiles\flashpio.dir\D_\RPI\pico-sdk\src\rp2_common\hardware_timer\timer.c.obj
 .debug_ranges  0x00000e30       0x10 CMakeFiles\flashpio.dir\D_\RPI\pico-sdk\src\common\pico_sync\lock_core.c.obj
 .debug_ranges  0x00000e40      0x338 CMakeFiles\flashpio.dir\D_\RPI\pico-sdk\src\common\pico_sync\mutex.c.obj
 .debug_ranges  0x00001178      0x240 CMakeFiles\flashpio.dir\D_\RPI\pico-sdk\src\common\pico_util\pheap.c.obj
 .debug_ranges  0x000013b8       0x68 CMakeFiles\flashpio.dir\D_\RPI\pico-sdk\src\rp2_common\pico_runtime\runtime.c.obj
 .debug_ranges  0x00001420       0x78 CMakeFiles\flashpio.dir\D_\RPI\pico-sdk\src\rp2_common\hardware_clocks\clocks.c.obj
 .debug_ranges  0x00001498       0x40 CMakeFiles\flashpio.dir\D_\RPI\pico-sdk\src\rp2_common\hardware_watchdog\watchdog.c.obj
 .debug_ranges  0x000014d8       0x20 CMakeFiles\flashpio.dir\D_\RPI\pico-sdk\src\rp2_common\hardware_xosc\xosc.c.obj
 .debug_ranges  0x000014f8       0x18 CMakeFiles\flashpio.dir\D_\RPI\pico-sdk\src\rp2_common\hardware_pll\pll.c.obj
 .debug_ranges  0x00001510      0x3b0 CMakeFiles\flashpio.dir\D_\RPI\pico-sdk\src\rp2_common\hardware_irq\irq.c.obj
 .debug_ranges  0x000018c0      0x108 CMakeFiles\flashpio.dir\D_\RPI\pico-sdk\src\rp2_common\pico_printf\printf.c.obj
 .debug_ranges  0x000019c8       0x60 CMakeFiles\flashpio.dir\D_\RPI\pico-sdk\src\rp2_common\pico_bit_ops\bit_ops_aeabi.S.obj
 .debug_ranges  0x00001a28       0x38 CMakeFiles\flashpio.dir\D_\RPI\pico-sdk\src\rp2_common\pico_bootrom\bootrom.c.obj
 .debug_ranges  0x00001a60       0x38 CMakeFiles\flashpio.dir\D_\RPI\pico-sdk\src\rp2_common\pico_divider\divider.S.obj
 .debug_ranges  0x00001a98      0x138 CMakeFiles\flashpio.dir\D_\RPI\pico-sdk\src\rp2_common\pico_double\double_aeabi.S.obj
 .debug_ranges  0x00001bd0       0x30 CMakeFiles\flashpio.dir\D_\RPI\pico-sdk\src\rp2_common\pico_double\double_init_rom.c.obj
 .debug_ranges  0x00001c00       0xc0 CMakeFiles\flashpio.dir\D_\RPI\pico-sdk\src\rp2_common\pico_double\double_v1_rom_shim.S.obj
 .debug_ranges  0x00001cc0      0x128 CMakeFiles\flashpio.dir\D_\RPI\pico-sdk\src\rp2_common\pico_float\float_aeabi.S.obj
 .debug_ranges  0x00001de8       0x28 CMakeFiles\flashpio.dir\D_\RPI\pico-sdk\src\rp2_common\pico_float\float_init_rom.c.obj
 .debug_ranges  0x00001e10       0x48 CMakeFiles\flashpio.dir\D_\RPI\pico-sdk\src\rp2_common\pico_float\float_v1_rom_shim.S.obj
 .debug_ranges  0x00001e58       0x20 CMakeFiles\flashpio.dir\D_\RPI\pico-sdk\src\rp2_common\pico_malloc\pico_malloc.c.obj
 .debug_ranges  0x00001e78       0x30 CMakeFiles\flashpio.dir\D_\RPI\pico-sdk\src\rp2_common\pico_mem_ops\mem_ops_aeabi.S.obj
 .debug_ranges  0x00001ea8       0x20 CMakeFiles\flashpio.dir\D_\RPI\pico-sdk\src\rp2_common\pico_standard_link\crt0.S.obj
 .debug_ranges  0x00001ec8      0x120 CMakeFiles\flashpio.dir\D_\RPI\pico-sdk\src\rp2_common\pico_stdio\stdio.c.obj